Component: ARM Compiler 5.06 update 6 (build 750) Tool: armlink [4d35ed]

==============================================================================

Section Cross References

    startup_stm32f103xb.o(STACK) refers (Special) to heapauxi.o(.text) for __use_two_region_memory
    startup_stm32f103xb.o(HEAP) refers (Special) to heapauxi.o(.text) for __use_two_region_memory
    startup_stm32f103xb.o(RESET) refers (Special) to heapauxi.o(.text) for __use_two_region_memory
    startup_stm32f103xb.o(RESET) refers to startup_stm32f103xb.o(STACK) for __initial_sp
    startup_stm32f103xb.o(RESET) refers to startup_stm32f103xb.o(.text) for Reset_Handler
    startup_stm32f103xb.o(RESET) refers to stm32f1xx_it.o(i.NMI_Handler) for NMI_Handler
    startup_stm32f103xb.o(RESET) refers to stm32f1xx_it.o(i.MemManage_Handler) for MemManage_Handler
    startup_stm32f103xb.o(RESET) refers to stm32f1xx_it.o(i.BusFault_Handler) for BusFault_Handler
    startup_stm32f103xb.o(RESET) refers to stm32f1xx_it.o(i.UsageFault_Handler) for UsageFault_Handler
    startup_stm32f103xb.o(RESET) refers to port.o(.emb_text) for SVC_Handler
    startup_stm32f103xb.o(RESET) refers to stm32f1xx_it.o(i.DebugMon_Handler) for DebugMon_Handler
    startup_stm32f103xb.o(RESET) refers to port.o(i.SysTick_Handler) for SysTick_Handler
    startup_stm32f103xb.o(RESET) refers to stm32f1xx_it.o(i.EXTI0_IRQHandler) for EXTI0_IRQHandler
    startup_stm32f103xb.o(RESET) refers to stm32f1xx_it.o(i.EXTI1_IRQHandler) for EXTI1_IRQHandler
    startup_stm32f103xb.o(RESET) refers to stm32f1xx_it.o(i.EXTI3_IRQHandler) for EXTI3_IRQHandler
    startup_stm32f103xb.o(RESET) refers to stm32f1xx_it.o(i.EXTI4_IRQHandler) for EXTI4_IRQHandler
    startup_stm32f103xb.o(RESET) refers to stm32f1xx_it.o(i.DMA1_Channel1_IRQHandler) for DMA1_Channel1_IRQHandler
    startup_stm32f103xb.o(RESET) refers to stm32f1xx_it.o(i.DMA1_Channel4_IRQHandler) for DMA1_Channel4_IRQHandler
    startup_stm32f103xb.o(RESET) refers to stm32f1xx_it.o(i.DMA1_Channel5_IRQHandler) for DMA1_Channel5_IRQHandler
    startup_stm32f103xb.o(RESET) refers to stm32f1xx_it.o(i.EXTI9_5_IRQHandler) for EXTI9_5_IRQHandler
    startup_stm32f103xb.o(RESET) refers to stm32f1xx_it.o(i.TIM1_UP_IRQHandler) for TIM1_UP_IRQHandler
    startup_stm32f103xb.o(RESET) refers to stm32f1xx_it.o(i.TIM3_IRQHandler) for TIM3_IRQHandler
    startup_stm32f103xb.o(RESET) refers to stm32f1xx_it.o(i.TIM4_IRQHandler) for TIM4_IRQHandler
    startup_stm32f103xb.o(RESET) refers to stm32f1xx_it.o(i.USART1_IRQHandler) for USART1_IRQHandler
    startup_stm32f103xb.o(RESET) refers to stm32f1xx_it.o(i.EXTI15_10_IRQHandler) for EXTI15_10_IRQHandler
    startup_stm32f103xb.o(.text) refers (Special) to heapauxi.o(.text) for __use_two_region_memory
    startup_stm32f103xb.o(.text) refers to system_stm32f1xx.o(i.SystemInit) for SystemInit
    startup_stm32f103xb.o(.text) refers to __main.o(!!!main) for __main
    startup_stm32f103xb.o(.text) refers to startup_stm32f103xb.o(HEAP) for Heap_Mem
    startup_stm32f103xb.o(.text) refers to startup_stm32f103xb.o(STACK) for Stack_Mem
    io_signal.o(i.DDIx_TimerOut_Check) refers to stm32f1xx_hal_gpio.o(i.HAL_GPIO_ReadPin) for HAL_GPIO_ReadPin
    io_signal.o(i.HAL_GPIO_EXTI_Callback) refers to io_uart.o(i.HAL_Suart_EXTI_Callback) for HAL_Suart_EXTI_Callback
    io_signal.o(i.HAL_GPIO_EXTI_Callback) refers to io_signal.o(.data) for .data
    io_signal.o(i.HAL_GPIO_EXTI_Callback) refers to io_uart.o(.bss) for S_Uart1
    io_signal.o(i.Io_Analog_Handle) refers to mdrtuslave.o(.data) for mdMaster
    io_signal.o(i.Io_Digital_Handle) refers to mdrtuslave.o(.data) for mdMaster
    io_signal.o(.data) refers to io_signal.o(.data) for DDIx_Group
    io_uart.o(i.Get_BaudTable) refers to fflt_clz.o(x$fpl$ffltu) for __aeabi_ui2f
    io_uart.o(i.Get_BaudTable) refers to fdiv.o(x$fpl$fdiv) for __aeabi_fdiv
    io_uart.o(i.Get_BaudTable) refers to ffixu.o(x$fpl$ffixu) for __aeabi_f2uiz
    io_uart.o(i.Get_BaudTable) refers to fmul.o(x$fpl$fmul) for __aeabi_fmul
    io_uart.o(i.HAL_SUART_Receive) refers to stm32f1xx_hal.o(i.HAL_GetTick) for HAL_GetTick
    io_uart.o(i.HAL_SUART_Receive) refers to stm32f1xx_hal_cortex.o(i.HAL_NVIC_EnableIRQ) for HAL_NVIC_EnableIRQ
    io_uart.o(i.HAL_SUART_Transmit) refers to stm32f1xx_hal.o(i.HAL_GetTick) for HAL_GetTick
    io_uart.o(i.HAL_SUART_Transmit) refers to stm32f1xx_hal_tim.o(i.HAL_TIM_Base_Start_IT) for HAL_TIM_Base_Start_IT
    io_uart.o(i.HAL_Suart_EXTI_Callback) refers to stm32f1xx_hal_cortex.o(i.HAL_NVIC_DisableIRQ) for HAL_NVIC_DisableIRQ
    io_uart.o(i.HAL_Suart_EXTI_Callback) refers to stm32f1xx_hal_tim.o(i.HAL_TIM_Base_Start_IT) for HAL_TIM_Base_Start_IT
    io_uart.o(i.MX_Suart_Init) refers to io_uart.o(i.Get_BaudTable) for Get_BaudTable
    io_uart.o(i.MX_Suart_Init) refers to io_uart.o(.bss) for .bss
    io_uart.o(i.MX_Suart_Init) refers to tim.o(.bss) for htim3
    main.o(i.HAL_TIM_PeriodElapsedCallback) refers to stm32f1xx_hal.o(i.HAL_IncTick) for HAL_IncTick
[...]
    vTaskSwitchContext                       0x08007e15   Thumb Code   104  tasks.o(i.vTaskSwitchContext)
    xPortStartScheduler                      0x08007e85   Thumb Code    38  port.o(i.xPortStartScheduler)
    xQueueCreateMutex                        0x08007eb5   Thumb Code    22  queue.o(i.xQueueCreateMutex)
    xQueueCreateMutexStatic                  0x08007ecb   Thumb Code    26  queue.o(i.xQueueCreateMutexStatic)
    xQueueGenericCreate                      0x08007ee5   Thumb Code    54  queue.o(i.xQueueGenericCreate)
    xQueueGenericCreateStatic                0x08007f1b   Thumb Code    26  queue.o(i.xQueueGenericCreateStatic)
    xQueueGenericReset                       0x08007f35   Thumb Code   112  queue.o(i.xQueueGenericReset)
    xQueueGenericSend                        0x08007fa9   Thumb Code   242  queue.o(i.xQueueGenericSend)
    xQueueGenericSendFromISR                 0x080080a1   Thumb Code   102  queue.o(i.xQueueGenericSendFromISR)
    xQueueGiveFromISR                        0x08008107   Thumb Code    86  queue.o(i.xQueueGiveFromISR)
    xQueueReceive                            0x0800815d   Thumb Code   236  queue.o(i.xQueueReceive)
    xQueueReceiveFromISR                     0x0800824d   Thumb Code   100  queue.o(i.xQueueReceiveFromISR)
    xQueueSemaphoreTake                      0x080082b1   Thumb Code   292  queue.o(i.xQueueSemaphoreTake)
    xTaskCheckForTimeOut                     0x080083d9   Thumb Code    76  tasks.o(i.xTaskCheckForTimeOut)
    xTaskCreate                              0x08008429   Thumb Code    90  tasks.o(i.xTaskCreate)
    xTaskCreateStatic                        0x08008483   Thumb Code    54  tasks.o(i.xTaskCreateStatic)
    xTaskGetSchedulerState                   0x080084b9   Thumb Code    22  tasks.o(i.xTaskGetSchedulerState)
    xTaskGetTickCount                        0x080084d5   Thumb Code     6  tasks.o(i.xTaskGetTickCount)
    xTaskIncrementTick                       0x080084e1   Thumb Code   170  tasks.o(i.xTaskIncrementTick)
    xTaskPriorityDisinherit                  0x08008595   Thumb Code   102  tasks.o(i.xTaskPriorityDisinherit)
    xTaskPriorityInherit                     0x08008605   Thumb Code   138  tasks.o(i.xTaskPriorityInherit)
    xTaskRemoveFromEventList                 0x08008699   Thumb Code    92  tasks.o(i.xTaskRemoveFromEventList)
    xTaskResumeAll                           0x080086fd   Thumb Code   166  tasks.o(i.xTaskResumeAll)
    xTimerCreate                             0x080087b1   Thumb Code    52  timers.o(i.xTimerCreate)
    xTimerCreateStatic                       0x080087e5   Thumb Code    26  timers.o(i.xTimerCreateStatic)
    xTimerCreateTimerTask                    0x08008801   Thumb Code    66  timers.o(i.xTimerCreateTimerTask)
    xTimerGenericCommand                     0x08008855   Thumb Code    68  timers.o(i.xTimerGenericCommand)
    _get_lc_numeric                          0x0800889d   Thumb Code    44  lc_numeric_c.o(locale$$code)
    _get_lc_ctype                            0x080088c9   Thumb Code    44  lc_ctype_c.o(locale$$code)
    __fpl_dcheck_NaN1                        0x080088f5   Thumb Code    10  dcheck1.o(x$fpl$dcheck1)
    __aeabi_ddiv                             0x08008905   Thumb Code     0  ddiv.o(x$fpl$ddiv)
    _ddiv                                    0x08008905   Thumb Code   552  ddiv.o(x$fpl$ddiv)
    __aeabi_d2iz                             0x08008bb5   Thumb Code     0  dfix.o(x$fpl$dfix)
    _dfix                                    0x08008bb5   Thumb Code    94  dfix.o(x$fpl$dfix)
    __aeabi_d2uiz                            0x08008c15   Thumb Code     0  dfixu.o(x$fpl$dfixu)
    _dfixu                                   0x08008c15   Thumb Code    90  dfixu.o(x$fpl$dfixu)
    __aeabi_ui2d                             0x08008c6f   Thumb Code     0  dflt_clz.o(x$fpl$dfltu)
    _dfltu                                   0x08008c6f   Thumb Code    38  dflt_clz.o(x$fpl$dfltu)
    __fpl_dnaninf                            0x08008c95   Thumb Code   156  dnaninf.o(x$fpl$dnaninf)
    __fpl_dretinf                            0x08008d31   Thumb Code    12  dretinf.o(x$fpl$dretinf)
    __aeabi_fdiv                             0x08008d3d   Thumb Code     0  fdiv.o(x$fpl$fdiv)
    _fdiv                                    0x08008d3d   Thumb Code   384  fdiv.o(x$fpl$fdiv)
    __aeabi_f2uiz                            0x08008ec1   Thumb Code     0  ffixu.o(x$fpl$ffixu)
    _ffixu                                   0x08008ec1   Thumb Code    62  ffixu.o(x$fpl$ffixu)
    __aeabi_i2f                              0x08008f01   Thumb Code     0  fflt_clz.o(x$fpl$fflt)
    _fflt                                    0x08008f01   Thumb Code    48  fflt_clz.o(x$fpl$fflt)
    __aeabi_ui2f                             0x08008f31   Thumb Code     0  fflt_clz.o(x$fpl$ffltu)
    _ffltu                                   0x08008f31   Thumb Code    38  fflt_clz.o(x$fpl$ffltu)
    __aeabi_fmul                             0x08008f59   Thumb Code     0  fmul.o(x$fpl$fmul)
    _fmul                                    0x08008f59   Thumb Code   258  fmul.o(x$fpl$fmul)
    __fpl_fnaninf                            0x0800905b   Thumb Code   140  fnaninf.o(x$fpl$fnaninf)
    __fpl_fretinf                            0x080090e7   Thumb Code    10  fretinf.o(x$fpl$fretinf)
    _printf_fp_dec                           0x080090f1   Thumb Code     4  printf1.o(x$fpl$printf1)
    _printf_fp_hex                           0x080090f5   Thumb Code     4  printf2.o(x$fpl$printf2)
    __fpl_return_NaN                         0x080090f9   Thumb Code   100  retnan.o(x$fpl$retnan)
    __ARM_scalbn                             0x0800915d   Thumb Code    92  scalbn.o(x$fpl$scalbn)
    __fpl_cmpreturn                          0x080091b9   Thumb Code    48  trapv.o(x$fpl$trapveneer)
    __I$use$fp                               0x080091e8   Number         0  usenofp.o(x$fpl$usenofp)
    shellCmdg_at                             0x080091e8   Data           5  freertos.o(.constdata)
    shellDescg_at                            0x080091ed   Data           7  freertos.o(.constdata)
    At_Table                                 0x0800947c   Data         368  at.o(.constdata)
    shellCmdat                               0x080095ec   Data           3  at.o(.constdata)
    shellDescat                              0x080095ef   Data           7  at.o(.constdata)
    shellCmdget_slaveid                      0x080095f6   Data          12  at.o(.constdata)
    shellDescget_slaveid                     0x08009602   Data           4  at.o(.constdata)
    shellCmdDefaultUser                      0x08009606   Data           4  shell.o(.constdata)
    shellPasswordDefaultUser                 0x0800960a   Data           5  shell.o(.constdata)
    shellDesDefaultUser                      0x0800960f   Data          13  shell.o(.constdata)
    shellCmdsetVar                           0x0800961c   Data           7  shell.o(.constdata)
    shellDescsetVar                          0x08009623   Data           8  shell.o(.constdata)
    shellDesc0x1B5B4100                      0x0800962b   Data           3  shell.o(.constdata)
    shellDesc0x1B5B4200                      0x0800962e   Data           5  shell.o(.constdata)
    shellDesc0x1B5B4300                      0x08009633   Data           6  shell.o(.constdata)
    shellDesc0x1B5B4400                      0x08009639   Data           5  shell.o(.constdata)
    shellDesc0x09000000                      0x0800963e   Data           4  shell.o(.constdata)
    shellDesc0x08000000                      0x08009642   Data          10  shell.o(.constdata)
    shellDesc0x7F000000                      0x0800964c   Data          10  shell.o(.constdata)
    shellDesc0x1B5B337E                      0x08009656   Data           7  shell.o(.constdata)
    shellDesc0x0A000000                      0x0800965d   Data           6  shell.o(.constdata)
    shellDesc0x0D000000                      0x08009663   Data           6  shell.o(.constdata)
    shellCmdhelp                             0x08009669   Data           5  shell.o(.constdata)
    shellDeschelp                            0x0800966e   Data          29  shell.o(.constdata)
    shellCmdusers                            0x0800968b   Data           6  shell.o(.constdata)
    shellDescusers                           0x08009691   Data          14  shell.o(.constdata)
    shellCmdcmds                             0x0800969f   Data           5  shell.o(.constdata)
    shellDesccmds                            0x080096a4   Data          13  shell.o(.constdata)
    shellCmdvars                             0x080096b1   Data           5  shell.o(.constdata)
    shellDescvars                            0x080096b6   Data          13  shell.o(.constdata)
    shellCmdkeys                             0x080096c3   Data           5  shell.o(.constdata)
    shellDesckeys                            0x080096c8   Data          13  shell.o(.constdata)
    shellCmdclear                            0x080096d5   Data           6  shell.o(.constdata)
    shellDescclear                           0x080096db   Data          14  shell.o(.constdata)
    shellCmdexec                             0x080096e9   Data           5  shell.o(.constdata)
    shellDescexec                            0x080096ee   Data          27  shell.o(.constdata)
    AHBPrescTable                            0x0800971c   Data          16  system_stm32f1xx.o(.constdata)
    APBPrescTable                            0x0800972c   Data           8  system_stm32f1xx.o(.constdata)
    Region$$Table$$Base                      0x0800a234   Number         0  anon$$obj.o(Region$$Table)
    Region$$Table$$Limit                     0x0800a254   Number         0  anon$$obj.o(Region$$Table)
    __ctype                                  0x0800a27d   Data           0  lc_ctype_c.o(locale$$data)
    shellCommand$$Base                       0x0800a380   Number         0  freertos.o(shellCommand)
    shellVarg_at                             0x0800a380   Data          16  freertos.o(shellCommand)
    shellCommandat                           0x0800a390   Data          16  at.o(shellCommand)
    shellCommandget_slaveid                  0x0800a3a0   Data          16  at.o(shellCommand)
    shellUserDefault                         0x0800a3b0   Data          16  shell.o(shellCommand)
    shellCommandsetVar                       0x0800a3c0   Data          16  shell.o(shellCommand)
    shellKey0x1B5B4100                       0x0800a3d0   Data          16  shell.o(shellCommand)
    shellKey0x1B5B4200                       0x0800a3e0   Data          16  shell.o(shellCommand)
    shellKey0x1B5B4300                       0x0800a3f0   Data          16  shell.o(shellCommand)
    shellKey0x1B5B4400                       0x0800a400   Data          16  shell.o(shellCommand)
    shellKey0x09000000                       0x0800a410   Data          16  shell.o(shellCommand)
    shellKey0x08000000                       0x0800a420   Data          16  shell.o(shellCommand)
    shellKey0x7F000000                       0x0800a430   Data          16  shell.o(shellCommand)
    shellKey0x1B5B337E                       0x0800a440   Data          16  shell.o(shellCommand)
    shellKey0x0A000000                       0x0800a450   Data          16  shell.o(shellCommand)
    shellKey0x0D000000                       0x0800a460   Data          16  shell.o(shellCommand)
    shellCommandhelp                         0x0800a470   Data          16  shell.o(shellCommand)
    shellCommandusers                        0x0800a480   Data          16  shell.o(shellCommand)
    shellCommandcmds                         0x0800a490   Data          16  shell.o(shellCommand)
    shellCommandvars                         0x0800a4a0   Data          16  shell.o(shellCommand)
    shellCommandkeys                         0x0800a4b0   Data          16  shell.o(shellCommand)
    shellCommandclear                        0x0800a4c0   Data          16  shell.o(shellCommand)
    shellCommandexec                         0x0800a4d0   Data          16  shell.o(shellCommand)
    shellCommand$$Limit                      0x0800a4e0   Number         0  shell.o(shellCommand)
    DDIx_Group                               0x20000000   Data          96  io_signal.o(.data)
    DDIx                                     0x20000060   Data          16  io_signal.o(.data)
    g_At                                     0x20000071   Data           1  freertos.o(.data)
    shellHandle                              0x20000074   Data           4  freertos.o(.data)
    mdbusHandle                              0x20000078   Data           4  freertos.o(.data)
    read_ioHandle                            0x2000007c   Data           4  freertos.o(.data)
    IWDGHandle                               0x20000080   Data           4  freertos.o(.data)
    DDIx_QueueHandle                         0x20000084   Data           4  freertos.o(.data)
    Timer1Handle                             0x20000088   Data           4  freertos.o(.data)
    shellMutexHandle                         0x2000008c   Data           4  freertos.o(.data)
    ReciveHandle                             0x20000090   Data           4  freertos.o(.data)
    mdMaster                                 0x200000a4   Data           4  mdrtuslave.o(.data)
    g_LoraMutex                              0x200000a8   Data           1  at.o(.data)
    SystemCoreClock                          0x20000188   Data           4  system_stm32f1xx.o(.data)
    uwTickFreq                               0x2000018c   Data           1  stm32f1xx_hal.o(.data)
    uwTickPrio                               0x20000190   Data           4  stm32f1xx_hal.o(.data)
    uwTick                                   0x20000194   Data           4  stm32f1xx_hal.o(.data)
    pxCurrentTCB                             0x20000198   Data           4  tasks.o(.data)
    S_Uart1                                  0x20000204   Data          52  io_uart.o(.bss)
    Adc_buffer                               0x200007e0   Data          64  adc.o(.bss)
    hadc1                                    0x20000820   Data          48  adc.o(.bss)
    hdma_adc1                                0x20000850   Data          68  adc.o(.bss)
    hiwdg                                    0x20000894   Data          12  iwdg.o(.bss)
    hspi2                                    0x200008a0   Data          88  spi.o(.bss)
    htim2                                    0x200008f8   Data          72  tim.o(.bss)
    htim3                                    0x20000940   Data          72  tim.o(.bss)
    htim4                                    0x20000988   Data          72  tim.o(.bss)
    huart1                                   0x200009d0   Data          68  usart.o(.bss)
    hdma_usart1_rx                           0x20000a14   Data          68  usart.o(.bss)
    hdma_usart1_tx                           0x20000a58   Data          68  usart.o(.bss)
    htim1                                    0x20000a9c   Data          72  stm32f1xx_hal_timebase_tim.o(.bss)
    buffer                                   0x20000b01   Data         128  shell.o(.bss)
    shell                                    0x20000b84   Data         116  shell_port.o(.bss)
    shell_buffer                             0x20000bf8   Data         128  shell_port.o(.bss)
    xQueueRegistry                           0x20000c78   Data          64  queue.o(.bss)
    __libspace_start                         0x20004690   Data          96  libspace.o(.bss)
    __temporary_stack_top$libspace           0x200046f0   Data           0  libspace.o(.bss)



==============================================================================

Memory Map of the image

  Image Entry point : 0x080000ed

  Load Region LR_IROM1 (Base: 0x08000000, Size: 0x0000a6e4, Max: 0x00010000, ABSOLUTE, COMPRESSED[0x0000a5c8])

    Execution Region ER_IROM1 (Exec base: 0x08000000, Load base: 0x08000000, Size: 0x0000a4e0, Max: 0x00010000, ABSOLUTE)

    Exec Addr    Load Addr    Size         Type   Attr      Idx    E Section Name        Object

    0x08000000   0x08000000   0x000000ec   Data   RO            3    RESET               startup_stm32f103xb.o
    0x080000ec   0x080000ec   0x00000008   Code   RO         6261  * !!!main             c_w.l(__main.o)
    0x080000f4   0x080000f4   0x00000034   Code   RO         6684    !!!scatter          c_w.l(__scatter.o)
    0x08000128   0x08000128   0x0000005a   Code   RO         6682    !!dczerorl2         c_w.l(__dczerorl2.o)
    0x08000182   0x08000182   0x00000002   PAD
    0x08000184   0x08000184   0x0000001c   Code   RO         6686    !!handler_zi        c_w.l(__scatter_zi.o)
    0x080001a0   0x080001a0   0x00000000   Code   RO         6412    .ARM.Collect$$_printf_percent$$00000000  c_w.l(_printf_percent.o)
    0x080001a0   0x080001a0   0x00000006   Code   RO         6401    .ARM.Collect$$_printf_percent$$00000001  c_w.l(_printf_n.o)
    0x080001a6   0x080001a6   0x00000006   Code   RO         6403    .ARM.Collect$$_printf_percent$$00000002  c_w.l(_printf_p.o)
    0x080001ac   0x080001ac   0x00000006   Code   RO         6408    .ARM.Collect$$_printf_percent$$00000003  c_w.l(_printf_f.o)
    0x080001b2   0x080001b2   0x00000006   Code   RO         6409    .ARM.Collect$$_printf_percent$$00000004  c_w.l(_printf_e.o)
    0x080001b8   0x080001b8   0x00000006   Code   RO         6410    .ARM.Collect$$_printf_percent$$00000005  c_w.l(_printf_g.o)
    0x080001be   0x080001be   0x00000006   Code   RO         6411    .ARM.Collect$$_printf_percent$$00000006  c_w.l(_printf_a.o)
    0x080001c4   0x080001c4   0x0000000a   Code   RO         6416    .ARM.Collect$$_printf_percent$$00000007  c_w.l(_printf_ll.o)
    0x080001ce   0x080001ce   0x00000006   Code   RO         6405    .ARM.Collect$$_printf_percent$$00000008  c_w.l(_printf_i.o)
    0x080001d4   0x080001d4   0x00000006   Code   RO         6406    .ARM.Collect$$_printf_percent$$00000009  c_w.l(_printf_d.o)
    0x080001da   0x080001da   0x00000006   Code   RO         6407    .ARM.Collect$$_printf_percent$$0000000A  c_w.l(_printf_u.o)
    0x080001e0   0x080001e0   0x00000006   Code   RO         6404    .ARM.Collect$$_printf_percent$$0000000B  c_w.l(_printf_o.o)
    0x080001e6   0x080001e6   0x00000006   Code   RO         6402    .ARM.Collect$$_printf_percent$$0000000C  c_w.l(_printf_x.o)
    0x080001ec   0x080001ec   0x00000006   Code   RO         6413    .ARM.Collect$$_printf_percent$$0000000D  c_w.l(_printf_lli.o)
    0x080001f2   0x080001f2   0x00000006   Code   RO         6414    .ARM.Collect$$_printf_percent$$0000000E  c_w.l(_printf_lld.o)
    0x080001f8   0x080001f8   0x00000006   Code   RO         6415    .ARM.Collect$$_printf_percent$$0000000F  c_w.l(_printf_llu.o)
    0x080001fe   0x080001fe   0x00000006   Code   RO         6420    .ARM.Collect$$_printf_percent$$00000010  c_w.l(_printf_llo.o)
    0x08000204   0x08000204   0x00000006   Code   RO         6421    .ARM.Collect$$_printf_percent$$00000011  c_w.l(_printf_llx.o)
    0x0800020a   0x0800020a   0x0000000a   Code   RO         6417    .ARM.Collect$$_printf_percent$$00000012  c_w.l(_printf_l.o)
    0x08000214   0x08000214   0x00000006   Code   RO         6399    .ARM.Collect$$_printf_percent$$00000013  c_w.l(_printf_c.o)
    0x0800021a   0x0800021a   0x00000006   Code   RO         6400    .ARM.Collect$$_printf_percent$$00000014  c_w.l(_printf_s.o)
    0x08000220   0x08000220   0x00000006   Code   RO         6418    .ARM.Collect$$_printf_percent$$00000015  c_w.l(_printf_lc.o)
    0x08000226   0x08000226   0x00000006   Code   RO         6419    .ARM.Collect$$_printf_percent$$00000016  c_w.l(_printf_ls.o)
    0x0800022c   0x0800022c   0x00000004   Code   RO         6484    .ARM.Collect$$_printf_percent$$00000017  c_w.l(_printf_percent_end.o)
    0x08000230   0x08000230   0x00000002   Code   RO         6603    .ARM.Collect$$libinit$$00000000  c_w.l(libinit.o)
    0x08000232   0x08000232   0x00000000   Code   RO         6497    .ARM.Collect$$libinit$$00000002  c_w.l(libinit2.o)
    0x08000232   0x08000232   0x00000000   Code   RO         6499    .ARM.Collect$$libinit$$00000004  c_w.l(libinit2.o)
    0x08000232   0x08000232   0x00000000   Code   RO         6502    .ARM.Collect$$libinit$$0000000A  c_w.l(libinit2.o)
    0x08000232   0x08000232   0x00000000   Code   RO         6504    .ARM.Collect$$libinit$$0000000C  c_w.l(libinit2.o)
    0x08000232   0x08000232   0x00000000   Code   RO         6506    .ARM.Collect$$libinit$$0000000E  c_w.l(libinit2.o)
    0x08000232   0x08000232   0x00000006   Code   RO         6507    .ARM.Collect$$libinit$$0000000F  c_w.l(libinit2.o)
    0x08000238   0x08000238   0x00000000   Code   RO         6509    .ARM.Collect$$libinit$$00000011  c_w.l(libinit2.o)
    0x08000238   0x08000238   0x0000000c   Code   RO         6510    .ARM.Collect$$libinit$$00000012  c_w.l(libinit2.o)
    0x08000244   0x08000244   0x00000000   Code   RO         6511    .ARM.Collect$$libinit$$00000013  c_w.l(libinit2.o)
    0x08000244   0x08000244   0x00000000   Code   RO         6513    .ARM.Collect$$libinit$$00000015  c_w.l(libinit2.o)
    0x08000244   0x08000244   0x0000000a   Code   RO         6514    .ARM.Collect$$libinit$$00000016  c_w.l(libinit2.o)
    0x0800024e   0x0800024e   0x00000000   Code   RO         6515    .ARM.Collect$$libinit$$00000017  c_w.l(libinit2.o)
    0x0800024e   0x0800024e   0x00000000   Code   RO         6517    .ARM.Collect$$libinit$$00000019  c_w.l(libinit2.o)
    0x0800024e   0x0800024e   0x00000000   Code   RO         6519    .ARM.Collect$$libinit$$0000001B  c_w.l(libinit2.o)
    0x0800024e   0x0800024e   0x00000000   Code   RO         6521    .ARM.Collect$$libinit$$0000001D  c_w.l(libinit2.o)
    0x0800024e   0x0800024e   0x00000000   Code   RO         6523    .ARM.Collect$$libinit$$0000001F  c_w.l(libinit2.o)
    0x0800024e   0x0800024e   0x00000000   Code   RO         6525    .ARM.Collect$$libinit$$00000021  c_w.l(libinit2.o)
    0x0800024e   0x0800024e   0x00000000   Code   RO         6527    .ARM.Collect$$libinit$$00000023  c_w.l(libinit2.o)
    0x0800024e   0x0800024e   0x00000000   Code   RO         6529    .ARM.Collect$$libinit$$00000025  c_w.l(libinit2.o)
    0x0800024e   0x0800024e   0x00000000   Code   RO         6533    .ARM.Collect$$libinit$$0000002C  c_w.l(libinit2.o)
    0x0800024e   0x0800024e   0x00000000   Code   RO         6535    .ARM.Collect$$libinit$$0000002E  c_w.l(libinit2.o)
    0x0800024e   0x0800024e   0x00000000   Code   RO         6537    .ARM.Collect$$libinit$$00000030  c_w.l(libinit2.o)
    0x0800024e   0x0800024e   0x00000000   Code   RO         6539    .ARM.Collect$$libinit$$00000032  c_w.l(libinit2.o)
    0x0800024e   0x0800024e   0x00000002   Code   RO         6540    .ARM.Collect$$libinit$$00000033  c_w.l(libinit2.o)
    0x08000250   0x08000250   0x00000002   Code   RO         6679    .ARM.Collect$$libshutdown$$00000000  c_w.l(libshutdown.o)
    0x08000252   0x08000252   0x00000000   Code   RO         6635    .ARM.Collect$$libshutdown$$00000002  c_w.l(libshutdown2.o)
    0x08000252   0x08000252   0x00000000   Code   RO         6637    .ARM.Collect$$libshutdown$$00000004  c_w.l(libshutdown2.o)
    0x08000252   0x08000252   0x00000000   Code   RO         6640    .ARM.Collect$$libshutdown$$00000007  c_w.l(libshutdown2.o)
    0x08000252   0x08000252   0x00000000   Code   RO         6643    .ARM.Collect$$libshutdown$$0000000A  c_w.l(libshutdown2.o)
    0x08000252   0x08000252   0x00000000   Code   RO         6645    .ARM.Collect$$libshutdown$$0000000C  c_w.l(libshutdown2.o)
    0x08000252   0x08000252   0x00000000   Code   RO         6648    .ARM.Collect$$libshutdown$$0000000F  c_w.l(libshutdown2.o)
    0x08000252   0x08000252   0x00000002   Code   RO         6649    .ARM.Collect$$libshutdown$$00000010  c_w.l(libshutdown2.o)
    0x08000254   0x08000254   0x00000000   Code   RO         6301    .ARM.Collect$$rtentry$$00000000  c_w.l(__rtentry.o)
    0x08000254   0x08000254   0x00000000   Code   RO         6445    .ARM.Collect$$rtentry$$00000002  c_w.l(__rtentry2.o)
    0x08000254   0x08000254   0x00000006   Code   RO         6457    .ARM.Collect$$rtentry$$00000004  c_w.l(__rtentry4.o)
    0x0800025a   0x0800025a   0x00000000   Code   RO         6447    .ARM.Collect$$rtentry$$00000009  c_w.l(__rtentry2.o)
    0x0800025a   0x0800025a   0x00000004   Code   RO         6448    .ARM.Collect$$rtentry$$0000000A  c_w.l(__rtentry2.o)
    0x0800025e   0x0800025e   0x00000000   Code   RO         6450    .ARM.Collect$$rtentry$$0000000C  c_w.l(__rtentry2.o)
    0x0800025e   0x0800025e   0x00000008   Code   RO         6451    .ARM.Collect$$rtentry$$0000000D  c_w.l(__rtentry2.o)
    0x08000266   0x08000266   0x00000002   Code   RO         6617    .ARM.Collect$$rtexit$$00000000  c_w.l(rtexit.o)
    0x08000268   0x08000268   0x00000000   Code   RO         6653    .ARM.Collect$$rtexit$$00000002  c_w.l(rtexit2.o)
    0x08000268   0x08000268   0x00000004   Code   RO         6654    .ARM.Collect$$rtexit$$00000003  c_w.l(rtexit2.o)
    0x0800026c   0x0800026c   0x00000006   Code   RO         6655    .ARM.Collect$$rtexit$$00000004  c_w.l(rtexit2.o)
    0x08000272   0x08000272   0x00000002   PAD
    0x08000274   0x08000274   0x00000096   Code   RO         6106    .emb_text           port.o
    0x0800030a   0x0800030a   0x00000002   PAD
    0x0800030c   0x0800030c   0x0000003c   Code   RO            4    .text               startup_stm32f103xb.o
    0x08000348   0x08000348   0x00000034   Code   RO         6237    .text               c_w.l(vsnprintf.o)
    0x0800037c   0x0800037c   0x00000024   Code   RO         6239    .text               c_w.l(strstr.o)
    0x080003a0   0x080003a0   0x0000003e   Code   RO         6241    .text               c_w.l(strlen.o)
    0x080003de   0x080003de   0x00000096   Code   RO         6243    .text               c_w.l(strncmp.o)
    0x08000474   0x08000474   0x00000018   Code   RO         6245    .text               c_w.l(strcat.o)
    0x0800048c   0x0800048c   0x0000008a   Code   RO         6247    .text               c_w.l(rt_memcpy_v6.o)
    0x08000516   0x08000516   0x00000064   Code   RO         6249    .text               c_w.l(rt_memcpy_w.o)
    0x0800057a   0x0800057a   0x00000010   Code   RO         6251    .text               c_w.l(aeabi_memset.o)
    0x0800058a   0x0800058a   0x00000044   Code   RO         6253    .text               c_w.l(rt_memclr.o)
    0x080005ce   0x080005ce   0x0000004e   Code   RO         6255    .text               c_w.l(rt_memclr_w.o)
    0x0800061c   0x0800061c   0x00000080   Code   RO         6257    .text               c_w.l(strcmpv7m.o)
    0x0800069c   0x0800069c   0x00000006   Code   RO         6259    .text               c_w.l(heapauxi.o)
    0x080006a2   0x080006a2   0x0000004e   Code   RO         6331    .text               c_w.l(_printf_pad.o)
    0x080006f0   0x080006f0   0x00000024   Code   RO         6333    .text               c_w.l(_printf_truncate.o)
    0x08000714   0x08000714   0x00000052   Code   RO         6335    .text               c_w.l(_printf_str.o)
    0x08000766   0x08000766   0x00000002   PAD
    0x08000768   0x08000768   0x00000078   Code   RO         6337    .text               c_w.l(_printf_dec.o)
    0x080007e0   0x080007e0   0x00000028   Code   RO         6339    .text               c_w.l(_printf_charcount.o)
    0x08000808   0x08000808   0x00000030   Code   RO         6341    .text               c_w.l(_printf_char_common.o)
    0x08000838   0x08000838   0x0000000a   Code   RO         6343    .text               c_w.l(_sputc.o)
    0x08000842   0x08000842   0x00000010   Code   RO         6345    .text               c_w.l(_snputc.o)
    0x08000852   0x08000852   0x00000002   PAD
    0x08000854   0x08000854   0x000000bc   Code   RO         6347    .text               c_w.l(_printf_wctomb.o)
    0x08000910   0x08000910   0x0000007c   Code   RO         6350    .text               c_w.l(_printf_longlong_dec.o)
    0x0800098c   0x0800098c   0x00000070   Code   RO         6356    .text               c_w.l(_printf_oct_int_ll.o)
    0x080009fc   0x080009fc   0x00000094   Code   RO         6376    .text               c_w.l(_printf_hex_int_ll_ptr.o)
    0x08000a90   0x08000a90   0x00000188   Code   RO         6396    .text               c_w.l(__printf_flags_ss_wp.o)
    0x08000c18   0x08000c18   0x00000008   Code   RO         6441    .text               c_w.l(libspace.o)
    0x08000c20   0x08000c20   0x0000008a   Code   RO         6469    .text               c_w.l(lludiv10.o)
    0x08000caa   0x08000caa   0x000000b2   Code   RO         6471    .text               c_w.l(_printf_intcommon.o)
    0x08000d5c   0x08000d5c   0x0000041e   Code   RO         6473    .text               c_w.l(_printf_fp_dec.o)
    0x0800117a   0x0800117a   0x00000002   PAD
    0x0800117c   0x0800117c   0x000002fc   Code   RO         6475    .text               c_w.l(_printf_fp_hex.o)
    0x08001478   0x08001478   0x0000002c   Code   RO         6480    .text               c_w.l(_printf_char.o)
    0x080014a4   0x080014a4   0x0000002c   Code   RO         6482    .text               c_w.l(_printf_wchar.o)
    0x080014d0   0x080014d0   0x00000040   Code   RO         6485    .text               c_w.l(_wcrtomb.o)
    0x08001510   0x08001510   0x0000004a   Code   RO         6545    .text               c_w.l(sys_stackheap_outer.o)
    0x0800155a   0x0800155a   0x00000002   PAD
    0x0800155c   0x0800155c   0x00000010   Code   RO         6547    .text               c_w.l(rt_ctype_table.o)
    0x0800156c   0x0800156c   0x00000008   Code   RO         6554    .text               c_w.l(rt_locale_intlibspace.o)
    0x08001574   0x08001574   0x00000080   Code   RO         6560    .text               c_w.l(_printf_fp_infnan.o)
    0x080015f4   0x080015f4   0x000000e4   Code   RO         6562    .text               c_w.l(bigflt0.o)
    0x080016d8   0x080016d8   0x00000012   Code   RO         6590    .text               c_w.l(exit.o)
    0x080016ea   0x080016ea   0x00000002   PAD
    0x080016ec   0x080016ec   0x0000000c   Code   RO         6612    .text               c_w.l(sys_exit.o)
    0x080016f8   0x080016f8   0x00000002   Code   RO         6614    .text               c_w.l(use_no_semi.o)
    0x080016fa   0x080016fa   0x00000000   Code   RO         6616    .text               c_w.l(indicate_semi.o)
    0x080016fa   0x080016fa   0x0000003e   Code   RO         6565    CL$$btod_d2e        c_w.l(btod.o)
    0x08001738   0x08001738   0x00000046   Code   RO         6567    CL$$btod_d2e_denorm_low  c_w.l(btod.o)
    0x0800177e   0x0800177e   0x00000060   Code   RO         6566    CL$$btod_d2e_norm_op1  c_w.l(btod.o)
    0x080017de   0x080017de   0x00000338   Code   RO         6575    CL$$btod_div_common  c_w.l(btod.o)
    0x08001b16   0x08001b16   0x000000dc   Code   RO         6572    CL$$btod_e2e        c_w.l(btod.o)
    0x08001bf2   0x08001bf2   0x0000002a   Code   RO         6569    CL$$btod_ediv       c_w.l(btod.o)
    0x08001c1c   0x08001c1c   0x0000002a   Code   RO         6568    CL$$btod_emul       c_w.l(btod.o)
    0x08001c46   0x08001c46   0x00000244   Code   RO         6574    CL$$btod_mult_common  c_w.l(btod.o)
    0x08001e8a   0x08001e8a   0x00000002   PAD
    0x08001e8c   0x08001e8c   0x00000056   Code   RO         1905    i.ADC_ConversionStop_Disable  stm32f1xx_hal_adc.o
    0x08001ee2   0x08001ee2   0x0000004e   Code   RO         1906    i.ADC_DMAConvCplt   stm32f1xx_hal_adc.o
    0x08001f30   0x08001f30   0x0000001a   Code   RO         1907    i.ADC_DMAError      stm32f1xx_hal_adc.o
    0x08001f4a   0x08001f4a   0x0000000a   Code   RO         1908    i.ADC_DMAHalfConvCplt  stm32f1xx_hal_adc.o
    0x08001f54   0x08001f54   0x0000007c   Code   RO         1909    i.ADC_Enable        stm32f1xx_hal_adc.o
    0x08001fd0   0x08001fd0   0x00000114   Code   RO         1259    i.At_ExeFree_Cmd    at.o
    0x080020e4   0x080020e4   0x00000044   Code   RO         1260    i.At_GetSlaveId     at.o
    0x08002128   0x08002128   0x00000060   Code   RO         1261    i.At_Handle         at.o
    0x08002188   0x08002188   0x00000084   Code   RO         1262    i.At_ParserCallback  at.o
    0x0800220c   0x0800220c   0x00000002   Code   RO          756    i.BusFault_Handler  stm32f1xx_it.o
    0x0800220e   0x0800220e   0x00000002   PAD
    0x08002210   0x08002210   0x00000124   Code   RO         1263    i.Config_Mode       at.o
    0x08002334   0x08002334   0x0000004c   Code   RO           13    i.DDIx_TimerOut_Check  io_signal.o
    0x08002380   0x08002380   0x0000000c   Code   RO          757    i.DMA1_Channel1_IRQHandler  stm32f1xx_it.o
    0x0800238c   0x0800238c   0x0000000c   Code   RO          758    i.DMA1_Channel4_IRQHandler  stm32f1xx_it.o
    0x08002398   0x08002398   0x0000000c   Code   RO          759    i.DMA1_Channel5_IRQHandler  stm32f1xx_it.o
    0x080023a4   0x080023a4   0x0000002a   Code   RO         2559    i.DMA_SetConfig     stm32f1xx_hal_dma.o
    0x080023ce   0x080023ce   0x00000002   Code   RO          760    i.DebugMon_Handler  stm32f1xx_it.o
    0x080023d0   0x080023d0   0x00000006   Code   RO          761    i.EXTI0_IRQHandler  stm32f1xx_it.o
    0x080023d6   0x080023d6   0x00000008   Code   RO          762    i.EXTI15_10_IRQHandler  stm32f1xx_it.o
    0x080023de   0x080023de   0x00000006   Code   RO          763    i.EXTI1_IRQHandler  stm32f1xx_it.o
    0x080023e4   0x080023e4   0x00000006   Code   RO          764    i.EXTI3_IRQHandler  stm32f1xx_it.o
    0x080023ea   0x080023ea   0x00000006   Code   RO          765    i.EXTI4_IRQHandler  stm32f1xx_it.o
    0x080023f0   0x080023f0   0x00000020   Code   RO          766    i.EXTI9_5_IRQHandler  stm32f1xx_it.o
    0x08002410   0x08002410   0x00000004   Code   RO          318    i.Error_Handler     main.o
    0x08002414   0x08002414   0x000000b8   Code   RO         1264    i.Free_Mode         at.o
    0x080024cc   0x080024cc   0x00000024   Code   RO         1265    i.Get_AtCmd         at.o
    0x080024f0   0x080024f0   0x0000007c   Code   RO          255    i.Get_BaudTable     io_uart.o
    0x0800256c   0x0800256c   0x00000018   Code   RO         1225    i.Get_L101_Status   mdrtuslave.o
    0x08002584   0x08002584   0x0000001e   Code   RO          256    i.Get_ValidBits     io_uart.o
    0x080025a2   0x080025a2   0x00000002   PAD
    0x080025a4   0x080025a4   0x00000058   Code   RO         1910    i.HAL_ADC_AnalogWDGConfig  stm32f1xx_hal_adc.o
    0x080025fc   0x080025fc   0x000000fc   Code   RO         1911    i.HAL_ADC_ConfigChannel  stm32f1xx_hal_adc.o
    0x080026f8   0x080026f8   0x00000002   Code   RO         1912    i.HAL_ADC_ConvCpltCallback  stm32f1xx_hal_adc.o
    0x080026fa   0x080026fa   0x00000002   Code   RO         1913    i.HAL_ADC_ConvHalfCpltCallback  stm32f1xx_hal_adc.o
    0x080026fc   0x080026fc   0x00000002   Code   RO         1915    i.HAL_ADC_ErrorCallback  stm32f1xx_hal_adc.o
    0x080026fe   0x080026fe   0x00000002   PAD
    0x08002700   0x08002700   0x0000011c   Code   RO         1920    i.HAL_ADC_Init      stm32f1xx_hal_adc.o
    0x0800281c   0x0800281c   0x00000090   Code   RO          512    i.HAL_ADC_MspInit   adc.o
    0x080028ac   0x080028ac   0x0000010c   Code   RO         1927    i.HAL_ADC_Start_DMA  stm32f1xx_hal_adc.o
    0x080029b8   0x080029b8   0x00000046   Code   RO         2560    i.HAL_DMA_Abort     stm32f1xx_hal_dma.o
    0x080029fe   0x080029fe   0x00000002   PAD
    0x08002a00   0x08002a00   0x00000098   Code   RO         2561    i.HAL_DMA_Abort_IT  stm32f1xx_hal_dma.o
    0x08002a98   0x08002a98   0x00000154   Code   RO         2565    i.HAL_DMA_IRQHandler  stm32f1xx_hal_dma.o
    0x08002bec   0x08002bec   0x0000005c   Code   RO         2566    i.HAL_DMA_Init      stm32f1xx_hal_dma.o
    0x08002c48   0x08002c48   0x00000070   Code   RO         2570    i.HAL_DMA_Start_IT  stm32f1xx_hal_dma.o
    0x08002cb8   0x08002cb8   0x0000003c   Code   RO           14    i.HAL_GPIO_EXTI_Callback  io_signal.o
    0x08002cf4   0x08002cf4   0x00000018   Code   RO         2495    i.HAL_GPIO_EXTI_IRQHandler  stm32f1xx_hal_gpio.o
    0x08002d0c   0x08002d0c   0x000001e0   Code   RO         2496    i.HAL_GPIO_Init     stm32f1xx_hal_gpio.o
    0x08002eec   0x08002eec   0x0000000a   Code   RO         2498    i.HAL_GPIO_ReadPin  stm32f1xx_hal_gpio.o
    0x08002ef6   0x08002ef6   0x0000000a   Code   RO         2500    i.HAL_GPIO_WritePin  stm32f1xx_hal_gpio.o
    0x08002f00   0x08002f00   0x0000000c   Code   RO         2192    i.HAL_GetTick       stm32f1xx_hal.o
    0x08002f0c   0x08002f0c   0x0000005a   Code   RO         3156    i.HAL_IWDG_Init     stm32f1xx_hal_iwdg.o
    0x08002f66   0x08002f66   0x0000000c   Code   RO         3157    i.HAL_IWDG_Refresh  stm32f1xx_hal_iwdg.o
    0x08002f72   0x08002f72   0x00000002   PAD
    0x08002f74   0x08002f74   0x00000010   Code   RO         2198    i.HAL_IncTick       stm32f1xx_hal.o
    0x08002f84   0x08002f84   0x00000024   Code   RO         2199    i.HAL_Init          stm32f1xx_hal.o
    0x08002fa8   0x08002fa8   0x00000074   Code   RO          910    i.HAL_InitTick      stm32f1xx_hal_timebase_tim.o
    0x0800301c   0x0800301c   0x00000048   Code   RO          886    i.HAL_MspInit       stm32f1xx_hal_msp.o
    0x08003064   0x08003064   0x00000022   Code   RO         2655    i.HAL_NVIC_DisableIRQ  stm32f1xx_hal_cortex.o
    0x08003086   0x08003086   0x0000001a   Code   RO         2656    i.HAL_NVIC_EnableIRQ  stm32f1xx_hal_cortex.o
    0x080030a0   0x080030a0   0x00000040   Code   RO         2662    i.HAL_NVIC_SetPriority  stm32f1xx_hal_cortex.o
    0x080030e0   0x080030e0   0x00000024   Code   RO         2663    i.HAL_NVIC_SetPriorityGrouping  stm32f1xx_hal_cortex.o
    0x08003104   0x08003104   0x000000ec   Code   RO         2459    i.HAL_RCCEx_PeriphCLKConfig  stm32f1xx_hal_rcc_ex.o
    0x080031f0   0x080031f0   0x0000012c   Code   RO         2356    i.HAL_RCC_ClockConfig  stm32f1xx_hal_rcc.o
    0x0800331c   0x0800331c   0x00000040   Code   RO         2360    i.HAL_RCC_GetClockConfig  stm32f1xx_hal_rcc.o
    0x0800335c   0x0800335c   0x00000020   Code   RO         2363    i.HAL_RCC_GetPCLK1Freq  stm32f1xx_hal_rcc.o
    0x0800337c   0x0800337c   0x00000020   Code   RO         2364    i.HAL_RCC_GetPCLK2Freq  stm32f1xx_hal_rcc.o
    0x0800339c   0x0800339c   0x0000006c   Code   RO         2365    i.HAL_RCC_GetSysClockFreq  stm32f1xx_hal_rcc.o
    0x08003408   0x08003408   0x00000320   Code   RO         2368    i.HAL_RCC_OscConfig  stm32f1xx_hal_rcc.o
    0x08003728   0x08003728   0x000000b2   Code   RO         3197    i.HAL_SPI_Init      stm32f1xx_hal_spi.o
    0x080037da   0x080037da   0x00000002   PAD
    0x080037dc   0x080037dc   0x00000060   Code   RO          613    i.HAL_SPI_MspInit   spi.o
    0x0800383c   0x0800383c   0x000000a8   Code   RO          257    i.HAL_SUART_Receive  io_uart.o
    0x080038e4   0x080038e4   0x0000008e   Code   RO          258    i.HAL_SUART_Transmit  io_uart.o
    0x08003972   0x08003972   0x00000042   Code   RO          259    i.HAL_Suart_EXTI_Callback  io_uart.o
    0x080039b4   0x080039b4   0x00000002   Code   RO         4214    i.HAL_TIMEx_BreakCallback  stm32f1xx_hal_tim_ex.o
    0x080039b6   0x080039b6   0x00000002   Code   RO         4215    i.HAL_TIMEx_CommutCallback  stm32f1xx_hal_tim_ex.o
    0x080039b8   0x080039b8   0x00000068   Code   RO         4233    i.HAL_TIMEx_MasterConfigSynchronization  stm32f1xx_hal_tim_ex.o
    0x08003a20   0x08003a20   0x0000005a   Code   RO         3510    i.HAL_TIM_Base_Init  stm32f1xx_hal_tim.o
    0x08003a7a   0x08003a7a   0x00000002   PAD
    0x08003a7c   0x08003a7c   0x00000078   Code   RO          655    i.HAL_TIM_Base_MspInit  tim.o
    0x08003af4   0x08003af4   0x00000058   Code   RO         3515    i.HAL_TIM_Base_Start_IT  stm32f1xx_hal_tim.o
    0x08003b4c   0x08003b4c   0x00000030   Code   RO         3518    i.HAL_TIM_Base_Stop_IT  stm32f1xx_hal_tim.o
    0x08003b7c   0x08003b7c   0x000000d6   Code   RO         3519    i.HAL_TIM_ConfigClockSource  stm32f1xx_hal_tim.o
    0x08003c52   0x08003c52   0x00000002   Code   RO         3544    i.HAL_TIM_IC_CaptureCallback  stm32f1xx_hal_tim.o
    0x08003c54   0x08003c54   0x00000166   Code   RO         3558    i.HAL_TIM_IRQHandler  stm32f1xx_hal_tim.o
    0x08003dba   0x08003dba   0x00000002   PAD
    0x08003dbc   0x08003dbc   0x00000060   Code   RO          656    i.HAL_TIM_MspPostInit  tim.o
    0x08003e1c   0x08003e1c   0x00000002   Code   RO         3561    i.HAL_TIM_OC_DelayElapsedCallback  stm32f1xx_hal_tim.o
    0x08003e1e   0x08003e1e   0x000000c6   Code   RO         3582    i.HAL_TIM_PWM_ConfigChannel  stm32f1xx_hal_tim.o
    0x08003ee4   0x08003ee4   0x0000005a   Code   RO         3585    i.HAL_TIM_PWM_Init  stm32f1xx_hal_tim.o
    0x08003f3e   0x08003f3e   0x00000002   Code   RO         3587    i.HAL_TIM_PWM_MspInit  stm32f1xx_hal_tim.o
    0x08003f40   0x08003f40   0x00000002   Code   RO         3588    i.HAL_TIM_PWM_PulseFinishedCallback  stm32f1xx_hal_tim.o
    0x08003f42   0x08003f42   0x00000002   PAD
    0x08003f44   0x08003f44   0x0000009c   Code   RO         3590    i.HAL_TIM_PWM_Start  stm32f1xx_hal_tim.o
    0x08003fe0   0x08003fe0   0x00000218   Code   RO          319    i.HAL_TIM_PeriodElapsedCallback  main.o
    0x080041f8   0x080041f8   0x00000002   Code   RO         3601    i.HAL_TIM_TriggerCallback  stm32f1xx_hal_tim.o
    0x080041fa   0x080041fa   0x00000002   Code   RO         4492    i.HAL_UARTEx_RxEventCallback  stm32f1xx_hal_uart.o
    0x080041fc   0x080041fc   0x00000058   Code   RO         4504    i.HAL_UART_DMAStop  stm32f1xx_hal_uart.o
    0x08004254   0x08004254   0x00000002   Code   RO         4506    i.HAL_UART_ErrorCallback  stm32f1xx_hal_uart.o
    0x08004256   0x08004256   0x00000002   PAD
    0x08004258   0x08004258   0x0000020c   Code   RO         4509    i.HAL_UART_IRQHandler  stm32f1xx_hal_uart.o
    0x08004464   0x08004464   0x00000062   Code   RO         4510    i.HAL_UART_Init     stm32f1xx_hal_uart.o
    0x080044c6   0x080044c6   0x00000002   PAD
    0x080044c8   0x080044c8   0x000000f8   Code   RO          715    i.HAL_UART_MspInit  usart.o
    0x080045c0   0x080045c0   0x0000002a   Code   RO         4514    i.HAL_UART_Receive_DMA  stm32f1xx_hal_uart.o
    0x080045ea   0x080045ea   0x00000002   Code   RO         4516    i.HAL_UART_RxCpltCallback  stm32f1xx_hal_uart.o
    0x080045ec   0x080045ec   0x00000002   Code   RO         4517    i.HAL_UART_RxHalfCpltCallback  stm32f1xx_hal_uart.o
    0x080045ee   0x080045ee   0x00000002   PAD
    0x080045f0   0x080045f0   0x00000080   Code   RO         4519    i.HAL_UART_Transmit_DMA  stm32f1xx_hal_uart.o
    0x08004670   0x08004670   0x00000002   Code   RO         4521    i.HAL_UART_TxCpltCallback  stm32f1xx_hal_uart.o
    0x08004672   0x08004672   0x00000002   Code   RO         4522    i.HAL_UART_TxHalfCpltCallback  stm32f1xx_hal_uart.o
    0x08004674   0x08004674   0x00000014   Code   RO          410    i.IWDG_Task         freertos.o
    0x08004688   0x08004688   0x00000090   Code   RO          513    i.MX_ADC1_Init      adc.o
    0x08004718   0x08004718   0x0000004c   Code   RO          558    i.MX_DMA_Init       dma.o
    0x08004764   0x08004764   0x000000c4   Code   RO          411    i.MX_FREERTOS_Init  freertos.o
    0x08004828   0x08004828   0x00000154   Code   RO          386    i.MX_GPIO_Init      gpio.o
    0x0800497c   0x0800497c   0x0000002c   Code   RO          582    i.MX_IWDG_Init      iwdg.o
    0x080049a8   0x080049a8   0x00000044   Code   RO          614    i.MX_SPI2_Init      spi.o
    0x080049ec   0x080049ec   0x00000038   Code   RO          260    i.MX_Suart_Init     io_uart.o
    0x08004a24   0x08004a24   0x000000a0   Code   RO          657    i.MX_TIM2_Init      tim.o
    0x08004ac4   0x08004ac4   0x00000068   Code   RO          658    i.MX_TIM3_Init      tim.o
    0x08004b2c   0x08004b2c   0x00000068   Code   RO          659    i.MX_TIM4_Init      tim.o
    0x08004b94   0x08004b94   0x00000040   Code   RO          716    i.MX_USART1_UART_Init  usart.o
    0x08004bd4   0x08004bd4   0x00000034   Code   RO          412    i.Mdbus_Task        freertos.o
    0x08004c08   0x08004c08   0x00000002   Code   RO          767    i.MemManage_Handler  stm32f1xx_it.o
    0x08004c0a   0x08004c0a   0x00000002   PAD
    0x08004c0c   0x08004c0c   0x0000001c   Code   RO         1151    i.ModbusInit        mdrtuslave.o
    0x08004c28   0x08004c28   0x00000002   Code   RO          768    i.NMI_Handler       stm32f1xx_it.o
    0x08004c2a   0x08004c2a   0x00000008   Code   RO          413    i.Read_Io_Task      freertos.o
    0x08004c32   0x08004c32   0x00000002   PAD
    0x08004c34   0x08004c34   0x0000005c   Code   RO          414    i.Shell_Task        freertos.o
    0x08004c90   0x08004c90   0x0000002c   Code   RO         6107    i.SysTick_Handler   port.o
    0x08004cbc   0x08004cbc   0x00000080   Code   RO          320    i.SystemClock_Config  main.o
    0x08004d3c   0x08004d3c   0x00000002   Code   RO         1832    i.SystemInit        system_stm32f1xx.o
    0x08004d3e   0x08004d3e   0x00000002   PAD
    0x08004d40   0x08004d40   0x0000000c   Code   RO          769    i.TIM1_UP_IRQHandler  stm32f1xx_it.o
    0x08004d4c   0x08004d4c   0x0000000c   Code   RO          770    i.TIM3_IRQHandler   stm32f1xx_it.o
    0x08004d58   0x08004d58   0x0000000c   Code   RO          771    i.TIM4_IRQHandler   stm32f1xx_it.o
    0x08004d64   0x08004d64   0x0000006c   Code   RO         3603    i.TIM_Base_SetConfig  stm32f1xx_hal_tim.o
    0x08004dd0   0x08004dd0   0x0000001a   Code   RO         3604    i.TIM_CCxChannelCmd  stm32f1xx_hal_tim.o
    0x08004dea   0x08004dea   0x00000014   Code   RO         3614    i.TIM_ETR_SetConfig  stm32f1xx_hal_tim.o
    0x08004dfe   0x08004dfe   0x00000010   Code   RO         3615    i.TIM_ITRx_SetConfig  stm32f1xx_hal_tim.o
    0x08004e0e   0x08004e0e   0x00000002   PAD
    0x08004e10   0x08004e10   0x00000050   Code   RO         3616    i.TIM_OC1_SetConfig  stm32f1xx_hal_tim.o
    0x08004e60   0x08004e60   0x00000058   Code   RO         3617    i.TIM_OC2_SetConfig  stm32f1xx_hal_tim.o
    0x08004eb8   0x08004eb8   0x00000058   Code   RO         3618    i.TIM_OC3_SetConfig  stm32f1xx_hal_tim.o
    0x08004f10   0x08004f10   0x00000044   Code   RO         3619    i.TIM_OC4_SetConfig  stm32f1xx_hal_tim.o
    0x08004f54   0x08004f54   0x00000022   Code   RO         3621    i.TIM_TI1_ConfigInputStage  stm32f1xx_hal_tim.o
    0x08004f76   0x08004f76   0x00000024   Code   RO         3623    i.TIM_TI2_ConfigInputStage  stm32f1xx_hal_tim.o
    0x08004f9a   0x08004f9a   0x00000002   Code   RO          415    i.Timer_Callback    freertos.o
    0x08004f9c   0x08004f9c   0x00000010   Code   RO         4523    i.UART_DMAAbortOnError  stm32f1xx_hal_uart.o
    0x08004fac   0x08004fac   0x0000004a   Code   RO         4524    i.UART_DMAError     stm32f1xx_hal_uart.o
    0x08004ff6   0x08004ff6   0x0000005a   Code   RO         4525    i.UART_DMAReceiveCplt  stm32f1xx_hal_uart.o
    0x08005050   0x08005050   0x0000001a   Code   RO         4527    i.UART_DMARxHalfCplt  stm32f1xx_hal_uart.o
    0x0800506a   0x0800506a   0x0000002e   Code   RO         4529    i.UART_DMATransmitCplt  stm32f1xx_hal_uart.o
    0x08005098   0x08005098   0x0000000a   Code   RO         4531    i.UART_DMATxHalfCplt  stm32f1xx_hal_uart.o
    0x080050a2   0x080050a2   0x00000030   Code   RO         4533    i.UART_EndRxTransfer  stm32f1xx_hal_uart.o
    0x080050d2   0x080050d2   0x00000012   Code   RO         4534    i.UART_EndTxTransfer  stm32f1xx_hal_uart.o
    0x080050e4   0x080050e4   0x000000b6   Code   RO         4535    i.UART_Receive_IT   stm32f1xx_hal_uart.o
    0x0800519a   0x0800519a   0x00000002   PAD
    0x0800519c   0x0800519c   0x000000b8   Code   RO         4536    i.UART_SetConfig    stm32f1xx_hal_uart.o
    0x08005254   0x08005254   0x00000070   Code   RO         4537    i.UART_Start_Receive_DMA  stm32f1xx_hal_uart.o
    0x080052c4   0x080052c4   0x00000060   Code   RO          772    i.USART1_IRQHandler  stm32f1xx_it.o
    0x08005324   0x08005324   0x00000002   Code   RO          773    i.UsageFault_Handler  stm32f1xx_it.o
    0x08005326   0x08005326   0x00000002   PAD
    0x08005328   0x08005328   0x0000002c   Code   RO         1775    i.User_Shell_Init   shell_port.o
    0x08005354   0x08005354   0x00000020   Code   RO         1776    i.User_Shell_Read   shell_port.o
    0x08005374   0x08005374   0x00000020   Code   RO         1777    i.User_Shell_Write  shell_port.o
    0x08005394   0x08005394   0x00000098   Code   RO         1266    i.Wait_Recv         at.o
    0x0800542c   0x0800542c   0x00000028   Code   RO         6610    i.__ARM_fpclassify  m_ws.l(fpclassify.o)
    0x08005454   0x08005454   0x00000020   Code   RO         2669    i.__NVIC_SetPriority  stm32f1xx_hal_cortex.o
    0x08005474   0x08005474   0x0000000e   Code   RO         6389    i._is_digit         c_w.l(__printf_wp.o)
    0x08005482   0x08005482   0x0000000c   Code   RO         5703    i.inHandlerMode     cmsis_os.o
    0x0800548e   0x0800548e   0x00000002   PAD
    0x08005490   0x08005490   0x00000080   Code   RO          321    i.main              main.o
    0x08005510   0x08005510   0x0000000c   Code   RO         5705    i.makeFreeRtosPriority  cmsis_os.o
    0x0800551c   0x0800551c   0x0000000c   Code   RO          963    i.mdClearReceiveBuffer  mdrecbuffer.o
    0x08005528   0x08005528   0x0000002c   Code   RO          946    i.mdCrc16           mdcrc16.o
    0x08005554   0x08005554   0x000000d8   Code   RO         1152    i.mdCreateModbusRTUSlave  mdrtuslave.o
    0x0800562c   0x0800562c   0x00000022   Code   RO          964    i.mdCreateReceiveBuffer  mdrecbuffer.o
    0x0800564e   0x0800564e   0x00000038   Code   RO          993    i.mdCreateRegister  mdregpool.o
    0x08005686   0x08005686   0x00000002   PAD
    0x08005688   0x08005688   0x00000168   Code   RO          994    i.mdCreateRegisterPool  mdregpool.o
    0x080057f0   0x080057f0   0x00000060   Code   RO          996    i.mdFindRegisterByAddress  mdregpool.o
    0x08005850   0x08005850   0x00000034   Code   RO          997    i.mdInsertRegister  mdregpool.o
    0x08005884   0x08005884   0x0000007e   Code   RO         1154    i.mdRTUCenterProcessor  mdrtuslave.o
    0x08005902   0x08005902   0x00000002   Code   RO         1155    i.mdRTUError        mdrtuslave.o
    0x08005904   0x08005904   0x0000001c   Code   RO         1156    i.mdRTUSendString   mdrtuslave.o
    0x08005920   0x08005920   0x00000040   Code   RO          998    i.mdReadBit         mdregpool.o
    0x08005960   0x08005960   0x0000002a   Code   RO          999    i.mdReadBits        mdregpool.o
    0x0800598a   0x0800598a   0x0000001a   Code   RO         1000    i.mdReadCoil        mdregpool.o
    0x080059a4   0x080059a4   0x0000003e   Code   RO         1001    i.mdReadCoils       mdregpool.o
    0x080059e2   0x080059e2   0x00000010   Code   RO         1002    i.mdReadHoldRegister  mdregpool.o
    0x080059f2   0x080059f2   0x00000012   Code   RO         1003    i.mdReadHoldRegisters  mdregpool.o
    0x08005a04   0x08005a04   0x0000001e   Code   RO         1004    i.mdReadInputCoil   mdregpool.o
    0x08005a22   0x08005a22   0x00000002   PAD
    0x08005a24   0x08005a24   0x00000042   Code   RO         1005    i.mdReadInputCoils  mdregpool.o
    0x08005a66   0x08005a66   0x00000010   Code   RO         1006    i.mdReadInputRegister  mdregpool.o
    0x08005a76   0x08005a76   0x00000012   Code   RO         1007    i.mdReadInputRegisters  mdregpool.o
    0x08005a88   0x08005a88   0x0000001c   Code   RO         1008    i.mdReadU16         mdregpool.o
    0x08005aa4   0x08005aa4   0x0000002a   Code   RO         1009    i.mdReadU16s        mdregpool.o
    0x08005ace   0x08005ace   0x00000060   Code   RO         1010    i.mdWriteBit        mdregpool.o
    0x08005b2e   0x08005b2e   0x00000028   Code   RO         1011    i.mdWriteBits       mdregpool.o
    0x08005b56   0x08005b56   0x00000008   Code   RO         1012    i.mdWriteCoil       mdregpool.o
    0x08005b5e   0x08005b5e   0x00000002   PAD
    0x08005b60   0x08005b60   0x00000034   Code   RO         1013    i.mdWriteCoils      mdregpool.o
    0x08005b94   0x08005b94   0x00000010   Code   RO         1014    i.mdWriteHoldRegister  mdregpool.o
    0x08005ba4   0x08005ba4   0x00000012   Code   RO         1015    i.mdWriteHoldRegisters  mdregpool.o
    0x08005bb6   0x08005bb6   0x00000010   Code   RO         1016    i.mdWriteInputCoil  mdregpool.o
    0x08005bc6   0x08005bc6   0x00000002   PAD
    0x08005bc8   0x08005bc8   0x00000038   Code   RO         1017    i.mdWriteInputCoils  mdregpool.o
    0x08005c00   0x08005c00   0x00000010   Code   RO         1018    i.mdWriteInputRegister  mdregpool.o
    0x08005c10   0x08005c10   0x00000012   Code   RO         1019    i.mdWriteInputRegisters  mdregpool.o
    0x08005c22   0x08005c22   0x00000034   Code   RO         1020    i.mdWriteU16        mdregpool.o
    0x08005c56   0x08005c56   0x00000002   PAD
    0x08005c58   0x08005c58   0x0000002c   Code   RO         1021    i.mdWriteU16s       mdregpool.o
    0x08005c84   0x08005c84   0x0000000e   Code   RO         5707    i.osDelay           cmsis_os.o
    0x08005c92   0x08005c92   0x0000000a   Code   RO         5710    i.osKernelStart     cmsis_os.o
    0x08005c9c   0x08005c9c   0x00000026   Code   RO         5719    i.osMessageCreate   cmsis_os.o
    0x08005cc2   0x08005cc2   0x00000010   Code   RO         5725    i.osMutexCreate     cmsis_os.o
    0x08005cd2   0x08005cd2   0x00000004   Code   RO         5734    i.osRecursiveMutexRelease  cmsis_os.o
    0x08005cd6   0x08005cd6   0x00000004   Code   RO         5735    i.osRecursiveMutexWait  cmsis_os.o
    0x08005cda   0x08005cda   0x0000003e   Code   RO         5736    i.osSemaphoreCreate  cmsis_os.o
    0x08005d18   0x08005d18   0x00000050   Code   RO         5739    i.osSemaphoreRelease  cmsis_os.o
    0x08005d68   0x08005d68   0x00000064   Code   RO         5740    i.osSemaphoreWait   cmsis_os.o
    0x08005dcc   0x08005dcc   0x00000054   Code   RO         5744    i.osThreadCreate    cmsis_os.o
    0x08005e20   0x08005e20   0x00000040   Code   RO         5755    i.osTimerCreate     cmsis_os.o
    0x08005e60   0x08005e60   0x0000005c   Code   RO         5757    i.osTimerStart      cmsis_os.o
    0x08005ebc   0x08005ebc   0x00000002   Code   RO         1158    i.popchar           mdrtuslave.o
    0x08005ebe   0x08005ebe   0x00000010   Code   RO         1159    i.portRtuPushChar   mdrtuslave.o
    0x08005ece   0x08005ece   0x00000012   Code   RO         1160    i.portRtuPushString  mdrtuslave.o
    0x08005ee0   0x08005ee0   0x0000001a   Code   RO         1161    i.portRtuTimerTick  mdrtuslave.o
    0x08005efa   0x08005efa   0x00000002   PAD
    0x08005efc   0x08005efc   0x00000070   Code   RO         5275    i.prvAddCurrentTaskToDelayedList  tasks.o
    0x08005f6c   0x08005f6c   0x000000d0   Code   RO         5276    i.prvAddNewTaskToReadyList  tasks.o
    0x0800603c   0x0800603c   0x00000058   Code   RO         5586    i.prvCheckForValidListAndQueue  timers.o
    0x08006094   0x08006094   0x00000026   Code   RO         4967    i.prvCopyDataFromQueue  queue.o
    0x080060ba   0x080060ba   0x0000006c   Code   RO         4968    i.prvCopyDataToQueue  queue.o
    0x08006126   0x08006126   0x00000022   Code   RO         5277    i.prvDeleteTCB      tasks.o
    0x08006148   0x08006148   0x0000004c   Code   RO         6057    i.prvHeapInit       heap_4.o
    0x08006194   0x08006194   0x00000060   Code   RO         5278    i.prvIdleTask       tasks.o
    0x080061f4   0x080061f4   0x00000016   Code   RO         4969    i.prvInitialiseMutex  queue.o
    0x0800620a   0x0800620a   0x00000016   Code   RO         4970    i.prvInitialiseNewQueue  queue.o
    0x08006220   0x08006220   0x0000008a   Code   RO         5279    i.prvInitialiseNewTask  tasks.o
    0x080062aa   0x080062aa   0x00000034   Code   RO         5587    i.prvInitialiseNewTimer  timers.o
    0x080062de   0x080062de   0x00000002   PAD
    0x080062e0   0x080062e0   0x0000004c   Code   RO         6058    i.prvInsertBlockIntoFreeList  heap_4.o
    0x0800632c   0x0800632c   0x00000038   Code   RO         5588    i.prvInsertTimerInActiveList  timers.o
    0x08006364   0x08006364   0x0000001c   Code   RO         4971    i.prvIsQueueEmpty   queue.o
    0x08006380   0x08006380   0x0000009c   Code   RO         5589    i.prvProcessReceivedCommands  timers.o
    0x0800641c   0x0800641c   0x000000a4   Code   RO         5590    i.prvProcessTimerOrBlockTask  timers.o
    0x080064c0   0x080064c0   0x00000020   Code   RO         5280    i.prvResetNextTaskUnblockTime  tasks.o
    0x080064e0   0x080064e0   0x00000028   Code   RO         5591    i.prvSampleTimeNow  timers.o
    0x08006508   0x08006508   0x00000058   Code   RO         5592    i.prvSwitchTimerLists  timers.o
    0x08006560   0x08006560   0x00000010   Code   RO         6108    i.prvTaskExitError  port.o
    0x08006570   0x08006570   0x00000024   Code   RO         5593    i.prvTimerTask      timers.o
    0x08006594   0x08006594   0x0000006a   Code   RO         4972    i.prvUnlockQueue    queue.o
    0x080065fe   0x080065fe   0x00000002   PAD
    0x08006600   0x08006600   0x00000098   Code   RO         6059    i.pvPortMalloc      heap_4.o
    0x08006698   0x08006698   0x00000018   Code   RO         5282    i.pvTaskIncrementMutexHeldCount  tasks.o
    0x080066b0   0x080066b0   0x00000024   Code   RO         6109    i.pxPortInitialiseStack  port.o
    0x080066d4   0x080066d4   0x00000006   Code   RO         1335    i.shellBackspace    shell.o
    0x080066da   0x080066da   0x0000002e   Code   RO         1336    i.shellCheckPermission  shell.o
    0x08006708   0x08006708   0x0000001c   Code   RO         1337    i.shellClear        shell.o
    0x08006724   0x08006724   0x00000030   Code   RO         1338    i.shellClearCommandLine  shell.o
    0x08006754   0x08006754   0x00000014   Code   RO         1339    i.shellCmds         shell.o
    0x08006768   0x08006768   0x00000008   Code   RO         1340    i.shellDelete       shell.o
    0x08006770   0x08006770   0x000000d6   Code   RO         1341    i.shellDeleteByte   shell.o
    0x08006846   0x08006846   0x00000002   PAD
    0x08006848   0x08006848   0x0000001c   Code   RO         1342    i.shellDeleteCommandLine  shell.o
    0x08006864   0x08006864   0x00000008   Code   RO         1343    i.shellDown         shell.o
    0x0800686c   0x0800686c   0x00000014   Code   RO         1344    i.shellEnter        shell.o
    0x08006880   0x08006880   0x00000090   Code   RO         1345    i.shellExec         shell.o
    0x08006910   0x08006910   0x00000050   Code   RO         1346    i.shellExecute      shell.o
    0x08006960   0x08006960   0x0000003c   Code   RO         1744    i.shellExtParseChar  shell_ext.o
    0x0800699c   0x0800699c   0x00000112   Code   RO         1745    i.shellExtParseNumber  shell_ext.o
    0x08006aae   0x08006aae   0x000000a0   Code   RO         1746    i.shellExtParsePara  shell_ext.o
    0x08006b4e   0x08006b4e   0x000000c6   Code   RO         1747    i.shellExtRun       shell_ext.o
    0x08006c14   0x08006c14   0x00000004   Code   RO         1347    i.shellGetCommandDesc  shell.o
    0x08006c18   0x08006c18   0x00000038   Code   RO         1348    i.shellGetCommandName  shell.o
    0x08006c50   0x08006c50   0x00000028   Code   RO         1349    i.shellGetCurrent   shell.o
    0x08006c78   0x08006c78   0x0000003e   Code   RO         1350    i.shellGetVarValue  shell.o
    0x08006cb6   0x08006cb6   0x00000002   PAD
    0x08006cb8   0x08006cb8   0x0000011c   Code   RO         1351    i.shellHandler      shell.o
    0x08006dd4   0x08006dd4   0x00000028   Code   RO         1352    i.shellHelp         shell.o
    0x08006dfc   0x08006dfc   0x00000098   Code   RO         1353    i.shellHistory      shell.o
    0x08006e94   0x08006e94   0x00000068   Code   RO         1354    i.shellHistoryAdd   shell.o
    0x08006efc   0x08006efc   0x0000009c   Code   RO         1355    i.shellInit         shell.o
    0x08006f98   0x08006f98   0x000000dc   Code   RO         1356    i.shellInsertByte   shell.o
    0x08007074   0x08007074   0x00000014   Code   RO         1357    i.shellKeys         shell.o
    0x08007088   0x08007088   0x00000020   Code   RO         1358    i.shellLeft         shell.o
    0x080070a8   0x080070a8   0x00000012   Code   RO         1359    i.shellListAll      shell.o
    0x080070ba   0x080070ba   0x00000002   PAD
    0x080070bc   0x080070bc   0x0000004c   Code   RO         1360    i.shellListCommand  shell.o
    0x08007108   0x08007108   0x000000f4   Code   RO         1361    i.shellListItem     shell.o
    0x080071fc   0x080071fc   0x00000050   Code   RO         1362    i.shellListKey      shell.o
    0x0800724c   0x0800724c   0x00000050   Code   RO         1363    i.shellListUser     shell.o
    0x0800729c   0x0800729c   0x00000050   Code   RO         1364    i.shellListVar      shell.o
    0x080072ec   0x080072ec   0x00000010   Code   RO         1365    i.shellNormalInput  shell.o
    0x080072fc   0x080072fc   0x00000078   Code   RO         1366    i.shellParserParam  shell.o
    0x08007374   0x08007374   0x00000034   Code   RO         1367    i.shellPrint        shell.o
    0x080073a8   0x080073a8   0x00000020   Code   RO         1368    i.shellRight        shell.o
    0x080073c8   0x080073c8   0x000000b8   Code   RO         1370    i.shellRunCommand   shell.o
    0x08007480   0x08007480   0x0000006e   Code   RO         1371    i.shellSeekCommand  shell.o
    0x080074ee   0x080074ee   0x00000002   PAD
    0x080074f0   0x080074f0   0x00000060   Code   RO         1372    i.shellSetUser      shell.o
    0x08007550   0x08007550   0x00000058   Code   RO         1373    i.shellSetVar       shell.o
    0x080075a8   0x080075a8   0x00000070   Code   RO         1374    i.shellSetVarValue  shell.o
    0x08007618   0x08007618   0x000000b0   Code   RO         1375    i.shellShowVar      shell.o
    0x080076c8   0x080076c8   0x00000024   Code   RO         1376    i.shellStringCompare  shell.o
    0x080076ec   0x080076ec   0x00000018   Code   RO         1377    i.shellStringCopy   shell.o
    0x08007704   0x08007704   0x00000148   Code   RO         1378    i.shellTab          shell.o
    0x0800784c   0x0800784c   0x00000024   Code   RO         1379    i.shellTask         shell.o
    0x08007870   0x08007870   0x0000004c   Code   RO         1380    i.shellToDec        shell.o
    0x080078bc   0x080078bc   0x0000002a   Code   RO         1381    i.shellToHex        shell.o
    0x080078e6   0x080078e6   0x00000006   Code   RO         1382    i.shellUp           shell.o
    0x080078ec   0x080078ec   0x00000014   Code   RO         1383    i.shellUsers        shell.o
    0x08007900   0x08007900   0x00000014   Code   RO         1384    i.shellVars         shell.o
    0x08007914   0x08007914   0x00000058   Code   RO         1385    i.shellWriteCommandHelp  shell.o
    0x0800796c   0x0800796c   0x0000005c   Code   RO         1387    i.shellWritePrompt  shell.o
    0x080079c8   0x080079c8   0x00000080   Code   RO         1388    i.shellWriteReturnValue  shell.o
    0x08007a48   0x08007a48   0x00000026   Code   RO         1389    i.shellWriteString  shell.o
    0x08007a6e   0x08007a6e   0x00000002   PAD
    0x08007a70   0x08007a70   0x00000018   Code   RO         1778    i.userShellLock     shell_port.o
    0x08007a88   0x08007a88   0x00000014   Code   RO         1779    i.userShellUnlock   shell_port.o
    0x08007a9c   0x08007a9c   0x00000026   Code   RO         4930    i.uxListRemove      list.o
    0x08007ac2   0x08007ac2   0x00000002   PAD
    0x08007ac4   0x08007ac4   0x00000014   Code   RO          416    i.vApplicationGetIdleTaskMemory  freertos.o
    0x08007ad8   0x08007ad8   0x00000018   Code   RO          417    i.vApplicationGetTimerTaskMemory  freertos.o
    0x08007af0   0x08007af0   0x00000028   Code   RO          418    i.vApplicationStackOverflowHook  freertos.o
    0x08007b18   0x08007b18   0x00000016   Code   RO         4931    i.vListInitialise   list.o
    0x08007b2e   0x08007b2e   0x00000006   Code   RO         4932    i.vListInitialiseItem  list.o
    0x08007b34   0x08007b34   0x00000030   Code   RO         4933    i.vListInsert       list.o
    0x08007b64   0x08007b64   0x00000018   Code   RO         4934    i.vListInsertEnd    list.o
    0x08007b7c   0x08007b7c   0x0000001c   Code   RO         6111    i.vPortEnterCritical  port.o
    0x08007b98   0x08007b98   0x00000014   Code   RO         6112    i.vPortExitCritical  port.o
    0x08007bac   0x08007bac   0x00000040   Code   RO         6060    i.vPortFree         heap_4.o
    0x08007bec   0x08007bec   0x00000024   Code   RO         6113    i.vPortSetupTimerInterrupt  port.o
    0x08007c10   0x08007c10   0x00000028   Code   RO         4976    i.vQueueAddToRegistry  queue.o
    0x08007c38   0x08007c38   0x00000044   Code   RO         4979    i.vQueueWaitForMessageRestricted  queue.o
    0x08007c7c   0x08007c7c   0x00000030   Code   RO         5288    i.vTaskDelay        tasks.o
    0x08007cac   0x08007cac   0x00000010   Code   RO         5291    i.vTaskInternalSetTimeOutState  tasks.o
    0x08007cbc   0x08007cbc   0x0000000c   Code   RO         5292    i.vTaskMissedYield  tasks.o
    0x08007cc8   0x08007cc8   0x00000020   Code   RO         5294    i.vTaskPlaceOnEventList  tasks.o
    0x08007ce8   0x08007ce8   0x00000028   Code   RO         5295    i.vTaskPlaceOnEventListRestricted  tasks.o
    0x08007d10   0x08007d10   0x00000080   Code   RO         5297    i.vTaskPriorityDisinheritAfterTimeout  tasks.o
    0x08007d90   0x08007d90   0x00000074   Code   RO         5302    i.vTaskStartScheduler  tasks.o
    0x08007e04   0x08007e04   0x00000010   Code   RO         5304    i.vTaskSuspendAll   tasks.o
    0x08007e14   0x08007e14   0x00000070   Code   RO         5305    i.vTaskSwitchContext  tasks.o
    0x08007e84   0x08007e84   0x00000030   Code   RO         6114    i.xPortStartScheduler  port.o
    0x08007eb4   0x08007eb4   0x00000016   Code   RO         4980    i.xQueueCreateMutex  queue.o
    0x08007eca   0x08007eca   0x0000001a   Code   RO         4981    i.xQueueCreateMutexStatic  queue.o
    0x08007ee4   0x08007ee4   0x00000036   Code   RO         4982    i.xQueueGenericCreate  queue.o
    0x08007f1a   0x08007f1a   0x0000001a   Code   RO         4983    i.xQueueGenericCreateStatic  queue.o
    0x08007f34   0x08007f34   0x00000074   Code   RO         4984    i.xQueueGenericReset  queue.o
    0x08007fa8   0x08007fa8   0x000000f8   Code   RO         4985    i.xQueueGenericSend  queue.o
    0x080080a0   0x080080a0   0x00000066   Code   RO         4986    i.xQueueGenericSendFromISR  queue.o
    0x08008106   0x08008106   0x00000056   Code   RO         4987    i.xQueueGiveFromISR  queue.o
    0x0800815c   0x0800815c   0x000000f0   Code   RO         4992    i.xQueueReceive     queue.o
    0x0800824c   0x0800824c   0x00000064   Code   RO         4993    i.xQueueReceiveFromISR  queue.o
    0x080082b0   0x080082b0   0x00000128   Code   RO         4994    i.xQueueSemaphoreTake  queue.o
    0x080083d8   0x080083d8   0x00000050   Code   RO         5306    i.xTaskCheckForTimeOut  tasks.o
    0x08008428   0x08008428   0x0000005a   Code   RO         5307    i.xTaskCreate       tasks.o
    0x08008482   0x08008482   0x00000036   Code   RO         5308    i.xTaskCreateStatic  tasks.o
    0x080084b8   0x080084b8   0x0000001c   Code   RO         5312    i.xTaskGetSchedulerState  tasks.o
    0x080084d4   0x080084d4   0x0000000c   Code   RO         5313    i.xTaskGetTickCount  tasks.o
    0x080084e0   0x080084e0   0x000000b4   Code   RO         5315    i.xTaskIncrementTick  tasks.o
    0x08008594   0x08008594   0x00000070   Code   RO         5318    i.xTaskPriorityDisinherit  tasks.o
    0x08008604   0x08008604   0x00000094   Code   RO         5319    i.xTaskPriorityInherit  tasks.o
    0x08008698   0x08008698   0x00000064   Code   RO         5320    i.xTaskRemoveFromEventList  tasks.o
    0x080086fc   0x080086fc   0x000000b4   Code   RO         5321    i.xTaskResumeAll    tasks.o
    0x080087b0   0x080087b0   0x00000034   Code   RO         5596    i.xTimerCreate      timers.o
    0x080087e4   0x080087e4   0x0000001a   Code   RO         5597    i.xTimerCreateStatic  timers.o
    0x080087fe   0x080087fe   0x00000002   PAD
    0x08008800   0x08008800   0x00000054   Code   RO         5598    i.xTimerCreateTimerTask  timers.o
    0x08008854   0x08008854   0x00000048   Code   RO         5599    i.xTimerGenericCommand  timers.o
    0x0800889c   0x0800889c   0x0000002c   Code   RO         6588    locale$$code        c_w.l(lc_numeric_c.o)
    0x080088c8   0x080088c8   0x0000002c   Code   RO         6624    locale$$code        c_w.l(lc_ctype_c.o)
    0x080088f4   0x080088f4   0x00000010   Code   RO         6422    x$fpl$dcheck1       fz_ws.l(dcheck1.o)
    0x08008904   0x08008904   0x000002b0   Code   RO         6264    x$fpl$ddiv          fz_ws.l(ddiv.o)
    0x08008bb4   0x08008bb4   0x0000005e   Code   RO         6267    x$fpl$dfix          fz_ws.l(dfix.o)
    0x08008c12   0x08008c12   0x00000002   PAD
    0x08008c14   0x08008c14   0x0000005a   Code   RO         6271    x$fpl$dfixu         fz_ws.l(dfixu.o)
    0x08008c6e   0x08008c6e   0x00000026   Code   RO         6275    x$fpl$dfltu         fz_ws.l(dflt_clz.o)
    0x08008c94   0x08008c94   0x0000009c   Code   RO         6424    x$fpl$dnaninf       fz_ws.l(dnaninf.o)
    0x08008d30   0x08008d30   0x0000000c   Code   RO         6426    x$fpl$dretinf       fz_ws.l(dretinf.o)
    0x08008d3c   0x08008d3c   0x00000184   Code   RO         6282    x$fpl$fdiv          fz_ws.l(fdiv.o)
    0x08008ec0   0x08008ec0   0x0000003e   Code   RO         6285    x$fpl$ffixu         fz_ws.l(ffixu.o)
    0x08008efe   0x08008efe   0x00000002   PAD
    0x08008f00   0x08008f00   0x00000030   Code   RO         6290    x$fpl$fflt          fz_ws.l(fflt_clz.o)
    0x08008f30   0x08008f30   0x00000026   Code   RO         6289    x$fpl$ffltu         fz_ws.l(fflt_clz.o)
    0x08008f56   0x08008f56   0x00000002   PAD
    0x08008f58   0x08008f58   0x00000102   Code   RO         6295    x$fpl$fmul          fz_ws.l(fmul.o)
    0x0800905a   0x0800905a   0x0000008c   Code   RO         6428    x$fpl$fnaninf       fz_ws.l(fnaninf.o)
    0x080090e6   0x080090e6   0x0000000a   Code   RO         6430    x$fpl$fretinf       fz_ws.l(fretinf.o)
    0x080090f0   0x080090f0   0x00000004   Code   RO         6432    x$fpl$printf1       fz_ws.l(printf1.o)
    0x080090f4   0x080090f4   0x00000004   Code   RO         6434    x$fpl$printf2       fz_ws.l(printf2.o)
    0x080090f8   0x080090f8   0x00000064   Code   RO         6541    x$fpl$retnan        fz_ws.l(retnan.o)
    0x0800915c   0x0800915c   0x0000005c   Code   RO         6297    x$fpl$scalbn        fz_ws.l(scalbn.o)
    0x080091b8   0x080091b8   0x00000030   Code   RO         6608    x$fpl$trapveneer    fz_ws.l(trapv.o)
    0x080091e8   0x080091e8   0x00000000   Code   RO         6440    x$fpl$usenofp       fz_ws.l(usenofp.o)
    0x080091e8   0x080091e8   0x00000005   Data   RO          420    .constdata          freertos.o
    0x080091ed   0x080091ed   0x00000007   Data   RO          421    .constdata          freertos.o
    0x080091f4   0x080091f4   0x00000088   Data   RO          422    .constdata          freertos.o
    0x0800927c   0x0800927c   0x00000200   Data   RO          947    .constdata          mdcrc16.o
    0x0800947c   0x0800947c   0x00000170   Data   RO         1267    .constdata          at.o
    0x080095ec   0x080095ec   0x00000003   Data   RO         1268    .constdata          at.o
    0x080095ef   0x080095ef   0x00000007   Data   RO         1269    .constdata          at.o
    0x080095f6   0x080095f6   0x0000000c   Data   RO         1270    .constdata          at.o
    0x08009602   0x08009602   0x00000004   Data   RO         1271    .constdata          at.o
    0x08009606   0x08009606   0x00000004   Data   RO         1391    .constdata          shell.o
    0x0800960a   0x0800960a   0x00000005   Data   RO         1392    .constdata          shell.o
    0x0800960f   0x0800960f   0x0000000d   Data   RO         1393    .constdata          shell.o
    0x0800961c   0x0800961c   0x00000007   Data   RO         1394    .constdata          shell.o
    0x08009623   0x08009623   0x00000008   Data   RO         1395    .constdata          shell.o
    0x0800962b   0x0800962b   0x00000003   Data   RO         1396    .constdata          shell.o
    0x0800962e   0x0800962e   0x00000005   Data   RO         1397    .constdata          shell.o
    0x08009633   0x08009633   0x00000006   Data   RO         1398    .constdata          shell.o
    0x08009639   0x08009639   0x00000005   Data   RO         1399    .constdata          shell.o
    0x0800963e   0x0800963e   0x00000004   Data   RO         1400    .constdata          shell.o
    0x08009642   0x08009642   0x0000000a   Data   RO         1401    .constdata          shell.o
    0x0800964c   0x0800964c   0x0000000a   Data   RO         1402    .constdata          shell.o
    0x08009656   0x08009656   0x00000007   Data   RO         1403    .constdata          shell.o
    0x0800965d   0x0800965d   0x00000006   Data   RO         1404    .constdata          shell.o
    0x08009663   0x08009663   0x00000006   Data   RO         1405    .constdata          shell.o
    0x08009669   0x08009669   0x00000005   Data   RO         1406    .constdata          shell.o
    0x0800966e   0x0800966e   0x0000001d   Data   RO         1407    .constdata          shell.o
    0x0800968b   0x0800968b   0x00000006   Data   RO         1408    .constdata          shell.o
    0x08009691   0x08009691   0x0000000e   Data   RO         1409    .constdata          shell.o
    0x0800969f   0x0800969f   0x00000005   Data   RO         1410    .constdata          shell.o
    0x080096a4   0x080096a4   0x0000000d   Data   RO         1411    .constdata          shell.o
    0x080096b1   0x080096b1   0x00000005   Data   RO         1412    .constdata          shell.o
    0x080096b6   0x080096b6   0x0000000d   Data   RO         1413    .constdata          shell.o
    0x080096c3   0x080096c3   0x00000005   Data   RO         1414    .constdata          shell.o
    0x080096c8   0x080096c8   0x0000000d   Data   RO         1415    .constdata          shell.o
    0x080096d5   0x080096d5   0x00000006   Data   RO         1416    .constdata          shell.o
    0x080096db   0x080096db   0x0000000e   Data   RO         1417    .constdata          shell.o
    0x080096e9   0x080096e9   0x00000005   Data   RO         1418    .constdata          shell.o
    0x080096ee   0x080096ee   0x0000001b   Data   RO         1419    .constdata          shell.o
    0x08009709   0x08009709   0x00000003   PAD
    0x0800970c   0x0800970c   0x00000010   Data   RO         1420    .constdata          shell.o
    0x0800971c   0x0800971c   0x00000010   Data   RO         1833    .constdata          system_stm32f1xx.o
    0x0800972c   0x0800972c   0x00000008   Data   RO         1834    .constdata          system_stm32f1xx.o
    0x08009734   0x08009734   0x00000008   Data   RO         6348    .constdata          c_w.l(_printf_wctomb.o)
    0x0800973c   0x0800973c   0x00000028   Data   RO         6377    .constdata          c_w.l(_printf_hex_int_ll_ptr.o)
    0x08009764   0x08009764   0x00000011   Data   RO         6397    .constdata          c_w.l(__printf_flags_ss_wp.o)
    0x08009775   0x08009775   0x00000026   Data   RO         6476    .constdata          c_w.l(_printf_fp_hex.o)
    0x0800979b   0x0800979b   0x00000001   PAD
    0x0800979c   0x0800979c   0x00000094   Data   RO         6563    .constdata          c_w.l(bigflt0.o)
    0x08009830   0x08009830   0x0000001e   Data   RO          423    .conststring        freertos.o
    0x0800984e   0x0800984e   0x00000002   PAD
    0x08009850   0x08009850   0x00000728   Data   RO         1272    .conststring        at.o
    0x08009f78   0x08009f78   0x000002b9   Data   RO         1421    .conststring        shell.o
    0x0800a231   0x0800a231   0x00000003   PAD
    0x0800a234   0x0800a234   0x00000020   Data   RO         6680    Region$$Table       anon$$obj.o
    0x0800a254   0x0800a254   0x0000001c   Data   RO         6587    locale$$data        c_w.l(lc_numeric_c.o)
    0x0800a270   0x0800a270   0x00000110   Data   RO         6623    locale$$data        c_w.l(lc_ctype_c.o)
    0x0800a380   0x0800a380   0x00000010   Data   RO          426    shellCommand        freertos.o
    0x0800a390   0x0800a390   0x00000020   Data   RO         1274    shellCommand        at.o
    0x0800a3b0   0x0800a3b0   0x00000130   Data   RO         1423    shellCommand        shell.o


    Execution Region RW_IRAM1 (Exec base: 0x20000000, Load base: 0x0800a4e0, Size: 0x00004ef0, Max: 0x00005000, ABSOLUTE, COMPRESSED[0x000000e8])

    Exec Addr    Load Addr    Size         Type   Attr      Idx    E Section Name        Object

    0x20000000   COMPRESSED   0x00000060   Data   RW           17    .data               io_signal.o
    0x20000060   COMPRESSED   0x00000010   Data   RW           18    .data               io_signal.o
    0x20000070   COMPRESSED   0x00000001   Data   RW          322    .data               main.o
    0x20000071   COMPRESSED   0x00000001   Data   RW          424    .data               freertos.o
    0x20000072   COMPRESSED   0x00000002   PAD
    0x20000074   COMPRESSED   0x00000020   Data   RW          425    .data               freertos.o
    0x20000094   COMPRESSED   0x00000010   Data   RW         1022    .data               mdregpool.o
    0x200000a4   COMPRESSED   0x00000004   Data   RW         1162    .data               mdrtuslave.o
    0x200000a8   COMPRESSED   0x00000088   Data   RW         1273    .data               at.o
    0x20000130   COMPRESSED   0x00000058   Data   RW         1422    .data               shell.o
    0x20000188   COMPRESSED   0x00000004   Data   RW         1835    .data               system_stm32f1xx.o
    0x2000018c   COMPRESSED   0x0000000c   Data   RW         2206    .data               stm32f1xx_hal.o
    0x20000198   COMPRESSED   0x0000003c   Data   RW         5324    .data               tasks.o
    0x200001d4   COMPRESSED   0x00000014   Data   RW         5605    .data               timers.o
    0x200001e8   COMPRESSED   0x00000018   Data   RW         6065    .data               heap_4.o
    0x20000200   COMPRESSED   0x00000004   Data   RW         6115    .data               port.o
    0x20000204        -       0x00000034   Zero   RW          261    .bss                io_uart.o
    0x20000238        -       0x000005a8   Zero   RW          419    .bss                freertos.o
    0x200007e0        -       0x000000b4   Zero   RW          514    .bss                adc.o
    0x20000894        -       0x0000000c   Zero   RW          583    .bss                iwdg.o
    0x200008a0        -       0x00000058   Zero   RW          615    .bss                spi.o
    0x200008f8        -       0x000000d8   Zero   RW          660    .bss                tim.o
    0x200009d0        -       0x000000cc   Zero   RW          717    .bss                usart.o
    0x20000a9c        -       0x00000048   Zero   RW          913    .bss                stm32f1xx_hal_timebase_tim.o
    0x20000ae4        -       0x0000009d   Zero   RW         1390    .bss                shell.o
    0x20000b81   COMPRESSED   0x00000003   PAD
    0x20000b84        -       0x00000074   Zero   RW         1780    .bss                shell_port.o
    0x20000bf8        -       0x00000080   Zero   RW         1781    .bss                shell_port.o
    0x20000c78        -       0x00000040   Zero   RW         4995    .bss                queue.o
    0x20000cb8        -       0x000000f0   Zero   RW         5323    .bss                tasks.o
    0x20000da8        -       0x000000e8   Zero   RW         5604    .bss                timers.o
    0x20000e90        -       0x00003800   Zero   RW         6064    .bss                heap_4.o
    0x20004690        -       0x00000060   Zero   RW         6442    .bss                c_w.l(libspace.o)
    0x200046f0        -       0x00000000   Zero   RW            2    HEAP                startup_stm32f103xb.o
    0x200046f0        -       0x00000800   Zero   RW            1    STACK               startup_stm32f103xb.o


==============================================================================

Image component sizes


      Code (inc. data)   RO Data    RW Data    ZI Data      Debug   Object Name

       288         32          0          0        180       1966   adc.o
      1236        244       2258        136          0       7991   at.o
       592         18          0          0          0      19022   cmsis_os.o
        76          4          0          0          0        782   dma.o
         0          0          0          0          0      16704   event_groups.o
       454         86        194         33       1448       8074   freertos.o
       340         16          0          0          0       1067   gpio.o
       368         24          0         24      14336       4255   heap_4.o
       136          8          0        112          0     494458   io_signal.o
       586         44          0          0         52       6169   io_uart.o
        44          8          0          0         12        723   iwdg.o
       138          0          0          0          0       3486   list.o
       796         60          0          1          0       4128   main.o
        44          6        512          0          0       1310   mdcrc16.o
        46          0          0          0          0       3007   mdrecbuffer.o
      1424        108          0         16          0      20435   mdregpool.o
       486         46          0          4          0      18342   mdrtuslave.o
       378         44          0          4          0       9756   port.o
      1748         24          0          0         64      19767   queue.o
      4318        240       1276         88        157      47114   shell.o
       692          8          0          0          0       5146   shell_ext.o
       152         42          0          0        244       3777   shell_port.o
       164         22          0          0         88       1657   spi.o
        60         22        236          0       2048        824   startup_stm32f103xb.o
        64         14          0         12          0       4718   stm32f1xx_hal.o
      1222         62          0          0          0       9496   stm32f1xx_hal_adc.o
       192         14          0          0          0      28940   stm32f1xx_hal_cortex.o
       808         36          0          0          0       5090   stm32f1xx_hal_dma.o
       524         40          0          0          0       4182   stm32f1xx_hal_gpio.o
       102          0          0          0          0       1883   stm32f1xx_hal_iwdg.o
        72         10          0          0          0        874   stm32f1xx_hal_msp.o
      1336        110          0          0          0       5925   stm32f1xx_hal_rcc.o
       236         12          0          0          0       1412   stm32f1xx_hal_rcc_ex.o
       178          0          0          0          0       1259   stm32f1xx_hal_spi.o
      1816         58          0          0          0      16801   stm32f1xx_hal_tim.o
       108         12          0          0          0       2433   stm32f1xx_hal_tim_ex.o
       116         18          0          0         72       1439   stm32f1xx_hal_timebase_tim.o
      1698         38          0          0          0      15415   stm32f1xx_hal_uart.o
       242         52          0          0          0       8819   stm32f1xx_it.o
         0          0          0          0          0       8664   stream_buffer.o
         2          0         24          4          0       1135   system_stm32f1xx.o
      2148        182          0         60        240      40477   tasks.o
       584         52          0          0        216       3758   tim.o
       914         80          0         20        232      11563   timers.o
       312         34          0          0        204       1956   usart.o

    ----------------------------------------------------------------------
     27310       1930       4540        516      19596     876199   Object Totals
         0          0         32          0          0          0   (incl. Generated)
        70          0          8          2          3          0   (incl. Padding)

    ----------------------------------------------------------------------

      Code (inc. data)   RO Data    RW Data    ZI Data      Debug   Library Member Name

        90          0          0          0          0          0   __dczerorl2.o
         8          0          0          0          0         68   __main.o
       392          4         17          0          0         92   __printf_flags_ss_wp.o
        14          0          0          0          0         68   __printf_wp.o
         0          0          0          0          0          0   __rtentry.o
        12          0          0          0          0          0   __rtentry2.o
         6          0          0          0          0          0   __rtentry4.o
        52          8          0          0          0          0   __scatter.o
        28          0          0          0          0          0   __scatter_zi.o
         6          0          0          0          0          0   _printf_a.o
         6          0          0          0          0          0   _printf_c.o
        44          0          0          0          0        108   _printf_char.o
        48          6          0          0          0         96   _printf_char_common.o
        40          0          0          0          0         68   _printf_charcount.o
         6          0          0          0          0          0   _printf_d.o
       120         16          0          0          0         92   _printf_dec.o
         6          0          0          0          0          0   _printf_e.o
         6          0          0          0          0          0   _printf_f.o
      1054          0          0          0          0        216   _printf_fp_dec.o
       764          8         38          0          0        100   _printf_fp_hex.o
       128         16          0          0          0         84   _printf_fp_infnan.o
         6          0          0          0          0          0   _printf_g.o
       148          4         40          0          0        160   _printf_hex_int_ll_ptr.o
         6          0          0          0          0          0   _printf_i.o
       178          0          0          0          0         88   _printf_intcommon.o
        10          0          0          0          0          0   _printf_l.o
         6          0          0          0          0          0   _printf_lc.o
        10          0          0          0          0          0   _printf_ll.o
         6          0          0          0          0          0   _printf_lld.o
         6          0          0          0          0          0   _printf_lli.o
         6          0          0          0          0          0   _printf_llo.o
         6          0          0          0          0          0   _printf_llu.o
         6          0          0          0          0          0   _printf_llx.o
       124         16          0          0          0         92   _printf_longlong_dec.o
         6          0          0          0          0          0   _printf_ls.o
         6          0          0          0          0          0   _printf_n.o
         6          0          0          0          0          0   _printf_o.o
       112         10          0          0          0        124   _printf_oct_int_ll.o
         6          0          0          0          0          0   _printf_p.o
        78          0          0          0          0        108   _printf_pad.o
         0          0          0          0          0          0   _printf_percent.o
         4          0          0          0          0          0   _printf_percent_end.o
         6          0          0          0          0          0   _printf_s.o
        82          0          0          0          0         80   _printf_str.o
        36          0          0          0          0         84   _printf_truncate.o
         6          0          0          0          0          0   _printf_u.o
        44          0          0          0          0        108   _printf_wchar.o
       188          6          8          0          0         92   _printf_wctomb.o
         6          0          0          0          0          0   _printf_x.o
        16          0          0          0          0         68   _snputc.o
        10          0          0          0          0         68   _sputc.o
        64          0          0          0          0         92   _wcrtomb.o
        16          0          0          0          0         68   aeabi_memset.o
       228          4        148          0          0         96   bigflt0.o
      1936        128          0          0          0        672   btod.o
        18          0          0          0          0         80   exit.o
         6          0          0          0          0        152   heapauxi.o
         0          0          0          0          0          0   indicate_semi.o
        44         10        272          0          0         76   lc_ctype_c.o
        44         10         28          0          0         76   lc_numeric_c.o
         2          0          0          0          0          0   libinit.o
        30          0          0          0          0          0   libinit2.o
         2          0          0          0          0          0   libshutdown.o
         2          0          0          0          0          0   libshutdown2.o
         8          4          0          0         96         68   libspace.o
       138          0          0          0          0         80   lludiv10.o
        16          4          0          0          0         76   rt_ctype_table.o
         8          4          0          0          0         68   rt_locale_intlibspace.o
        68          0          0          0          0         68   rt_memclr.o
        78          0          0          0          0         80   rt_memclr_w.o
       138          0          0          0          0         68   rt_memcpy_v6.o
       100          0          0          0          0         80   rt_memcpy_w.o
         2          0          0          0          0          0   rtexit.o
        10          0          0          0          0          0   rtexit2.o
        24          0          0          0          0         68   strcat.o
       128          0          0          0          0         68   strcmpv7m.o
        62          0          0          0          0         76   strlen.o
       150          0          0          0          0         80   strncmp.o
        36          0          0          0          0         80   strstr.o
        12          4          0          0          0         68   sys_exit.o
        74          0          0          0          0         80   sys_stackheap_outer.o
         2          0          0          0          0         68   use_no_semi.o
        52          4          0          0          0         80   vsnprintf.o
        16          4          0          0          0         68   dcheck1.o
       688        140          0          0          0        208   ddiv.o
        94          4          0          0          0         92   dfix.o
        90          4          0          0          0         92   dfixu.o
        38          0          0          0          0         68   dflt_clz.o
       156          4          0          0          0         92   dnaninf.o
        12          0          0          0          0         68   dretinf.o
       388         76          0          0          0         96   fdiv.o
        62          4          0          0          0         84   ffixu.o
        86          0          0          0          0        136   fflt_clz.o
       258          4          0          0          0         84   fmul.o
       140          4          0          0          0         84   fnaninf.o
        10          0          0          0          0         68   fretinf.o
         4          0          0          0          0         68   printf1.o
         4          0          0          0          0         68   printf2.o
       100          0          0          0          0         68   retnan.o
        92          0          0          0          0         68   scalbn.o
        48          0          0          0          0         68   trapv.o
         0          0          0          0          0          0   usenofp.o
        40          0          0          0          0         68   fpclassify.o

    ----------------------------------------------------------------------
      9806        510        552          0         96       6280   Library Totals
        22          0          1          0          0          0   (incl. Padding)

    ----------------------------------------------------------------------

      Code (inc. data)   RO Data    RW Data    ZI Data      Debug   Library Name

      7458        266        551          0         96       4632   c_w.l
      2286        244          0          0          0       1580   fz_ws.l
        40          0          0          0          0         68   m_ws.l

    ----------------------------------------------------------------------
      9806        510        552          0         96       6280   Library Totals

    ----------------------------------------------------------------------

==============================================================================


      Code (inc. data)   RO Data    RW Data    ZI Data      Debug   

     37116       2440       5092        516      19692     861259   Grand Totals
     37116       2440       5092        232      19692     861259   ELF Image Totals (compressed)
     37116       2440       5092        232          0          0   ROM Totals

==============================================================================

    Total RO  Size (Code + RO Data)                42208 (  41.22kB)
    Total RW  Size (RW Data + ZI Data)             20208 (  19.73kB)
    Total ROM Size (Code + RO Data + RW Data)      42440 (  41.45kB)

==============================================================================

