Component: ARM Compiler 5.06 update 6 (build 750) Tool: armlink [4d35ed]

==============================================================================

Section Cross References

    startup_stm32f030x8.o(RESET) refers to startup_stm32f030x8.o(STACK) for __initial_sp
    startup_stm32f030x8.o(RESET) refers to startup_stm32f030x8.o(.text) for Reset_Handler
    startup_stm32f030x8.o(RESET) refers to stm32f0xx_it.o(i.NMI_Handler) for NMI_Handler
    startup_stm32f030x8.o(RESET) refers to stm32f0xx_it.o(i.HardFault_Handler) for HardFault_Handler
    startup_stm32f030x8.o(RESET) refers to port.o(i.SVC_Handler) for SVC_Handler
    startup_stm32f030x8.o(RESET) refers to port.o(.emb_text) for PendSV_Handler
    startup_stm32f030x8.o(RESET) refers to port.o(i.SysTick_Handler) for SysTick_Handler
    startup_stm32f030x8.o(RESET) refers to stm32f0xx_it.o(i.EXTI4_15_IRQHandler) for EXTI4_15_IRQHandler
    startup_stm32f030x8.o(RESET) refers to stm32f0xx_it.o(i.DMA1_Channel2_3_IRQHandler) for DMA1_Channel2_3_IRQHandler
    startup_stm32f030x8.o(RESET) refers to stm32f0xx_it.o(i.DMA1_Channel4_5_IRQHandler) for DMA1_Channel4_5_IRQHandler
    startup_stm32f030x8.o(RESET) refers to stm32f0xx_it.o(i.TIM1_BRK_UP_TRG_COM_IRQHandler) for TIM1_BRK_UP_TRG_COM_IRQHandler
    startup_stm32f030x8.o(RESET) refers to stm32f0xx_it.o(i.TIM6_IRQHandler) for TIM6_IRQHandler
    startup_stm32f030x8.o(RESET) refers to stm32f0xx_it.o(i.TIM14_IRQHandler) for TIM14_IRQHandler
    startup_stm32f030x8.o(RESET) refers to stm32f0xx_it.o(i.USART1_IRQHandler) for USART1_IRQHandler
    startup_stm32f030x8.o(RESET) refers to stm32f0xx_it.o(i.USART2_IRQHandler) for USART2_IRQHandler
    startup_stm32f030x8.o(.text) refers to system_stm32f0xx.o(i.SystemInit) for SystemInit
    startup_stm32f030x8.o(.text) refers to entry.o(.ARM.Collect$$$$00000000) for __main
    modbus.o(i.Create_ModObject) refers to heap_4.o(i.pvPortMalloc) for pvPortMalloc
    modbus.o(i.Create_ModObject) refers to heap_4.o(i.vPortFree) for vPortFree
    modbus.o(i.Create_ModObject) refers to memseta.o(.text) for __aeabi_memclr
    modbus.o(i.Create_ModObject) refers to modbus.o(i.Modbus_CallBack) for Modbus_CallBack
    modbus.o(i.Create_ModObject) refers to modbus.o(i.Modbus_TI_Recive) for Modbus_TI_Recive
    modbus.o(i.Create_ModObject) refers to modbus.o(i.Modbus_Poll) for Modbus_Poll
    modbus.o(i.Create_ModObject) refers to modbus.o(i.Modbus_Send) for Modbus_Send
    modbus.o(i.Create_ModObject) refers to modbus.o(i.Modbus_46H) for Modbus_46H
    modbus.o(i.Create_ModObject) refers to modbus.o(i.Modbus_Operatex) for Modbus_Operatex
    modbus.o(i.Create_ModObject) refers to modbus.o(i.Modus_ReadXCoil) for Modus_ReadXCoil
    modbus.o(i.Create_ModObject) refers to modbus.o(i.Modus_WriteCoil) for Modus_WriteCoil
    modbus.o(i.Create_ModObject) refers to modbus.o(i.Modus_ReportSeverId) for Modus_ReportSeverId
    modbus.o(i.Free_ModObject) refers to heap_4.o(i.vPortFree) for vPortFree
    modbus.o(i.MX_ModbusInit) refers to tool.o(i.Get_CardId) for Get_CardId
    modbus.o(i.MX_ModbusInit) refers to modbus.o(i.Create_ModObject) for Create_ModObject
    modbus.o(i.MX_ModbusInit) refers to freertos.o(.data) for Cpu_ReciveHandle
    modbus.o(i.MX_ModbusInit) refers to modbus.o(.data) for .data
    modbus.o(i.MX_ModbusInit) refers to usart.o(.bss) for huart1
    modbus.o(i.MX_ModbusInit) refers to modbus.o(.bss) for .bss
    modbus.o(i.Modbus_46H) refers to memseta.o(.text) for __aeabi_memclr
    modbus.o(i.Modbus_46H) refers to memcpy.o(.text) for __aeabi_memcpy
    modbus.o(i.Modbus_CallBack) refers to modbus.o(.data) for .data
    modbus.o(i.Modbus_Handle) refers to modbus.o(.data) for .data
    modbus.o(i.Modbus_Operatex) refers to memcpy.o(.text) for memcpy
    modbus.o(i.Modbus_Poll) refers to tool.o(i.Get_Crc16) for Get_Crc16
    modbus.o(i.Modbus_Poll) refers to memseta.o(.text) for __aeabi_memclr
    modbus.o(i.Modbus_Send) refers to tool.o(i.Get_Crc16) for Get_Crc16
    modbus.o(i.Modbus_Send) refers to stm32f0xx_hal_uart.o(i.HAL_UART_Transmit_DMA) for HAL_UART_Transmit_DMA
    modbus.o(i.Modbus_TI_Recive) refers to stm32f0xx_hal_uart.o(i.HAL_UART_DMAStop) for HAL_UART_DMAStop
    modbus.o(i.Modbus_TI_Recive) refers to stm32f0xx_hal_uart.o(i.HAL_UART_Receive_DMA) for HAL_UART_Receive_DMA
    modbus.o(i.Modbus_TI_Recive) refers to cmsis_os.o(i.osSemaphoreRelease) for osSemaphoreRelease
    modbus.o(i.Modus_ReadXCoil) refers to heap_4.o(i.pvPortMalloc) for pvPortMalloc
    modbus.o(i.Modus_ReadXCoil) refers to memseta.o(.text) for __aeabi_memclr
    modbus.o(i.Modus_ReadXCoil) refers to heap_4.o(i.vPortFree) for vPortFree
    modbus.o(i.Modus_ReportSeverId) refers to memseta.o(.text) for __aeabi_memclr
    modbus.o(i.Modus_ReportSeverId) refers to tool.o(i.Get_CardId) for Get_CardId
    modbus.o(i.Modus_WriteCoil) refers to memseta.o(.text) for __aeabi_memclr
    modbus.o(i.Modus_WriteCoil) refers to memcpy.o(.text) for __aeabi_memcpy
[...]
    xYieldPending                            0x2000014c   Data           4  tasks.o(.data)
    xNumOfOverflows                          0x20000150   Data           4  tasks.o(.data)
    uxTaskNumber                             0x20000154   Data           4  tasks.o(.data)
    xNextTaskUnblockTime                     0x20000158   Data           4  tasks.o(.data)
    xIdleTaskHandle                          0x2000015c   Data           4  tasks.o(.data)
    uxSchedulerSuspended                     0x20000160   Data           4  tasks.o(.data)
    .data                                    0x20000164   Section       24  heap_4.o(.data)
    pxEnd                                    0x20000164   Data           4  heap_4.o(.data)
    xFreeBytesRemaining                      0x20000168   Data           4  heap_4.o(.data)
    xMinimumEverFreeBytesRemaining           0x2000016c   Data           4  heap_4.o(.data)
    xBlockAllocatedBit                       0x20000170   Data           4  heap_4.o(.data)
    xStart                                   0x20000174   Data           8  heap_4.o(.data)
    .data                                    0x2000017c   Section        4  port.o(.data)
    uxCriticalNesting                        0x2000017c   Data           4  port.o(.data)
    .bss                                     0x20000180   Section      184  modbus.o(.bss)
    .bss                                     0x20000238   Section       90  lora.o(.bss)
    .bss                                     0x20000294   Section       52  io_uart.o(.bss)
    .bss                                     0x200002c8   Section      336  freertos.o(.bss)
    xIdleTaskTCBBuffer                       0x200002c8   Data          80  freertos.o(.bss)
    xIdleStack                               0x20000318   Data         256  freertos.o(.bss)
    .bss                                     0x20000418   Section       16  iwdg.o(.bss)
    .bss                                     0x20000428   Section      144  tim.o(.bss)
    .bss                                     0x200004b8   Section      536  usart.o(.bss)
    .bss                                     0x200006d0   Section       72  stm32f0xx_hal_timebase_tim.o(.bss)
    .bss                                     0x20000718   Section      189  shell.o(.bss)
    shellList                                0x20000718   Data          20  shell.o(.bss)
    buffer                                   0x2000072c   Data           9  shell.o(.bss)
    .bss                                     0x200007d8   Section      116  shell_port.o(.bss)
    .bss                                     0x2000084c   Section       32  shell_port.o(.bss)
    .bss                                     0x2000086c   Section      240  tasks.o(.bss)
    pxReadyTasksLists                        0x2000086c   Data         140  tasks.o(.bss)
    xDelayedTaskList1                        0x200008f8   Data          20  tasks.o(.bss)
    xDelayedTaskList2                        0x2000090c   Data          20  tasks.o(.bss)
    xPendingReadyList                        0x20000920   Data          20  tasks.o(.bss)
    xTasksWaitingTermination                 0x20000934   Data          20  tasks.o(.bss)
    xSuspendedTaskList                       0x20000948   Data          20  tasks.o(.bss)
    .bss                                     0x2000095c   Section     5276  heap_4.o(.bss)
    ucHeap                                   0x2000095c   Data        5276  heap_4.o(.bss)
    STACK                                    0x20001df8   Section      512  startup_stm32f030x8.o(STACK)

    Global Symbols

    Symbol Name                              Value     Ov Type        Size  Object(Section)

    BuildAttributes$$THM_ISAv3M$S$PE$A:L22$X:L11$S22$IEEE1$IW$USESV6$~STKCKD$USESV7$~SHL$OTIME$ROPI$EBA8$MICROLIB$REQ8$PRES8$EABIv2 0x00000000   Number         0  anon$$obj.o ABSOLUTE
    __ARM_use_no_argv                        0x00000000   Number         0  main.o ABSOLUTE
    __cpp_initialize__aeabi_                  - Undefined Weak Reference
    __cxa_finalize                            - Undefined Weak Reference
    _clock_init                               - Undefined Weak Reference
    _microlib_exit                            - Undefined Weak Reference
    __Vectors_Size                           0x000000b4   Number         0  startup_stm32f030x8.o ABSOLUTE
    __Vectors                                0x08000000   Data           4  startup_stm32f030x8.o(RESET)
    __Vectors_End                            0x080000b4   Data           0  startup_stm32f030x8.o(RESET)
    __main                                   0x080000b5   Thumb Code     0  entry.o(.ARM.Collect$$$$00000000)
    _main_stk                                0x080000b5   Thumb Code     0  entry2.o(.ARM.Collect$$$$00000001)
    _main_scatterload                        0x080000b9   Thumb Code     0  entry5.o(.ARM.Collect$$$$00000004)
    __main_after_scatterload                 0x080000bd   Thumb Code     0  entry5.o(.ARM.Collect$$$$00000004)
    _main_clock                              0x080000bd   Thumb Code     0  entry7b.o(.ARM.Collect$$$$00000008)
    _main_cpp_init                           0x080000bd   Thumb Code     0  entry8b.o(.ARM.Collect$$$$0000000A)
    _main_init                               0x080000bd   Thumb Code     0  entry9a.o(.ARM.Collect$$$$0000000B)
    __rt_final_cpp                           0x080000c5   Thumb Code     0  entry10a.o(.ARM.Collect$$$$0000000D)
    __rt_final_exit                          0x080000c5   Thumb Code     0  entry11a.o(.ARM.Collect$$$$0000000F)
    __asm___6_port_c_39a90d8d__prvPortStartFirstTask 0x080000c9   Thumb Code    36  port.o(.emb_text)
    ulSetInterruptMaskFromISR                0x080000f1   Thumb Code     8  port.o(.emb_text)
    vClearInterruptMaskFromISR               0x080000f9   Thumb Code     6  port.o(.emb_text)
    PendSV_Handler                           0x080000ff   Thumb Code    62  port.o(.emb_text)
    Reset_Handler                            0x08000141   Thumb Code     8  startup_stm32f030x8.o(.text)
    ADC1_IRQHandler                          0x08000153   Thumb Code     0  startup_stm32f030x8.o(.text)
    DMA1_Channel1_IRQHandler                 0x08000153   Thumb Code     0  startup_stm32f030x8.o(.text)
    EXTI0_1_IRQHandler                       0x08000153   Thumb Code     0  startup_stm32f030x8.o(.text)
    EXTI2_3_IRQHandler                       0x08000153   Thumb Code     0  startup_stm32f030x8.o(.text)
    FLASH_IRQHandler                         0x08000153   Thumb Code     0  startup_stm32f030x8.o(.text)
    I2C1_IRQHandler                          0x08000153   Thumb Code     0  startup_stm32f030x8.o(.text)
    I2C2_IRQHandler                          0x08000153   Thumb Code     0  startup_stm32f030x8.o(.text)
    RCC_IRQHandler                           0x08000153   Thumb Code     0  startup_stm32f030x8.o(.text)
    RTC_IRQHandler                           0x08000153   Thumb Code     0  startup_stm32f030x8.o(.text)
    SPI1_IRQHandler                          0x08000153   Thumb Code     0  startup_stm32f030x8.o(.text)
    SPI2_IRQHandler                          0x08000153   Thumb Code     0  startup_stm32f030x8.o(.text)
    TIM15_IRQHandler                         0x08000153   Thumb Code     0  startup_stm32f030x8.o(.text)
    TIM16_IRQHandler                         0x08000153   Thumb Code     0  startup_stm32f030x8.o(.text)
    TIM17_IRQHandler                         0x08000153   Thumb Code     0  startup_stm32f030x8.o(.text)
    TIM1_CC_IRQHandler                       0x08000153   Thumb Code     0  startup_stm32f030x8.o(.text)
    TIM3_IRQHandler                          0x08000153   Thumb Code     0  startup_stm32f030x8.o(.text)
    WWDG_IRQHandler                          0x08000153   Thumb Code     0  startup_stm32f030x8.o(.text)
    __aeabi_uidiv                            0x0800015d   Thumb Code     0  uidiv.o(.text)
    __aeabi_uidivmod                         0x0800015d   Thumb Code    44  uidiv.o(.text)
    __aeabi_idiv                             0x08000189   Thumb Code     0  idiv.o(.text)
    __aeabi_idivmod                          0x08000189   Thumb Code    40  idiv.o(.text)
    __aeabi_uldivmod                         0x080001b1   Thumb Code    96  uldiv.o(.text)
    __aeabi_llsr                             0x08000211   Thumb Code    34  llushr.o(.text)
    _ll_ushift_r                             0x08000211   Thumb Code     0  llushr.o(.text)
    ___aeabi_memcpy8$ret                     0x08000233   Thumb Code     0  memcpy.o(.text)
    __aeabi_memcpy                           0x08000233   Thumb Code    40  memcpy.o(.text)
    __aeabi_memcpy4                          0x08000233   Thumb Code     0  memcpy.o(.text)
    memcpy                                   0x08000233   Thumb Code     0  memcpy.o(.text)
    __aeabi_memset                           0x0800025b   Thumb Code    14  memseta.o(.text)
    __aeabi_memset4                          0x0800025b   Thumb Code     0  memseta.o(.text)
    __aeabi_memset8                          0x0800025b   Thumb Code     0  memseta.o(.text)
    __aeabi_memclr                           0x08000269   Thumb Code     4  memseta.o(.text)
    __aeabi_memclr4                          0x08000269   Thumb Code     0  memseta.o(.text)
    __aeabi_memclr8                          0x08000269   Thumb Code     0  memseta.o(.text)
    _memset$wrapper                          0x0800026d   Thumb Code    18  memseta.o(.text)
    strcat                                   0x0800027f   Thumb Code    24  strcat.o(.text)
    strstr                                   0x08000297   Thumb Code    40  strstr.o(.text)
    strlen                                   0x080002bf   Thumb Code    14  strlen.o(.text)
    strcmp                                   0x080002cd   Thumb Code    28  strcmp.o(.text)
    strncmp                                  0x080002e9   Thumb Code    30  strncmp.o(.text)
    __aeabi_fmul                             0x08000307   Thumb Code   122  fmul.o(.text)
    __aeabi_fdiv                             0x08000381   Thumb Code   124  fdiv.o(.text)
    __aeabi_i2f                              0x080003fd   Thumb Code    22  fflti.o(.text)
    __aeabi_ui2f                             0x08000413   Thumb Code    14  ffltui.o(.text)
    __aeabi_f2uiz                            0x08000421   Thumb Code    40  ffixui.o(.text)
    __aeabi_llsl                             0x08000449   Thumb Code    32  llshl.o(.text)
    _ll_shift_l                              0x08000449   Thumb Code     0  llshl.o(.text)
    __I$use$fp                               0x08000469   Thumb Code     0  iusefp.o(.text)
    _float_round                             0x08000469   Thumb Code    16  fepilogue.o(.text)
    _float_epilogue                          0x08000479   Thumb Code   114  fepilogue.o(.text)
    __aeabi_dadd                             0x080004ed   Thumb Code   328  dadd.o(.text)
    __aeabi_dsub                             0x08000635   Thumb Code    12  dadd.o(.text)
    __aeabi_drsub                            0x08000641   Thumb Code    12  dadd.o(.text)
    __aeabi_dmul                             0x08000651   Thumb Code   202  dmul.o(.text)
    __aeabi_ddiv                             0x08000721   Thumb Code   234  ddiv.o(.text)
    __aeabi_d2ulz                            0x08000811   Thumb Code    54  dfixul.o(.text)
    __aeabi_cdrcmple                         0x08000851   Thumb Code    38  cdrcmple.o(.text)
    __scatterload                            0x08000879   Thumb Code    28  init.o(.text)
    __scatterload_rt2                        0x08000879   Thumb Code     0  init.o(.text)
    __aeabi_lasr                             0x0800089d   Thumb Code    38  llsshr.o(.text)
    _ll_sshift_r                             0x0800089d   Thumb Code     0  llsshr.o(.text)
    _double_round                            0x080008c3   Thumb Code    26  depilogue.o(.text)
    _double_epilogue                         0x080008dd   Thumb Code   164  depilogue.o(.text)
    __decompress                             0x08000981   Thumb Code     0  __dczerorl2.o(.text)
    __decompress1                            0x08000981   Thumb Code    86  __dczerorl2.o(.text)
    Add_ListItem                             0x080009d7   Thumb Code    38  lora.o(i.Add_ListItem)
    At_Handle                                0x080009fd   Thumb Code   106  at.o(i.At_Handle)
    Cpu_Task                                 0x08000bc1   Thumb Code    30  freertos.o(i.Cpu_Task)
    DMA1_Channel2_3_IRQHandler               0x08000e0d   Thumb Code    16  stm32f0xx_it.o(i.DMA1_Channel2_3_IRQHandler)
    DMA1_Channel4_5_IRQHandler               0x08000e25   Thumb Code    16  stm32f0xx_it.o(i.DMA1_Channel4_5_IRQHandler)
    EXTI4_15_IRQHandler                      0x08000e89   Thumb Code    12  stm32f0xx_it.o(i.EXTI4_15_IRQHandler)
    Error_Handler                            0x08000e95   Thumb Code     4  main.o(i.Error_Handler)
    Find_ListItem                            0x08000e99   Thumb Code    20  lora.o(i.Find_ListItem)
    Free_Mode                                0x08000ead   Thumb Code   348  at.o(i.Free_Mode)
    Get_AtCmd                                0x08001049   Thumb Code    32  at.o(i.Get_AtCmd)
    Get_CardId                               0x080010e5   Thumb Code    40  tool.o(i.Get_CardId)
    Get_Crc16                                0x08001115   Thumb Code    50  tool.o(i.Get_Crc16)
    Get_OneListItem                          0x08001163   Thumb Code    38  lora.o(i.Get_OneListItem)
    Get_OnlineDevice                         0x08001189   Thumb Code    36  lora.o(i.Get_OnlineDevice)
    Get_ValidBits                            0x080011ad   Thumb Code    30  io_uart.o(i.Get_ValidBits)
    HAL_DMA_Abort                            0x080011cb   Thumb Code    64  stm32f0xx_hal_dma.o(i.HAL_DMA_Abort)
    HAL_DMA_Abort_IT                         0x0800120b   Thumb Code    72  stm32f0xx_hal_dma.o(i.HAL_DMA_Abort_IT)
    HAL_DMA_GetError                         0x08001253   Thumb Code     4  stm32f0xx_hal_dma.o(i.HAL_DMA_GetError)
    HAL_DMA_IRQHandler                       0x08001257   Thumb Code   156  stm32f0xx_hal_dma.o(i.HAL_DMA_IRQHandler)
    HAL_DMA_Init                             0x080012f5   Thumb Code    78  stm32f0xx_hal_dma.o(i.HAL_DMA_Init)
    HAL_DMA_Start_IT                         0x08001349   Thumb Code   106  stm32f0xx_hal_dma.o(i.HAL_DMA_Start_IT)
    HAL_GPIO_EXTI_Callback                   0x080013b5   Thumb Code    62  io_uart.o(i.HAL_GPIO_EXTI_Callback)
    HAL_GPIO_EXTI_IRQHandler                 0x080013f9   Thumb Code    18  stm32f0xx_hal_gpio.o(i.HAL_GPIO_EXTI_IRQHandler)
    HAL_GPIO_Init                            0x08001411   Thumb Code   396  stm32f0xx_hal_gpio.o(i.HAL_GPIO_Init)
    HAL_GPIO_ReadPin                         0x080015b5   Thumb Code    10  stm32f0xx_hal_gpio.o(i.HAL_GPIO_ReadPin)
    HAL_GPIO_WritePin                        0x080015bf   Thumb Code    12  stm32f0xx_hal_gpio.o(i.HAL_GPIO_WritePin)
    HAL_GetTick                              0x080015cd   Thumb Code     6  stm32f0xx_hal.o(i.HAL_GetTick)
    HAL_IWDG_Init                            0x080015d9   Thumb Code    94  stm32f0xx_hal_iwdg.o(i.HAL_IWDG_Init)
    HAL_IWDG_Refresh                         0x08001645   Thumb Code    10  stm32f0xx_hal_iwdg.o(i.HAL_IWDG_Refresh)
    HAL_IncTick                              0x08001655   Thumb Code    12  stm32f0xx_hal.o(i.HAL_IncTick)
    HAL_Init                                 0x08001665   Thumb Code    26  stm32f0xx_hal.o(i.HAL_Init)
    HAL_InitTick                             0x08001685   Thumb Code    98  stm32f0xx_hal_timebase_tim.o(i.HAL_InitTick)
    HAL_MspInit                              0x080016fd   Thumb Code    44  stm32f0xx_hal_msp.o(i.HAL_MspInit)
    HAL_NVIC_DisableIRQ                      0x0800172d   Thumb Code    26  stm32f0xx_hal_cortex.o(i.HAL_NVIC_DisableIRQ)
    HAL_NVIC_EnableIRQ                       0x0800174d   Thumb Code    18  stm32f0xx_hal_cortex.o(i.HAL_NVIC_EnableIRQ)
    HAL_NVIC_SetPriority                     0x08001765   Thumb Code     8  stm32f0xx_hal_cortex.o(i.HAL_NVIC_SetPriority)
    HAL_RCCEx_PeriphCLKConfig                0x0800176d   Thumb Code   218  stm32f0xx_hal_rcc_ex.o(i.HAL_RCCEx_PeriphCLKConfig)
    HAL_RCC_ClockConfig                      0x08001855   Thumb Code   242  stm32f0xx_hal_rcc.o(i.HAL_RCC_ClockConfig)
    HAL_RCC_GetClockConfig                   0x0800195d   Thumb Code    46  stm32f0xx_hal_rcc.o(i.HAL_RCC_GetClockConfig)
    HAL_RCC_GetPCLK1Freq                     0x08001995   Thumb Code    20  stm32f0xx_hal_rcc.o(i.HAL_RCC_GetPCLK1Freq)
    HAL_RCC_GetSysClockFreq                  0x080019b5   Thumb Code    84  stm32f0xx_hal_rcc.o(i.HAL_RCC_GetSysClockFreq)
    HAL_RCC_OscConfig                        0x08001a35   Thumb Code   890  stm32f0xx_hal_rcc.o(i.HAL_RCC_OscConfig)
    HAL_SUART_Receive                        0x08001dbd   Thumb Code   160  io_uart.o(i.HAL_SUART_Receive)
    HAL_SUART_Transmit                       0x08001e61   Thumb Code   150  io_uart.o(i.HAL_SUART_Transmit)
    HAL_TIMEx_BreakCallback                  0x08001ef7   Thumb Code     2  stm32f0xx_hal_tim_ex.o(i.HAL_TIMEx_BreakCallback)
    HAL_TIMEx_CommutCallback                 0x08001ef9   Thumb Code     2  stm32f0xx_hal_tim_ex.o(i.HAL_TIMEx_CommutCallback)
    HAL_TIM_Base_Init                        0x08001efb   Thumb Code    72  stm32f0xx_hal_tim.o(i.HAL_TIM_Base_Init)
    HAL_TIM_Base_MspInit                     0x08001f45   Thumb Code    78  tim.o(i.HAL_TIM_Base_MspInit)
    HAL_TIM_Base_Start_IT                    0x08001fa1   Thumb Code    68  stm32f0xx_hal_tim.o(i.HAL_TIM_Base_Start_IT)
    HAL_TIM_Base_Stop_IT                     0x08001ff1   Thumb Code    46  stm32f0xx_hal_tim.o(i.HAL_TIM_Base_Stop_IT)
    HAL_TIM_IC_CaptureCallback               0x08002025   Thumb Code     2  stm32f0xx_hal_tim.o(i.HAL_TIM_IC_CaptureCallback)
    HAL_TIM_IRQHandler                       0x08002027   Thumb Code   354  stm32f0xx_hal_tim.o(i.HAL_TIM_IRQHandler)
    HAL_TIM_OC_DelayElapsedCallback          0x08002189   Thumb Code     2  stm32f0xx_hal_tim.o(i.HAL_TIM_OC_DelayElapsedCallback)
    HAL_TIM_PWM_PulseFinishedCallback        0x0800218b   Thumb Code     2  stm32f0xx_hal_tim.o(i.HAL_TIM_PWM_PulseFinishedCallback)
    HAL_TIM_PeriodElapsedCallback            0x0800218d   Thumb Code   500  main.o(i.HAL_TIM_PeriodElapsedCallback)
    HAL_TIM_TriggerCallback                  0x08002399   Thumb Code     2  stm32f0xx_hal_tim.o(i.HAL_TIM_TriggerCallback)
    HAL_UARTEx_RxEventCallback               0x0800239b   Thumb Code     2  stm32f0xx_hal_uart.o(i.HAL_UARTEx_RxEventCallback)
    HAL_UART_DMAStop                         0x0800239d   Thumb Code   154  stm32f0xx_hal_uart.o(i.HAL_UART_DMAStop)
    HAL_UART_ErrorCallback                   0x08002437   Thumb Code     2  stm32f0xx_hal_uart.o(i.HAL_UART_ErrorCallback)
    HAL_UART_IRQHandler                      0x08002439   Thumb Code   640  stm32f0xx_hal_uart.o(i.HAL_UART_IRQHandler)
    HAL_UART_Init                            0x080026c5   Thumb Code   106  stm32f0xx_hal_uart.o(i.HAL_UART_Init)
    HAL_UART_MspInit                         0x08002731   Thumb Code   334  usart.o(i.HAL_UART_MspInit)
    HAL_UART_Receive_DMA                     0x08002899   Thumb Code   100  stm32f0xx_hal_uart.o(i.HAL_UART_Receive_DMA)
    HAL_UART_RxCpltCallback                  0x080028fd   Thumb Code     2  stm32f0xx_hal_uart.o(i.HAL_UART_RxCpltCallback)
    HAL_UART_RxHalfCpltCallback              0x080028ff   Thumb Code     2  stm32f0xx_hal_uart.o(i.HAL_UART_RxHalfCpltCallback)
    HAL_UART_Transmit_DMA                    0x08002901   Thumb Code   180  stm32f0xx_hal_uart.o(i.HAL_UART_Transmit_DMA)
    HAL_UART_TxCpltCallback                  0x080029c1   Thumb Code     2  stm32f0xx_hal_uart.o(i.HAL_UART_TxCpltCallback)
    HAL_UART_TxHalfCpltCallback              0x080029c3   Thumb Code     2  stm32f0xx_hal_uart.o(i.HAL_UART_TxHalfCpltCallback)
    HardFault_Handler                        0x080029c5   Thumb Code     2  stm32f0xx_it.o(i.HardFault_Handler)
    IRQ_Handle                               0x080029c9   Thumb Code    24  tool.o(i.IRQ_Handle)
    IWDG_Task                                0x080029e5   Thumb Code    48  freertos.o(i.IWDG_Task)
    Lora_Task                                0x08002e21   Thumb Code    38  freertos.o(i.Lora_Task)
    MX_DMA_Init                              0x08002e4d   Thumb Code    52  dma.o(i.MX_DMA_Init)
    MX_FREERTOS_Init                         0x08002e85   Thumb Code   232  freertos.o(i.MX_FREERTOS_Init)
    MX_GPIO_Init                             0x08002f81   Thumb Code   274  gpio.o(i.MX_GPIO_Init)
    MX_IWDG_Init                             0x080030ad   Thumb Code    34  iwdg.o(i.MX_IWDG_Init)
    MX_Lora_Init                             0x080030e1   Thumb Code    62  lora.o(i.MX_Lora_Init)
    MX_ModbusInit                            0x08003135   Thumb Code    62  modbus.o(i.MX_ModbusInit)
    MX_ShellInit                             0x08003185   Thumb Code    28  shell_port.o(i.MX_ShellInit)
    MX_Suart_Init                            0x080031b5   Thumb Code    44  io_uart.o(i.MX_Suart_Init)
    MX_TIM14_Init                            0x080031ed   Thumb Code    38  tim.o(i.MX_TIM14_Init)
    MX_TIM6_Init                             0x08003221   Thumb Code    36  tim.o(i.MX_TIM6_Init)
    MX_USART1_UART_Init                      0x08003251   Thumb Code    48  usart.o(i.MX_USART1_UART_Init)
    MX_USART2_UART_Init                      0x08003289   Thumb Code    48  usart.o(i.MX_USART2_UART_Init)
    NMI_Handler                              0x080036b9   Thumb Code     2  stm32f0xx_it.o(i.NMI_Handler)
    Remove_ListItem                          0x080036bb   Thumb Code    38  lora.o(i.Remove_ListItem)
    SVC_Handler                              0x080036e1   Thumb Code     2  port.o(i.SVC_Handler)
    Shell_Task                               0x0800370d   Thumb Code    10  freertos.o(i.Shell_Task)
    SysTick_Handler                          0x08003719   Thumb Code    32  port.o(i.SysTick_Handler)
    SystemClock_Config                       0x0800373d   Thumb Code   116  main.o(i.SystemClock_Config)
    SystemInit                               0x080037b1   Thumb Code     2  system_stm32f0xx.o(i.SystemInit)
    TIM14_IRQHandler                         0x080037b5   Thumb Code    10  stm32f0xx_it.o(i.TIM14_IRQHandler)
    TIM1_BRK_UP_TRG_COM_IRQHandler           0x080037c5   Thumb Code    10  stm32f0xx_it.o(i.TIM1_BRK_UP_TRG_COM_IRQHandler)
    TIM6_IRQHandler                          0x080037d5   Thumb Code    10  stm32f0xx_it.o(i.TIM6_IRQHandler)
    TIM_Base_SetConfig                       0x080037e5   Thumb Code   112  stm32f0xx_hal_tim.o(i.TIM_Base_SetConfig)
    UART_AdvFeatureConfig                    0x0800386d   Thumb Code   202  stm32f0xx_hal_uart.o(i.UART_AdvFeatureConfig)
    UART_CheckIdleState                      0x08003939   Thumb Code    94  stm32f0xx_hal_uart.o(i.UART_CheckIdleState)
    UART_SetConfig                           0x08003b81   Thumb Code   282  stm32f0xx_hal_uart.o(i.UART_SetConfig)
    UART_Start_Receive_DMA                   0x08003cb5   Thumb Code   164  stm32f0xx_hal_uart.o(i.UART_Start_Receive_DMA)
    UART_WaitOnFlagUntilTimeout              0x08003d65   Thumb Code   212  stm32f0xx_hal_uart.o(i.UART_WaitOnFlagUntilTimeout)
    USART1_IRQHandler                        0x08003e39   Thumb Code    24  stm32f0xx_it.o(i.USART1_IRQHandler)
    USART2_IRQHandler                        0x08003e5d   Thumb Code    24  stm32f0xx_it.o(i.USART2_IRQHandler)
    User_Shell_Read                          0x08003e81   Thumb Code    26  shell_port.o(i.User_Shell_Read)
    User_Shell_Write                         0x08003ea5   Thumb Code    26  shell_port.o(i.User_Shell_Write)
    Wait_Recv                                0x08003ec9   Thumb Code   146  at.o(i.Wait_Recv)
    __0vsnprintf                             0x08003f75   Thumb Code    40  printfa.o(i.__0vsnprintf)
    __1vsnprintf                             0x08003f75   Thumb Code     0  printfa.o(i.__0vsnprintf)
    __2vsnprintf                             0x08003f75   Thumb Code     0  printfa.o(i.__0vsnprintf)
    __c89vsnprintf                           0x08003f75   Thumb Code     0  printfa.o(i.__0vsnprintf)
    vsnprintf                                0x08003f75   Thumb Code     0  printfa.o(i.__0vsnprintf)
    __ARM_clz                                0x08003fa1   Thumb Code    46  depilogue.o(i.__ARM_clz)
    __ARM_common_ll_muluu                    0x08003fcf   Thumb Code    48  stm32f0xx_hal_rcc.o(i.__ARM_common_ll_muluu)
    __ARM_common_switch8                     0x08003fff   Thumb Code    26  lora.o(i.__ARM_common_switch8)
    __scatterload_copy                       0x0800405d   Thumb Code    14  handlers.o(i.__scatterload_copy)
    __scatterload_null                       0x0800406b   Thumb Code     2  handlers.o(i.__scatterload_null)
    __scatterload_zeroinit                   0x0800406d   Thumb Code    14  handlers.o(i.__scatterload_zeroinit)
    main                                     0x0800494b   Thumb Code    50  main.o(i.main)
    osDelay                                  0x08004989   Thumb Code    16  cmsis_os.o(i.osDelay)
    osKernelStart                            0x08004999   Thumb Code    10  cmsis_os.o(i.osKernelStart)
    osMutexCreate                            0x080049a3   Thumb Code    24  cmsis_os.o(i.osMutexCreate)
    osRecursiveMutexRelease                  0x080049bb   Thumb Code     4  cmsis_os.o(i.osRecursiveMutexRelease)
    osRecursiveMutexWait                     0x080049bf   Thumb Code     4  cmsis_os.o(i.osRecursiveMutexWait)
    osSemaphoreCreate                        0x080049c3   Thumb Code    64  cmsis_os.o(i.osSemaphoreCreate)
    osSemaphoreRelease                       0x08004a05   Thumb Code    70  cmsis_os.o(i.osSemaphoreRelease)
    osSemaphoreWait                          0x08004a51   Thumb Code    94  cmsis_os.o(i.osSemaphoreWait)
    osThreadCreate                           0x08004ab5   Thumb Code    88  cmsis_os.o(i.osThreadCreate)
    pvPortMalloc                             0x08004f29   Thumb Code   186  heap_4.o(i.pvPortMalloc)
    pvTaskIncrementMutexHeldCount            0x08004fe9   Thumb Code    20  tasks.o(i.pvTaskIncrementMutexHeldCount)
    pxPortInitialiseStack                    0x08005001   Thumb Code    28  port.o(i.pxPortInitialiseStack)
    shellBackspace                           0x08005021   Thumb Code    10  shell.o(i.shellBackspace)
    shellCheckPermission                     0x0800502b   Thumb Code    48  shell.o(i.shellCheckPermission)
    shellClear                               0x0800505d   Thumb Code    20  shell.o(i.shellClear)
    shellClearCommandLine                    0x08005075   Thumb Code    44  shell.o(i.shellClearCommandLine)
    shellCmds                                0x080050a1   Thumb Code    16  shell.o(i.shellCmds)
    shellDelete                              0x080050b1   Thumb Code    12  shell.o(i.shellDelete)
    shellDeleteByte                          0x080050bd   Thumb Code   210  shell.o(i.shellDeleteByte)
    shellDeleteCommandLine                   0x08005191   Thumb Code    28  shell.o(i.shellDeleteCommandLine)
    shellDown                                0x080051b1   Thumb Code    12  shell.o(i.shellDown)
    shellEnter                               0x080051bd   Thumb Code    18  shell.o(i.shellEnter)
    shellExec                                0x080051d1   Thumb Code   132  shell.o(i.shellExec)
    shellExecute                             0x0800525d   Thumb Code    70  shell.o(i.shellExecute)
    shellExtParsePara                        0x080053e7   Thumb Code   150  shell_ext.o(i.shellExtParsePara)
    shellExtRun                              0x0800547d   Thumb Code   184  shell_ext.o(i.shellExtRun)
    shellGetCurrent                          0x08005571   Thumb Code    38  shell.o(i.shellGetCurrent)
    shellGetVarValue                         0x0800559d   Thumb Code    68  shell.o(i.shellGetVarValue)
    shellHandler                             0x080055e1   Thumb Code   290  shell.o(i.shellHandler)
    shellHelp                                0x0800570d   Thumb Code    34  shell.o(i.shellHelp)
    shellInit                                0x08005815   Thumb Code   138  shell.o(i.shellInit)
    shellInsertByte                          0x080058b1   Thumb Code   198  shell.o(i.shellInsertByte)
    shellKeys                                0x0800597d   Thumb Code    16  shell.o(i.shellKeys)
    shellLeft                                0x0800598d   Thumb Code    32  shell.o(i.shellLeft)
    shellListAll                             0x080059ad   Thumb Code    16  shell.o(i.shellListAll)
    shellListCommand                         0x080059bd   Thumb Code    72  shell.o(i.shellListCommand)
    shellListItem                            0x08005a09   Thumb Code   226  shell.o(i.shellListItem)
    shellListKey                             0x08005afd   Thumb Code    76  shell.o(i.shellListKey)
    shellListUser                            0x08005b4d   Thumb Code    76  shell.o(i.shellListUser)
    shellListVar                             0x08005b9d   Thumb Code    74  shell.o(i.shellListVar)
    shellNormalInput                         0x08005bed   Thumb Code    20  shell.o(i.shellNormalInput)
    shellPrint                               0x08005c81   Thumb Code    42  shell.o(i.shellPrint)
    shellRight                               0x08005ced   Thumb Code    32  shell.o(i.shellRight)
    shellRunCommand                          0x08005d0d   Thumb Code   128  shell.o(i.shellRunCommand)
    shellSeekCommand                         0x08005d8d   Thumb Code   108  shell.o(i.shellSeekCommand)
    shellSetVar                              0x08005e55   Thumb Code    76  shell.o(i.shellSetVar)
    shellSetVarValue                         0x08005ea5   Thumb Code   110  shell.o(i.shellSetVarValue)
    shellTab                                 0x08006005   Thumb Code   334  shell.o(i.shellTab)
    shellTask                                0x08006159   Thumb Code    38  shell.o(i.shellTask)
    shellToDec                               0x0800617f   Thumb Code    66  shell.o(i.shellToDec)
    shellToHex                               0x080061c1   Thumb Code    42  shell.o(i.shellToHex)
    shellUp                                  0x080061eb   Thumb Code    10  shell.o(i.shellUp)
    shellUsers                               0x080061f5   Thumb Code    16  shell.o(i.shellUsers)
    shellVars                                0x08006205   Thumb Code    16  shell.o(i.shellVars)
    shellWriteString                         0x08006345   Thumb Code    40  shell.o(i.shellWriteString)
    userShellLock                            0x0800636d   Thumb Code    18  shell_port.o(i.userShellLock)
    userShellUnlock                          0x08006385   Thumb Code    14  shell_port.o(i.userShellUnlock)
    uxListRemove                             0x08006399   Thumb Code    38  list.o(i.uxListRemove)
    vApplicationGetIdleTaskMemory            0x080063c1   Thumb Code    16  freertos.o(i.vApplicationGetIdleTaskMemory)
    vApplicationMallocFailedHook             0x080063d5   Thumb Code    32  freertos.o(i.vApplicationMallocFailedHook)
    vApplicationStackOverflowHook            0x08006455   Thumb Code    14  freertos.o(i.vApplicationStackOverflowHook)
    vListInitialise                          0x08006489   Thumb Code    22  list.o(i.vListInitialise)
    vListInitialiseItem                      0x0800649f   Thumb Code     6  list.o(i.vListInitialiseItem)
    vListInsert                              0x080064a5   Thumb Code    48  list.o(i.vListInsert)
    vListInsertEnd                           0x080064d5   Thumb Code    24  list.o(i.vListInsertEnd)
    vPortEnterCritical                       0x080064ed   Thumb Code    20  port.o(i.vPortEnterCritical)
    vPortExitCritical                        0x08006505   Thumb Code    22  port.o(i.vPortExitCritical)
    vPortFree                                0x08006521   Thumb Code    62  heap_4.o(i.vPortFree)
    vPortYield                               0x08006565   Thumb Code    18  port.o(i.vPortYield)
    vTaskDelay                               0x0800657d   Thumb Code    44  tasks.o(i.vTaskDelay)
    vTaskInternalSetTimeOutState             0x080065ad   Thumb Code    12  tasks.o(i.vTaskInternalSetTimeOutState)
    vTaskMissedYield                         0x080065bd   Thumb Code     8  tasks.o(i.vTaskMissedYield)
    vTaskPlaceOnEventList                    0x080065c9   Thumb Code    32  tasks.o(i.vTaskPlaceOnEventList)
    vTaskPriorityDisinheritAfterTimeout      0x080065ed   Thumb Code   104  tasks.o(i.vTaskPriorityDisinheritAfterTimeout)
    vTaskStartScheduler                      0x0800665d   Thumb Code    72  tasks.o(i.vTaskStartScheduler)
    vTaskSuspendAll                          0x080066b5   Thumb Code    10  tasks.o(i.vTaskSuspendAll)
    vTaskSwitchContext                       0x080066c5   Thumb Code   118  tasks.o(i.vTaskSwitchContext)
    xPortGetFreeHeapSize                     0x08006749   Thumb Code     6  heap_4.o(i.xPortGetFreeHeapSize)
    xPortGetMinimumEverFreeHeapSize          0x08006755   Thumb Code     6  heap_4.o(i.xPortGetMinimumEverFreeHeapSize)
    xPortStartScheduler                      0x08006761   Thumb Code    62  port.o(i.xPortStartScheduler)
    xQueueCreateMutex                        0x080067b1   Thumb Code    22  queue.o(i.xQueueCreateMutex)
    xQueueCreateMutexStatic                  0x080067c7   Thumb Code    26  queue.o(i.xQueueCreateMutexStatic)
    xQueueGenericCreate                      0x080067e1   Thumb Code    60  queue.o(i.xQueueGenericCreate)
    xQueueGenericCreateStatic                0x0800681d   Thumb Code    64  queue.o(i.xQueueGenericCreateStatic)
    xQueueGenericReset                       0x0800685d   Thumb Code   108  queue.o(i.xQueueGenericReset)
    xQueueGenericSend                        0x080068c9   Thumb Code   280  queue.o(i.xQueueGenericSend)
    xQueueGiveFromISR                        0x080069e1   Thumb Code   116  queue.o(i.xQueueGiveFromISR)
    xQueueReceiveFromISR                     0x08006a55   Thumb Code   120  queue.o(i.xQueueReceiveFromISR)
    xQueueSemaphoreTake                      0x08006acd   Thumb Code   320  queue.o(i.xQueueSemaphoreTake)
    xTaskCheckForTimeOut                     0x08006c0d   Thumb Code    86  tasks.o(i.xTaskCheckForTimeOut)
    xTaskCreate                              0x08006c69   Thumb Code    82  tasks.o(i.xTaskCreate)
    xTaskCreateStatic                        0x08006cbb   Thumb Code    68  tasks.o(i.xTaskCreateStatic)
    xTaskGetSchedulerState                   0x08006d01   Thumb Code    26  tasks.o(i.xTaskGetSchedulerState)
    xTaskIncrementTick                       0x08006d21   Thumb Code   180  tasks.o(i.xTaskIncrementTick)
    xTaskPriorityDisinherit                  0x08006ddd   Thumb Code    96  tasks.o(i.xTaskPriorityDisinherit)
    xTaskPriorityInherit                     0x08006e45   Thumb Code   110  tasks.o(i.xTaskPriorityInherit)
    xTaskRemoveFromEventList                 0x08006ebd   Thumb Code    90  tasks.o(i.xTaskRemoveFromEventList)
    xTaskResumeAll                           0x08006f21   Thumb Code   164  tasks.o(i.xTaskResumeAll)
    shellCmdLora_factory                     0x08006fcc   Data          13  lora.o(.constdata)
    shellDescLora_factory                    0x08006fd9   Data           7  lora.o(.constdata)
    shellCmdat                               0x08007234   Data           3  at.o(.constdata)
    shellDescat                              0x08007237   Data           7  at.o(.constdata)
    shellCmdDefaultUser                      0x0800723e   Data           4  shell.o(.constdata)
    shellPasswordDefaultUser                 0x08007242   Data           5  shell.o(.constdata)
    shellDesDefaultUser                      0x08007247   Data          13  shell.o(.constdata)
    shellCmdsetVar                           0x08007254   Data           7  shell.o(.constdata)
    shellDescsetVar                          0x0800725b   Data           8  shell.o(.constdata)
    shellDesc0x1B5B4100                      0x08007263   Data           3  shell.o(.constdata)
    shellDesc0x1B5B4200                      0x08007266   Data           5  shell.o(.constdata)
    shellDesc0x1B5B4300                      0x0800726b   Data           6  shell.o(.constdata)
    shellDesc0x1B5B4400                      0x08007271   Data           5  shell.o(.constdata)
    shellDesc0x09000000                      0x08007276   Data           4  shell.o(.constdata)
    shellDesc0x08000000                      0x0800727a   Data          10  shell.o(.constdata)
    shellDesc0x7F000000                      0x08007284   Data          10  shell.o(.constdata)
    shellDesc0x1B5B337E                      0x0800728e   Data           7  shell.o(.constdata)
    shellDesc0x0A000000                      0x08007295   Data           6  shell.o(.constdata)
    shellDesc0x0D000000                      0x0800729b   Data           6  shell.o(.constdata)
    shellCmdhelp                             0x080072a1   Data           5  shell.o(.constdata)
    shellDeschelp                            0x080072a6   Data          29  shell.o(.constdata)
    shellCmdusers                            0x080072c3   Data           6  shell.o(.constdata)
    shellDescusers                           0x080072c9   Data          14  shell.o(.constdata)
    shellCmdcmds                             0x080072d7   Data           5  shell.o(.constdata)
    shellDesccmds                            0x080072dc   Data          13  shell.o(.constdata)
    shellCmdvars                             0x080072e9   Data           5  shell.o(.constdata)
    shellDescvars                            0x080072ee   Data          13  shell.o(.constdata)
    shellCmdkeys                             0x080072fb   Data           5  shell.o(.constdata)
    shellDesckeys                            0x08007300   Data          13  shell.o(.constdata)
    shellCmdclear                            0x0800730d   Data           6  shell.o(.constdata)
    shellDescclear                           0x08007313   Data          14  shell.o(.constdata)
    shellCmdexec                             0x08007321   Data           5  shell.o(.constdata)
    shellDescexec                            0x08007326   Data          27  shell.o(.constdata)
    AHBPrescTable                            0x08007354   Data          16  system_stm32f0xx.o(.constdata)
    APBPrescTable                            0x08007364   Data           8  system_stm32f0xx.o(.constdata)
    Region$$Table$$Base                      0x08007d80   Number         0  anon$$obj.o(Region$$Table)
    Region$$Table$$Limit                     0x08007da0   Number         0  anon$$obj.o(Region$$Table)
    shellCommand$$Base                       0x08007da0   Number         0  lora.o(shellCommand)
    shellCommandLora_factory                 0x08007da0   Data          16  lora.o(shellCommand)
    shellCommandat                           0x08007db0   Data          16  at.o(shellCommand)
    shellUserDefault                         0x08007dc0   Data          16  shell.o(shellCommand)
    shellCommandsetVar                       0x08007dd0   Data          16  shell.o(shellCommand)
    shellKey0x1B5B4100                       0x08007de0   Data          16  shell.o(shellCommand)
    shellKey0x1B5B4200                       0x08007df0   Data          16  shell.o(shellCommand)
    shellKey0x1B5B4300                       0x08007e00   Data          16  shell.o(shellCommand)
    shellKey0x1B5B4400                       0x08007e10   Data          16  shell.o(shellCommand)
    shellKey0x09000000                       0x08007e20   Data          16  shell.o(shellCommand)
    shellKey0x08000000                       0x08007e30   Data          16  shell.o(shellCommand)
    shellKey0x7F000000                       0x08007e40   Data          16  shell.o(shellCommand)
    shellKey0x1B5B337E                       0x08007e50   Data          16  shell.o(shellCommand)
    shellKey0x0A000000                       0x08007e60   Data          16  shell.o(shellCommand)
    shellKey0x0D000000                       0x08007e70   Data          16  shell.o(shellCommand)
    shellCommandhelp                         0x08007e80   Data          16  shell.o(shellCommand)
    shellCommandusers                        0x08007e90   Data          16  shell.o(shellCommand)
    shellCommandcmds                         0x08007ea0   Data          16  shell.o(shellCommand)
    shellCommandvars                         0x08007eb0   Data          16  shell.o(shellCommand)
    shellCommandkeys                         0x08007ec0   Data          16  shell.o(shellCommand)
    shellCommandclear                        0x08007ed0   Data          16  shell.o(shellCommand)
    shellCommandexec                         0x08007ee0   Data          16  shell.o(shellCommand)
    shellCommand$$Limit                      0x08007ef0   Number         0  shell.o(shellCommand)
    Modbus_Object                            0x20000004   Data           4  modbus.o(.data)
    Lora_Object                              0x20000008   Data           4  lora.o(.data)
    shellHandle                              0x2000001c   Data           4  freertos.o(.data)
    CpuHandle                                0x20000020   Data           4  freertos.o(.data)
    LoraHandle                               0x20000024   Data           4  freertos.o(.data)
    IWDGHandle                               0x20000028   Data           4  freertos.o(.data)
    shellMutexHandle                         0x2000002c   Data           4  freertos.o(.data)
    Cpu_ReciveHandle                         0x20000030   Data           4  freertos.o(.data)
    Lora_ReciveHandle                        0x20000034   Data           4  freertos.o(.data)
    g_At_mutex                               0x20000038   Data           1  at.o(.data)
    uwTickFreq                               0x20000118   Data           1  stm32f0xx_hal.o(.data)
    uwTickPrio                               0x2000011c   Data           4  stm32f0xx_hal.o(.data)
    uwTick                                   0x20000120   Data           4  stm32f0xx_hal.o(.data)
    SystemCoreClock                          0x20000124   Data           4  system_stm32f0xx.o(.data)
    pxCurrentTCB                             0x20000128   Data           4  tasks.o(.data)
    Spool                                    0x20000180   Data         184  modbus.o(.bss)
    L_Map                                    0x20000238   Data          90  lora.o(.bss)
    S_Uart1                                  0x20000294   Data          52  io_uart.o(.bss)
    hiwdg                                    0x20000418   Data          16  iwdg.o(.bss)
    htim6                                    0x20000428   Data          72  tim.o(.bss)
    htim14                                   0x20000470   Data          72  tim.o(.bss)
    huart1                                   0x200004b8   Data         132  usart.o(.bss)
    huart2                                   0x2000053c   Data         132  usart.o(.bss)
    hdma_usart1_rx                           0x200005c0   Data          68  usart.o(.bss)
    hdma_usart1_tx                           0x20000604   Data          68  usart.o(.bss)
    hdma_usart2_rx                           0x20000648   Data          68  usart.o(.bss)
    hdma_usart2_tx                           0x2000068c   Data          68  usart.o(.bss)
    htim1                                    0x200006d0   Data          72  stm32f0xx_hal_timebase_tim.o(.bss)
    buffer                                   0x20000735   Data         160  shell.o(.bss)
    shell                                    0x200007d8   Data         116  shell_port.o(.bss)
    shell_buffer                             0x2000084c   Data          32  shell_port.o(.bss)
    __initial_sp                             0x20001ff8   Data           0  startup_stm32f030x8.o(STACK)



==============================================================================

Memory Map of the image

  Image Entry point : 0x080000b5

  Load Region LR_IROM1 (Base: 0x08000000, Size: 0x00008070, Max: 0x00010000, ABSOLUTE, COMPRESSED[0x00007fac])

    Execution Region ER_IROM1 (Exec base: 0x08000000, Load base: 0x08000000, Size: 0x00007ef0, Max: 0x00010000, ABSOLUTE)

    Exec Addr    Load Addr    Size         Type   Attr      Idx    E Section Name        Object

    0x08000000   0x08000000   0x000000b4   Data   RO            3    RESET               startup_stm32f030x8.o
    0x080000b4   0x080000b4   0x00000000   Code   RO         5360  * .ARM.Collect$$$$00000000  mc_p.l(entry.o)
    0x080000b4   0x080000b4   0x00000004   Code   RO         5433    .ARM.Collect$$$$00000001  mc_p.l(entry2.o)
    0x080000b8   0x080000b8   0x00000004   Code   RO         5436    .ARM.Collect$$$$00000004  mc_p.l(entry5.o)
    0x080000bc   0x080000bc   0x00000000   Code   RO         5438    .ARM.Collect$$$$00000008  mc_p.l(entry7b.o)
    0x080000bc   0x080000bc   0x00000000   Code   RO         5440    .ARM.Collect$$$$0000000A  mc_p.l(entry8b.o)
    0x080000bc   0x080000bc   0x00000008   Code   RO         5441    .ARM.Collect$$$$0000000B  mc_p.l(entry9a.o)
    0x080000c4   0x080000c4   0x00000000   Code   RO         5443    .ARM.Collect$$$$0000000D  mc_p.l(entry10a.o)
    0x080000c4   0x080000c4   0x00000000   Code   RO         5445    .ARM.Collect$$$$0000000F  mc_p.l(entry11a.o)
    0x080000c4   0x080000c4   0x00000004   Code   RO         5434    .ARM.Collect$$$$00002712  mc_p.l(entry2.o)
    0x080000c8   0x080000c8   0x00000078   Code   RO         5295    .emb_text           port.o
    0x08000140   0x08000140   0x0000001c   Code   RO            4    .text               startup_stm32f030x8.o
    0x0800015c   0x0800015c   0x0000002c   Code   RO         5363    .text               mc_p.l(uidiv.o)
    0x08000188   0x08000188   0x00000028   Code   RO         5365    .text               mc_p.l(idiv.o)
    0x080001b0   0x080001b0   0x00000060   Code   RO         5367    .text               mc_p.l(uldiv.o)
    0x08000210   0x08000210   0x00000022   Code   RO         5369    .text               mc_p.l(llushr.o)
    0x08000232   0x08000232   0x00000028   Code   RO         5371    .text               mc_p.l(memcpy.o)
    0x0800025a   0x0800025a   0x00000024   Code   RO         5375    .text               mc_p.l(memseta.o)
    0x0800027e   0x0800027e   0x00000018   Code   RO         5377    .text               mc_p.l(strcat.o)
    0x08000296   0x08000296   0x00000028   Code   RO         5379    .text               mc_p.l(strstr.o)
    0x080002be   0x080002be   0x0000000e   Code   RO         5381    .text               mc_p.l(strlen.o)
    0x080002cc   0x080002cc   0x0000001c   Code   RO         5383    .text               mc_p.l(strcmp.o)
    0x080002e8   0x080002e8   0x0000001e   Code   RO         5385    .text               mc_p.l(strncmp.o)
    0x08000306   0x08000306   0x0000007a   Code   RO         5421    .text               mf_p.l(fmul.o)
    0x08000380   0x08000380   0x0000007c   Code   RO         5423    .text               mf_p.l(fdiv.o)
    0x080003fc   0x080003fc   0x00000016   Code   RO         5427    .text               mf_p.l(fflti.o)
    0x08000412   0x08000412   0x0000000e   Code   RO         5429    .text               mf_p.l(ffltui.o)
    0x08000420   0x08000420   0x00000028   Code   RO         5431    .text               mf_p.l(ffixui.o)
    0x08000448   0x08000448   0x00000020   Code   RO         5450    .text               mc_p.l(llshl.o)
    0x08000468   0x08000468   0x00000000   Code   RO         5452    .text               mc_p.l(iusefp.o)
    0x08000468   0x08000468   0x00000082   Code   RO         5453    .text               mf_p.l(fepilogue.o)
    0x080004ea   0x080004ea   0x00000002   PAD
    0x080004ec   0x080004ec   0x00000164   Code   RO         5455    .text               mf_p.l(dadd.o)
    0x08000650   0x08000650   0x000000d0   Code   RO         5457    .text               mf_p.l(dmul.o)
    0x08000720   0x08000720   0x000000f0   Code   RO         5459    .text               mf_p.l(ddiv.o)
    0x08000810   0x08000810   0x00000040   Code   RO         5461    .text               mf_p.l(dfixul.o)
    0x08000850   0x08000850   0x00000028   Code   RO         5463    .text               mf_p.l(cdrcmple.o)
    0x08000878   0x08000878   0x00000024   Code   RO         5465    .text               mc_p.l(init.o)
    0x0800089c   0x0800089c   0x00000026   Code   RO         5468    .text               mc_p.l(llsshr.o)
    0x080008c2   0x080008c2   0x000000be   Code   RO         5471    .text               mf_p.l(depilogue.o)
    0x08000980   0x08000980   0x00000056   Code   RO         5483    .text               mc_p.l(__dczerorl2.o)
    0x080009d6   0x080009d6   0x00000026   Code   RO          339    i.Add_ListItem      lora.o
    0x080009fc   0x080009fc   0x00000078   Code   RO          945    i.At_Handle         at.o
    0x08000a74   0x08000a74   0x0000014c   Code   RO          946    i.Config_Mode       at.o
    0x08000bc0   0x08000bc0   0x0000001e   Code   RO          594    i.Cpu_Task          freertos.o
    0x08000bde   0x08000bde   0x00000002   PAD
    0x08000be0   0x08000be0   0x000000ec   Code   RO           12    i.Create_ModObject  modbus.o
    0x08000ccc   0x08000ccc   0x00000140   Code   RO          340    i.Create_ModObject  lora.o
    0x08000e0c   0x08000e0c   0x00000018   Code   RO          812    i.DMA1_Channel2_3_IRQHandler  stm32f0xx_it.o
    0x08000e24   0x08000e24   0x00000018   Code   RO          813    i.DMA1_Channel4_5_IRQHandler  stm32f0xx_it.o
    0x08000e3c   0x08000e3c   0x00000024   Code   RO         2344    i.DMA_CalcBaseAndBitshift  stm32f0xx_hal_dma.o
    0x08000e60   0x08000e60   0x00000028   Code   RO         2345    i.DMA_SetConfig     stm32f0xx_hal_dma.o
    0x08000e88   0x08000e88   0x0000000c   Code   RO          814    i.EXTI4_15_IRQHandler  stm32f0xx_it.o
    0x08000e94   0x08000e94   0x00000004   Code   RO          521    i.Error_Handler     main.o
    0x08000e98   0x08000e98   0x00000014   Code   RO          341    i.Find_ListItem     lora.o
    0x08000eac   0x08000eac   0x0000019c   Code   RO          947    i.Free_Mode         at.o
    0x08001048   0x08001048   0x00000020   Code   RO          948    i.Get_AtCmd         at.o
    0x08001068   0x08001068   0x0000007c   Code   RO          462    i.Get_BaudTable     io_uart.o
    0x080010e4   0x080010e4   0x00000030   Code   RO          284    i.Get_CardId        tool.o
    0x08001114   0x08001114   0x00000038   Code   RO          285    i.Get_Crc16         tool.o
    0x0800114c   0x0800114c   0x00000016   Code   RO          343    i.Get_Lora_Status   lora.o
    0x08001162   0x08001162   0x00000026   Code   RO          344    i.Get_OneListItem   lora.o
    0x08001188   0x08001188   0x00000024   Code   RO          345    i.Get_OnlineDevice  lora.o
    0x080011ac   0x080011ac   0x0000001e   Code   RO          463    i.Get_ValidBits     io_uart.o
    0x080011ca   0x080011ca   0x00000040   Code   RO         2346    i.HAL_DMA_Abort     stm32f0xx_hal_dma.o
    0x0800120a   0x0800120a   0x00000048   Code   RO         2347    i.HAL_DMA_Abort_IT  stm32f0xx_hal_dma.o
    0x08001252   0x08001252   0x00000004   Code   RO         2349    i.HAL_DMA_GetError  stm32f0xx_hal_dma.o
    0x08001256   0x08001256   0x0000009c   Code   RO         2351    i.HAL_DMA_IRQHandler  stm32f0xx_hal_dma.o
    0x080012f2   0x080012f2   0x00000002   PAD
    0x080012f4   0x080012f4   0x00000054   Code   RO         2352    i.HAL_DMA_Init      stm32f0xx_hal_dma.o
    0x08001348   0x08001348   0x0000006a   Code   RO         2356    i.HAL_DMA_Start_IT  stm32f0xx_hal_dma.o
    0x080013b2   0x080013b2   0x00000002   PAD
    0x080013b4   0x080013b4   0x00000044   Code   RO          464    i.HAL_GPIO_EXTI_Callback  io_uart.o
    0x080013f8   0x080013f8   0x00000018   Code   RO         2284    i.HAL_GPIO_EXTI_IRQHandler  stm32f0xx_hal_gpio.o
    0x08001410   0x08001410   0x000001a4   Code   RO         2285    i.HAL_GPIO_Init     stm32f0xx_hal_gpio.o
    0x080015b4   0x080015b4   0x0000000a   Code   RO         2287    i.HAL_GPIO_ReadPin  stm32f0xx_hal_gpio.o
    0x080015be   0x080015be   0x0000000c   Code   RO         2289    i.HAL_GPIO_WritePin  stm32f0xx_hal_gpio.o
    0x080015ca   0x080015ca   0x00000002   PAD
    0x080015cc   0x080015cc   0x0000000c   Code   RO         1637    i.HAL_GetTick       stm32f0xx_hal.o
    0x080015d8   0x080015d8   0x0000006c   Code   RO         2882    i.HAL_IWDG_Init     stm32f0xx_hal_iwdg.o
    0x08001644   0x08001644   0x00000010   Code   RO         2883    i.HAL_IWDG_Refresh  stm32f0xx_hal_iwdg.o
    0x08001654   0x08001654   0x00000010   Code   RO         1643    i.HAL_IncTick       stm32f0xx_hal.o
    0x08001664   0x08001664   0x00000020   Code   RO         1644    i.HAL_Init          stm32f0xx_hal.o
    0x08001684   0x08001684   0x00000078   Code   RO          910    i.HAL_InitTick      stm32f0xx_hal_timebase_tim.o
    0x080016fc   0x080016fc   0x00000030   Code   RO          890    i.HAL_MspInit       stm32f0xx_hal_msp.o
    0x0800172c   0x0800172c   0x00000020   Code   RO         2441    i.HAL_NVIC_DisableIRQ  stm32f0xx_hal_cortex.o
    0x0800174c   0x0800174c   0x00000018   Code   RO         2442    i.HAL_NVIC_EnableIRQ  stm32f0xx_hal_cortex.o
    0x08001764   0x08001764   0x00000008   Code   RO         2446    i.HAL_NVIC_SetPriority  stm32f0xx_hal_cortex.o
    0x0800176c   0x0800176c   0x000000e8   Code   RO         1598    i.HAL_RCCEx_PeriphCLKConfig  stm32f0xx_hal_rcc_ex.o
    0x08001854   0x08001854   0x00000108   Code   RO         1503    i.HAL_RCC_ClockConfig  stm32f0xx_hal_rcc.o
    0x0800195c   0x0800195c   0x00000038   Code   RO         1507    i.HAL_RCC_GetClockConfig  stm32f0xx_hal_rcc.o
    0x08001994   0x08001994   0x00000020   Code   RO         1510    i.HAL_RCC_GetPCLK1Freq  stm32f0xx_hal_rcc.o
    0x080019b4   0x080019b4   0x00000080   Code   RO         1511    i.HAL_RCC_GetSysClockFreq  stm32f0xx_hal_rcc.o
    0x08001a34   0x08001a34   0x00000388   Code   RO         1514    i.HAL_RCC_OscConfig  stm32f0xx_hal_rcc.o
    0x08001dbc   0x08001dbc   0x000000a4   Code   RO          465    i.HAL_SUART_Receive  io_uart.o
    0x08001e60   0x08001e60   0x00000096   Code   RO          466    i.HAL_SUART_Transmit  io_uart.o
    0x08001ef6   0x08001ef6   0x00000002   Code   RO         3610    i.HAL_TIMEx_BreakCallback  stm32f0xx_hal_tim_ex.o
    0x08001ef8   0x08001ef8   0x00000002   Code   RO         3611    i.HAL_TIMEx_CommutCallback  stm32f0xx_hal_tim_ex.o
    0x08001efa   0x08001efa   0x00000048   Code   RO         2910    i.HAL_TIM_Base_Init  stm32f0xx_hal_tim.o
    0x08001f42   0x08001f42   0x00000002   PAD
    0x08001f44   0x08001f44   0x0000005c   Code   RO          725    i.HAL_TIM_Base_MspInit  tim.o
    0x08001fa0   0x08001fa0   0x00000050   Code   RO         2915    i.HAL_TIM_Base_Start_IT  stm32f0xx_hal_tim.o
    0x08001ff0   0x08001ff0   0x00000034   Code   RO         2918    i.HAL_TIM_Base_Stop_IT  stm32f0xx_hal_tim.o
    0x08002024   0x08002024   0x00000002   Code   RO         2944    i.HAL_TIM_IC_CaptureCallback  stm32f0xx_hal_tim.o
    0x08002026   0x08002026   0x00000162   Code   RO         2958    i.HAL_TIM_IRQHandler  stm32f0xx_hal_tim.o
    0x08002188   0x08002188   0x00000002   Code   RO         2961    i.HAL_TIM_OC_DelayElapsedCallback  stm32f0xx_hal_tim.o
    0x0800218a   0x0800218a   0x00000002   Code   RO         2988    i.HAL_TIM_PWM_PulseFinishedCallback  stm32f0xx_hal_tim.o
    0x0800218c   0x0800218c   0x0000020c   Code   RO          522    i.HAL_TIM_PeriodElapsedCallback  main.o
    0x08002398   0x08002398   0x00000002   Code   RO         3001    i.HAL_TIM_TriggerCallback  stm32f0xx_hal_tim.o
    0x0800239a   0x0800239a   0x00000002   Code   RO         3880    i.HAL_UARTEx_RxEventCallback  stm32f0xx_hal_uart.o
    0x0800239c   0x0800239c   0x0000009a   Code   RO         3892    i.HAL_UART_DMAStop  stm32f0xx_hal_uart.o
    0x08002436   0x08002436   0x00000002   Code   RO         3896    i.HAL_UART_ErrorCallback  stm32f0xx_hal_uart.o
    0x08002438   0x08002438   0x0000028c   Code   RO         3899    i.HAL_UART_IRQHandler  stm32f0xx_hal_uart.o
    0x080026c4   0x080026c4   0x0000006a   Code   RO         3900    i.HAL_UART_Init     stm32f0xx_hal_uart.o
    0x0800272e   0x0800272e   0x00000002   PAD
    0x08002730   0x08002730   0x00000168   Code   RO          769    i.HAL_UART_MspInit  usart.o
    0x08002898   0x08002898   0x00000064   Code   RO         3904    i.HAL_UART_Receive_DMA  stm32f0xx_hal_uart.o
    0x080028fc   0x080028fc   0x00000002   Code   RO         3907    i.HAL_UART_RxCpltCallback  stm32f0xx_hal_uart.o
    0x080028fe   0x080028fe   0x00000002   Code   RO         3908    i.HAL_UART_RxHalfCpltCallback  stm32f0xx_hal_uart.o
    0x08002900   0x08002900   0x000000c0   Code   RO         3910    i.HAL_UART_Transmit_DMA  stm32f0xx_hal_uart.o
    0x080029c0   0x080029c0   0x00000002   Code   RO         3912    i.HAL_UART_TxCpltCallback  stm32f0xx_hal_uart.o
    0x080029c2   0x080029c2   0x00000002   Code   RO         3913    i.HAL_UART_TxHalfCpltCallback  stm32f0xx_hal_uart.o
    0x080029c4   0x080029c4   0x00000002   Code   RO          815    i.HardFault_Handler  stm32f0xx_it.o
    0x080029c6   0x080029c6   0x00000002   PAD
    0x080029c8   0x080029c8   0x0000001c   Code   RO          286    i.IRQ_Handle        tool.o
    0x080029e4   0x080029e4   0x0000003c   Code   RO          595    i.IWDG_Task         freertos.o
    0x08002a20   0x08002a20   0x00000048   Code   RO          346    i.Lora_CallBack     lora.o
    0x08002a68   0x08002a68   0x0000002c   Code   RO          347    i.Lora_Check_InputCoilState  lora.o
    0x08002a94   0x08002a94   0x000000b0   Code   RO          348    i.Lora_MakeFrame    lora.o
    0x08002b44   0x08002b44   0x00000108   Code   RO          349    i.Lora_Recive_Poll  lora.o
    0x08002c4c   0x08002c4c   0x0000002e   Code   RO          350    i.Lora_Send         lora.o
    0x08002c7a   0x08002c7a   0x00000048   Code   RO          351    i.Lora_TI_Recive    lora.o
    0x08002cc2   0x08002cc2   0x0000015e   Code   RO          352    i.Lora_Tansmit_Poll  lora.o
    0x08002e20   0x08002e20   0x0000002c   Code   RO          596    i.Lora_Task         freertos.o
    0x08002e4c   0x08002e4c   0x00000038   Code   RO          678    i.MX_DMA_Init       dma.o
    0x08002e84   0x08002e84   0x000000fc   Code   RO          597    i.MX_FREERTOS_Init  freertos.o
    0x08002f80   0x08002f80   0x0000012c   Code   RO          574    i.MX_GPIO_Init      gpio.o
    0x080030ac   0x080030ac   0x00000034   Code   RO          698    i.MX_IWDG_Init      iwdg.o
    0x080030e0   0x080030e0   0x00000054   Code   RO          353    i.MX_Lora_Init      lora.o
    0x08003134   0x08003134   0x00000050   Code   RO           14    i.MX_ModbusInit     modbus.o
    0x08003184   0x08003184   0x00000030   Code   RO         1450    i.MX_ShellInit      shell_port.o
    0x080031b4   0x080031b4   0x00000038   Code   RO          467    i.MX_Suart_Init     io_uart.o
    0x080031ec   0x080031ec   0x00000034   Code   RO          726    i.MX_TIM14_Init     tim.o
    0x08003220   0x08003220   0x00000030   Code   RO          727    i.MX_TIM6_Init      tim.o
    0x08003250   0x08003250   0x00000038   Code   RO          770    i.MX_USART1_UART_Init  usart.o
    0x08003288   0x08003288   0x00000038   Code   RO          771    i.MX_USART2_UART_Init  usart.o
    0x080032c0   0x080032c0   0x0000006c   Code   RO           15    i.Modbus_46H        modbus.o
    0x0800332c   0x0800332c   0x00000024   Code   RO           16    i.Modbus_CallBack   modbus.o
    0x08003350   0x08003350   0x00000056   Code   RO           18    i.Modbus_Operatex   modbus.o
    0x080033a6   0x080033a6   0x00000002   PAD
    0x080033a8   0x080033a8   0x00000094   Code   RO           19    i.Modbus_Poll       modbus.o
    0x0800343c   0x0800343c   0x00000050   Code   RO           20    i.Modbus_Send       modbus.o
    0x0800348c   0x0800348c   0x00000048   Code   RO           21    i.Modbus_TI_Recive  modbus.o
    0x080034d4   0x080034d4   0x000000f6   Code   RO           22    i.Modus_ReadXCoil   modbus.o
    0x080035ca   0x080035ca   0x0000004a   Code   RO           23    i.Modus_ReportSeverId  modbus.o
    0x08003614   0x08003614   0x000000a4   Code   RO           24    i.Modus_WriteCoil   modbus.o
    0x080036b8   0x080036b8   0x00000002   Code   RO          816    i.NMI_Handler       stm32f0xx_it.o
    0x080036ba   0x080036ba   0x00000026   Code   RO          354    i.Remove_ListItem   lora.o
    0x080036e0   0x080036e0   0x00000002   Code   RO         5296    i.SVC_Handler       port.o
    0x080036e2   0x080036e2   0x00000002   PAD
    0x080036e4   0x080036e4   0x00000028   Code   RO          355    i.Set_Lora_FactoryMode  lora.o
    0x0800370c   0x0800370c   0x0000000a   Code   RO          598    i.Shell_Task        freertos.o
    0x08003716   0x08003716   0x00000002   PAD
    0x08003718   0x08003718   0x00000024   Code   RO         5297    i.SysTick_Handler   port.o
    0x0800373c   0x0800373c   0x00000074   Code   RO          523    i.SystemClock_Config  main.o
    0x080037b0   0x080037b0   0x00000002   Code   RO         4297    i.SystemInit        system_stm32f0xx.o
    0x080037b2   0x080037b2   0x00000002   PAD
    0x080037b4   0x080037b4   0x00000010   Code   RO          817    i.TIM14_IRQHandler  stm32f0xx_it.o
    0x080037c4   0x080037c4   0x00000010   Code   RO          818    i.TIM1_BRK_UP_TRG_COM_IRQHandler  stm32f0xx_it.o
    0x080037d4   0x080037d4   0x00000010   Code   RO          819    i.TIM6_IRQHandler   stm32f0xx_it.o
    0x080037e4   0x080037e4   0x00000088   Code   RO         3003    i.TIM_Base_SetConfig  stm32f0xx_hal_tim.o
    0x0800386c   0x0800386c   0x000000ca   Code   RO         3914    i.UART_AdvFeatureConfig  stm32f0xx_hal_uart.o
    0x08003936   0x08003936   0x00000002   PAD
    0x08003938   0x08003938   0x00000064   Code   RO         3915    i.UART_CheckIdleState  stm32f0xx_hal_uart.o
    0x0800399c   0x0800399c   0x00000014   Code   RO         3916    i.UART_DMAAbortOnError  stm32f0xx_hal_uart.o
    0x080039b0   0x080039b0   0x0000004c   Code   RO         3917    i.UART_DMAError     stm32f0xx_hal_uart.o
    0x080039fc   0x080039fc   0x00000094   Code   RO         3918    i.UART_DMAReceiveCplt  stm32f0xx_hal_uart.o
    0x08003a90   0x08003a90   0x0000001c   Code   RO         3920    i.UART_DMARxHalfCplt  stm32f0xx_hal_uart.o
    0x08003aac   0x08003aac   0x0000004a   Code   RO         3922    i.UART_DMATransmitCplt  stm32f0xx_hal_uart.o
    0x08003af6   0x08003af6   0x0000000a   Code   RO         3924    i.UART_DMATxHalfCplt  stm32f0xx_hal_uart.o
    0x08003b00   0x08003b00   0x0000005e   Code   RO         3926    i.UART_EndRxTransfer  stm32f0xx_hal_uart.o
    0x08003b5e   0x08003b5e   0x00000020   Code   RO         3927    i.UART_EndTxTransfer  stm32f0xx_hal_uart.o
    0x08003b7e   0x08003b7e   0x00000002   PAD
    0x08003b80   0x08003b80   0x00000134   Code   RO         3930    i.UART_SetConfig    stm32f0xx_hal_uart.o
    0x08003cb4   0x08003cb4   0x000000b0   Code   RO         3931    i.UART_Start_Receive_DMA  stm32f0xx_hal_uart.o
    0x08003d64   0x08003d64   0x000000d4   Code   RO         3935    i.UART_WaitOnFlagUntilTimeout  stm32f0xx_hal_uart.o
    0x08003e38   0x08003e38   0x00000024   Code   RO          820    i.USART1_IRQHandler  stm32f0xx_it.o
    0x08003e5c   0x08003e5c   0x00000024   Code   RO          821    i.USART2_IRQHandler  stm32f0xx_it.o
    0x08003e80   0x08003e80   0x00000024   Code   RO         1451    i.User_Shell_Read   shell_port.o
    0x08003ea4   0x08003ea4   0x00000024   Code   RO         1452    i.User_Shell_Write  shell_port.o
    0x08003ec8   0x08003ec8   0x000000ac   Code   RO          949    i.Wait_Recv         at.o
    0x08003f74   0x08003f74   0x0000002c   Code   RO         5397    i.__0vsnprintf      mc_p.l(printfa.o)
    0x08003fa0   0x08003fa0   0x0000002e   Code   RO         5473    i.__ARM_clz         mf_p.l(depilogue.o)
    0x08003fce   0x08003fce   0x00000030   Code   RO         1588    i.__ARM_common_ll_muluu  stm32f0xx_hal_rcc.o
    0x08003ffe   0x08003ffe   0x0000001a   Code   RO          444    i.__ARM_common_switch8  lora.o
    0x08004018   0x08004018   0x00000044   Code   RO         2452    i.__NVIC_SetPriority  stm32f0xx_hal_cortex.o
    0x0800405c   0x0800405c   0x0000000e   Code   RO         5477    i.__scatterload_copy  mc_p.l(handlers.o)
    0x0800406a   0x0800406a   0x00000002   Code   RO         5478    i.__scatterload_null  mc_p.l(handlers.o)
    0x0800406c   0x0800406c   0x0000000e   Code   RO         5479    i.__scatterload_zeroinit  mc_p.l(handlers.o)
    0x0800407a   0x0800407a   0x00000002   PAD
    0x0800407c   0x0800407c   0x00000174   Code   RO         5399    i._fp_digits        mc_p.l(printfa.o)
    0x080041f0   0x080041f0   0x000006ec   Code   RO         5400    i._printf_core      mc_p.l(printfa.o)
    0x080048dc   0x080048dc   0x00000020   Code   RO         5401    i._printf_post_padding  mc_p.l(printfa.o)
    0x080048fc   0x080048fc   0x0000002c   Code   RO         5402    i._printf_pre_padding  mc_p.l(printfa.o)
    0x08004928   0x08004928   0x00000016   Code   RO         5403    i._snputc           mc_p.l(printfa.o)
    0x0800493e   0x0800493e   0x0000000c   Code   RO         4895    i.inHandlerMode     cmsis_os.o
    0x0800494a   0x0800494a   0x00000032   Code   RO          524    i.main              main.o
    0x0800497c   0x0800497c   0x0000000c   Code   RO         4897    i.makeFreeRtosPriority  cmsis_os.o
    0x08004988   0x08004988   0x00000010   Code   RO         4899    i.osDelay           cmsis_os.o
    0x08004998   0x08004998   0x0000000a   Code   RO         4902    i.osKernelStart     cmsis_os.o
    0x080049a2   0x080049a2   0x00000018   Code   RO         4917    i.osMutexCreate     cmsis_os.o
    0x080049ba   0x080049ba   0x00000004   Code   RO         4926    i.osRecursiveMutexRelease  cmsis_os.o
    0x080049be   0x080049be   0x00000004   Code   RO         4927    i.osRecursiveMutexWait  cmsis_os.o
    0x080049c2   0x080049c2   0x00000040   Code   RO         4928    i.osSemaphoreCreate  cmsis_os.o
    0x08004a02   0x08004a02   0x00000002   PAD
    0x08004a04   0x08004a04   0x0000004c   Code   RO         4931    i.osSemaphoreRelease  cmsis_os.o
    0x08004a50   0x08004a50   0x00000064   Code   RO         4932    i.osSemaphoreWait   cmsis_os.o
    0x08004ab4   0x08004ab4   0x00000058   Code   RO         4936    i.osThreadCreate    cmsis_os.o
    0x08004b0c   0x08004b0c   0x00000058   Code   RO         4631    i.prvAddCurrentTaskToDelayedList  tasks.o
    0x08004b64   0x08004b64   0x000000b8   Code   RO         4632    i.prvAddNewTaskToReadyList  tasks.o
    0x08004c1c   0x08004c1c   0x00000026   Code   RO         4457    i.prvCopyDataFromQueue  queue.o
    0x08004c42   0x08004c42   0x00000070   Code   RO         4458    i.prvCopyDataToQueue  queue.o
    0x08004cb2   0x08004cb2   0x00000026   Code   RO         4633    i.prvDeleteTCB      tasks.o
    0x08004cd8   0x08004cd8   0x00000048   Code   RO         5246    i.prvHeapInit       heap_4.o
    0x08004d20   0x08004d20   0x00000048   Code   RO         4634    i.prvIdleTask       tasks.o
    0x08004d68   0x08004d68   0x00000018   Code   RO         4459    i.prvInitialiseMutex  queue.o
    0x08004d80   0x08004d80   0x0000001c   Code   RO         4460    i.prvInitialiseNewQueue  queue.o
    0x08004d9c   0x08004d9c   0x0000007e   Code   RO         4635    i.prvInitialiseNewTask  tasks.o
    0x08004e1a   0x08004e1a   0x00000002   PAD
    0x08004e1c   0x08004e1c   0x0000004c   Code   RO         5247    i.prvInsertBlockIntoFreeList  heap_4.o
    0x08004e68   0x08004e68   0x0000001c   Code   RO         4461    i.prvIsQueueEmpty   queue.o
    0x08004e84   0x08004e84   0x00000020   Code   RO         4636    i.prvResetNextTaskUnblockTime  tasks.o
    0x08004ea4   0x08004ea4   0x00000014   Code   RO         5298    i.prvTaskExitError  port.o
    0x08004eb8   0x08004eb8   0x00000070   Code   RO         4462    i.prvUnlockQueue    queue.o
    0x08004f28   0x08004f28   0x000000c0   Code   RO         5248    i.pvPortMalloc      heap_4.o
    0x08004fe8   0x08004fe8   0x00000018   Code   RO         4638    i.pvTaskIncrementMutexHeldCount  tasks.o
    0x08005000   0x08005000   0x00000020   Code   RO         5299    i.pxPortInitialiseStack  port.o
    0x08005020   0x08005020   0x0000000a   Code   RO         1005    i.shellBackspace    shell.o
    0x0800502a   0x0800502a   0x00000030   Code   RO         1006    i.shellCheckPermission  shell.o
    0x0800505a   0x0800505a   0x00000002   PAD
    0x0800505c   0x0800505c   0x00000018   Code   RO         1007    i.shellClear        shell.o
    0x08005074   0x08005074   0x0000002c   Code   RO         1008    i.shellClearCommandLine  shell.o
    0x080050a0   0x080050a0   0x00000010   Code   RO         1009    i.shellCmds         shell.o
    0x080050b0   0x080050b0   0x0000000c   Code   RO         1010    i.shellDelete       shell.o
    0x080050bc   0x080050bc   0x000000d2   Code   RO         1011    i.shellDeleteByte   shell.o
    0x0800518e   0x0800518e   0x00000002   PAD
    0x08005190   0x08005190   0x00000020   Code   RO         1012    i.shellDeleteCommandLine  shell.o
    0x080051b0   0x080051b0   0x0000000c   Code   RO         1013    i.shellDown         shell.o
    0x080051bc   0x080051bc   0x00000012   Code   RO         1014    i.shellEnter        shell.o
    0x080051ce   0x080051ce   0x00000002   PAD
    0x080051d0   0x080051d0   0x0000008c   Code   RO         1015    i.shellExec         shell.o
    0x0800525c   0x0800525c   0x00000050   Code   RO         1016    i.shellExecute      shell.o
    0x080052ac   0x080052ac   0x0000003c   Code   RO         1420    i.shellExtParseChar  shell_ext.o
    0x080052e8   0x080052e8   0x000000fe   Code   RO         1421    i.shellExtParseNumber  shell_ext.o
    0x080053e6   0x080053e6   0x00000096   Code   RO         1422    i.shellExtParsePara  shell_ext.o
    0x0800547c   0x0800547c   0x000000b8   Code   RO         1423    i.shellExtRun       shell_ext.o
    0x08005534   0x08005534   0x00000004   Code   RO         1017    i.shellGetCommandDesc  shell.o
    0x08005538   0x08005538   0x00000038   Code   RO         1018    i.shellGetCommandName  shell.o
    0x08005570   0x08005570   0x0000002c   Code   RO         1019    i.shellGetCurrent   shell.o
    0x0800559c   0x0800559c   0x00000044   Code   RO         1020    i.shellGetVarValue  shell.o
    0x080055e0   0x080055e0   0x0000012c   Code   RO         1021    i.shellHandler      shell.o
    0x0800570c   0x0800570c   0x00000022   Code   RO         1022    i.shellHelp         shell.o
    0x0800572e   0x0800572e   0x00000088   Code   RO         1023    i.shellHistory      shell.o
    0x080057b6   0x080057b6   0x0000005c   Code   RO         1024    i.shellHistoryAdd   shell.o
    0x08005812   0x08005812   0x00000002   PAD
    0x08005814   0x08005814   0x0000009c   Code   RO         1025    i.shellInit         shell.o
    0x080058b0   0x080058b0   0x000000cc   Code   RO         1026    i.shellInsertByte   shell.o
    0x0800597c   0x0800597c   0x00000010   Code   RO         1027    i.shellKeys         shell.o
    0x0800598c   0x0800598c   0x00000020   Code   RO         1028    i.shellLeft         shell.o
    0x080059ac   0x080059ac   0x00000010   Code   RO         1029    i.shellListAll      shell.o
    0x080059bc   0x080059bc   0x0000004c   Code   RO         1030    i.shellListCommand  shell.o
    0x08005a08   0x08005a08   0x000000f4   Code   RO         1031    i.shellListItem     shell.o
    0x08005afc   0x08005afc   0x00000050   Code   RO         1032    i.shellListKey      shell.o
    0x08005b4c   0x08005b4c   0x00000050   Code   RO         1033    i.shellListUser     shell.o
    0x08005b9c   0x08005b9c   0x00000050   Code   RO         1034    i.shellListVar      shell.o
    0x08005bec   0x08005bec   0x00000014   Code   RO         1035    i.shellNormalInput  shell.o
    0x08005c00   0x08005c00   0x0000007e   Code   RO         1036    i.shellParserParam  shell.o
    0x08005c7e   0x08005c7e   0x00000002   PAD
    0x08005c80   0x08005c80   0x00000030   Code   RO         1037    i.shellPrint        shell.o
    0x08005cb0   0x08005cb0   0x0000003c   Code   RO         1038    i.shellRemoveParamQuotes  shell.o
    0x08005cec   0x08005cec   0x00000020   Code   RO         1039    i.shellRight        shell.o
    0x08005d0c   0x08005d0c   0x00000080   Code   RO         1041    i.shellRunCommand   shell.o
    0x08005d8c   0x08005d8c   0x0000006c   Code   RO         1042    i.shellSeekCommand  shell.o
    0x08005df8   0x08005df8   0x0000005c   Code   RO         1043    i.shellSetUser      shell.o
    0x08005e54   0x08005e54   0x00000050   Code   RO         1044    i.shellSetVar       shell.o
    0x08005ea4   0x08005ea4   0x00000074   Code   RO         1045    i.shellSetVarValue  shell.o
    0x08005f18   0x08005f18   0x000000b0   Code   RO         1046    i.shellShowVar      shell.o
    0x08005fc8   0x08005fc8   0x00000024   Code   RO         1047    i.shellStringCompare  shell.o
    0x08005fec   0x08005fec   0x00000018   Code   RO         1048    i.shellStringCopy   shell.o
    0x08006004   0x08006004   0x00000154   Code   RO         1049    i.shellTab          shell.o
    0x08006158   0x08006158   0x00000026   Code   RO         1050    i.shellTask         shell.o
    0x0800617e   0x0800617e   0x00000042   Code   RO         1051    i.shellToDec        shell.o
    0x080061c0   0x080061c0   0x0000002a   Code   RO         1052    i.shellToHex        shell.o
    0x080061ea   0x080061ea   0x0000000a   Code   RO         1053    i.shellUp           shell.o
    0x080061f4   0x080061f4   0x00000010   Code   RO         1054    i.shellUsers        shell.o
    0x08006204   0x08006204   0x00000010   Code   RO         1055    i.shellVars         shell.o
    0x08006214   0x08006214   0x00000054   Code   RO         1056    i.shellWriteCommandHelp  shell.o
    0x08006268   0x08006268   0x0000005c   Code   RO         1058    i.shellWritePrompt  shell.o
    0x080062c4   0x080062c4   0x00000080   Code   RO         1059    i.shellWriteReturnValue  shell.o
    0x08006344   0x08006344   0x00000028   Code   RO         1060    i.shellWriteString  shell.o
    0x0800636c   0x0800636c   0x00000018   Code   RO         1453    i.userShellLock     shell_port.o
    0x08006384   0x08006384   0x00000014   Code   RO         1454    i.userShellUnlock   shell_port.o
    0x08006398   0x08006398   0x00000026   Code   RO         4420    i.uxListRemove      list.o
    0x080063be   0x080063be   0x00000002   PAD
    0x080063c0   0x080063c0   0x00000014   Code   RO          599    i.vApplicationGetIdleTaskMemory  freertos.o
    0x080063d4   0x080063d4   0x00000080   Code   RO          600    i.vApplicationMallocFailedHook  freertos.o
    0x08006454   0x08006454   0x00000034   Code   RO          601    i.vApplicationStackOverflowHook  freertos.o
    0x08006488   0x08006488   0x00000016   Code   RO         4421    i.vListInitialise   list.o
    0x0800649e   0x0800649e   0x00000006   Code   RO         4422    i.vListInitialiseItem  list.o
    0x080064a4   0x080064a4   0x00000030   Code   RO         4423    i.vListInsert       list.o
    0x080064d4   0x080064d4   0x00000018   Code   RO         4424    i.vListInsertEnd    list.o
    0x080064ec   0x080064ec   0x00000018   Code   RO         5301    i.vPortEnterCritical  port.o
    0x08006504   0x08006504   0x0000001c   Code   RO         5302    i.vPortExitCritical  port.o
    0x08006520   0x08006520   0x00000044   Code   RO         5249    i.vPortFree         heap_4.o
    0x08006564   0x08006564   0x00000018   Code   RO         5303    i.vPortYield        port.o
    0x0800657c   0x0800657c   0x00000030   Code   RO         4643    i.vTaskDelay        tasks.o
    0x080065ac   0x080065ac   0x00000010   Code   RO         4646    i.vTaskInternalSetTimeOutState  tasks.o
    0x080065bc   0x080065bc   0x0000000c   Code   RO         4647    i.vTaskMissedYield  tasks.o
    0x080065c8   0x080065c8   0x00000024   Code   RO         4648    i.vTaskPlaceOnEventList  tasks.o
    0x080065ec   0x080065ec   0x00000070   Code   RO         4650    i.vTaskPriorityDisinheritAfterTimeout  tasks.o
    0x0800665c   0x0800665c   0x00000058   Code   RO         4655    i.vTaskStartScheduler  tasks.o
    0x080066b4   0x080066b4   0x00000010   Code   RO         4657    i.vTaskSuspendAll   tasks.o
    0x080066c4   0x080066c4   0x00000084   Code   RO         4658    i.vTaskSwitchContext  tasks.o
    0x08006748   0x08006748   0x0000000c   Code   RO         5251    i.xPortGetFreeHeapSize  heap_4.o
    0x08006754   0x08006754   0x0000000c   Code   RO         5252    i.xPortGetMinimumEverFreeHeapSize  heap_4.o
    0x08006760   0x08006760   0x00000050   Code   RO         5304    i.xPortStartScheduler  port.o
    0x080067b0   0x080067b0   0x00000016   Code   RO         4469    i.xQueueCreateMutex  queue.o
    0x080067c6   0x080067c6   0x0000001a   Code   RO         4470    i.xQueueCreateMutexStatic  queue.o
    0x080067e0   0x080067e0   0x0000003c   Code   RO         4471    i.xQueueGenericCreate  queue.o
    0x0800681c   0x0800681c   0x00000040   Code   RO         4472    i.xQueueGenericCreateStatic  queue.o
    0x0800685c   0x0800685c   0x0000006c   Code   RO         4473    i.xQueueGenericReset  queue.o
    0x080068c8   0x080068c8   0x00000118   Code   RO         4474    i.xQueueGenericSend  queue.o
    0x080069e0   0x080069e0   0x00000074   Code   RO         4476    i.xQueueGiveFromISR  queue.o
    0x08006a54   0x08006a54   0x00000078   Code   RO         4482    i.xQueueReceiveFromISR  queue.o
    0x08006acc   0x08006acc   0x00000140   Code   RO         4483    i.xQueueSemaphoreTake  queue.o
    0x08006c0c   0x08006c0c   0x0000005c   Code   RO         4659    i.xTaskCheckForTimeOut  tasks.o
    0x08006c68   0x08006c68   0x00000052   Code   RO         4660    i.xTaskCreate       tasks.o
    0x08006cba   0x08006cba   0x00000044   Code   RO         4661    i.xTaskCreateStatic  tasks.o
    0x08006cfe   0x08006cfe   0x00000002   PAD
    0x08006d00   0x08006d00   0x00000020   Code   RO         4663    i.xTaskGetSchedulerState  tasks.o
    0x08006d20   0x08006d20   0x000000bc   Code   RO         4666    i.xTaskIncrementTick  tasks.o
    0x08006ddc   0x08006ddc   0x00000068   Code   RO         4667    i.xTaskPriorityDisinherit  tasks.o
    0x08006e44   0x08006e44   0x00000078   Code   RO         4668    i.xTaskPriorityInherit  tasks.o
    0x08006ebc   0x08006ebc   0x00000064   Code   RO         4669    i.xTaskRemoveFromEventList  tasks.o
    0x08006f20   0x08006f20   0x000000ac   Code   RO         4670    i.xTaskResumeAll    tasks.o
    0x08006fcc   0x08006fcc   0x0000000d   Data   RO          357    .constdata          lora.o
    0x08006fd9   0x08006fd9   0x00000007   Data   RO          358    .constdata          lora.o
    0x08006fe0   0x08006fe0   0x00000074   Data   RO          359    .constdata          lora.o
    0x08007054   0x08007054   0x00000070   Data   RO          603    .constdata          freertos.o
    0x080070c4   0x080070c4   0x00000170   Data   RO          950    .constdata          at.o
    0x08007234   0x08007234   0x00000003   Data   RO          951    .constdata          at.o
    0x08007237   0x08007237   0x00000007   Data   RO          952    .constdata          at.o
    0x0800723e   0x0800723e   0x00000004   Data   RO         1062    .constdata          shell.o
    0x08007242   0x08007242   0x00000005   Data   RO         1063    .constdata          shell.o
    0x08007247   0x08007247   0x0000000d   Data   RO         1064    .constdata          shell.o
    0x08007254   0x08007254   0x00000007   Data   RO         1065    .constdata          shell.o
    0x0800725b   0x0800725b   0x00000008   Data   RO         1066    .constdata          shell.o
    0x08007263   0x08007263   0x00000003   Data   RO         1067    .constdata          shell.o
    0x08007266   0x08007266   0x00000005   Data   RO         1068    .constdata          shell.o
    0x0800726b   0x0800726b   0x00000006   Data   RO         1069    .constdata          shell.o
    0x08007271   0x08007271   0x00000005   Data   RO         1070    .constdata          shell.o
    0x08007276   0x08007276   0x00000004   Data   RO         1071    .constdata          shell.o
    0x0800727a   0x0800727a   0x0000000a   Data   RO         1072    .constdata          shell.o
    0x08007284   0x08007284   0x0000000a   Data   RO         1073    .constdata          shell.o
    0x0800728e   0x0800728e   0x00000007   Data   RO         1074    .constdata          shell.o
    0x08007295   0x08007295   0x00000006   Data   RO         1075    .constdata          shell.o
    0x0800729b   0x0800729b   0x00000006   Data   RO         1076    .constdata          shell.o
    0x080072a1   0x080072a1   0x00000005   Data   RO         1077    .constdata          shell.o
    0x080072a6   0x080072a6   0x0000001d   Data   RO         1078    .constdata          shell.o
    0x080072c3   0x080072c3   0x00000006   Data   RO         1079    .constdata          shell.o
    0x080072c9   0x080072c9   0x0000000e   Data   RO         1080    .constdata          shell.o
    0x080072d7   0x080072d7   0x00000005   Data   RO         1081    .constdata          shell.o
    0x080072dc   0x080072dc   0x0000000d   Data   RO         1082    .constdata          shell.o
    0x080072e9   0x080072e9   0x00000005   Data   RO         1083    .constdata          shell.o
    0x080072ee   0x080072ee   0x0000000d   Data   RO         1084    .constdata          shell.o
    0x080072fb   0x080072fb   0x00000005   Data   RO         1085    .constdata          shell.o
    0x08007300   0x08007300   0x0000000d   Data   RO         1086    .constdata          shell.o
    0x0800730d   0x0800730d   0x00000006   Data   RO         1087    .constdata          shell.o
    0x08007313   0x08007313   0x0000000e   Data   RO         1088    .constdata          shell.o
    0x08007321   0x08007321   0x00000005   Data   RO         1089    .constdata          shell.o
    0x08007326   0x08007326   0x0000001b   Data   RO         1090    .constdata          shell.o
    0x08007341   0x08007341   0x00000003   PAD
    0x08007344   0x08007344   0x00000010   Data   RO         1091    .constdata          shell.o
    0x08007354   0x08007354   0x00000010   Data   RO         4298    .constdata          system_stm32f0xx.o
    0x08007364   0x08007364   0x00000008   Data   RO         4299    .constdata          system_stm32f0xx.o
    0x0800736c   0x0800736c   0x0000001c   Data   RO          604    .conststring        freertos.o
    0x08007388   0x08007388   0x00000728   Data   RO          953    .conststring        at.o
    0x08007ab0   0x08007ab0   0x000002cd   Data   RO         1092    .conststring        shell.o
    0x08007d7d   0x08007d7d   0x00000003   PAD
    0x08007d80   0x08007d80   0x00000020   Data   RO         5475    Region$$Table       anon$$obj.o
    0x08007da0   0x08007da0   0x00000010   Data   RO          361    shellCommand        lora.o
    0x08007db0   0x08007db0   0x00000010   Data   RO          955    shellCommand        at.o
    0x08007dc0   0x08007dc0   0x00000130   Data   RO         1094    shellCommand        shell.o


    Execution Region RW_IRAM1 (Exec base: 0x20000000, Load base: 0x08007ef0, Size: 0x00001ff8, Max: 0x00002000, ABSOLUTE, COMPRESSED[0x000000bc])

    Exec Addr    Load Addr    Size         Type   Attr      Idx    E Section Name        Object

    0x20000000   COMPRESSED   0x00000008   Data   RW           26    .data               modbus.o
    0x20000008   COMPRESSED   0x0000000c   Data   RW          360    .data               lora.o
    0x20000014   COMPRESSED   0x00000001   Data   RW          525    .data               main.o
    0x20000015   COMPRESSED   0x00000003   PAD
    0x20000018   COMPRESSED   0x00000020   Data   RW          605    .data               freertos.o
    0x20000038   COMPRESSED   0x00000088   Data   RW          954    .data               at.o
    0x200000c0   COMPRESSED   0x00000058   Data   RW         1093    .data               shell.o
    0x20000118   COMPRESSED   0x0000000c   Data   RW         1651    .data               stm32f0xx_hal.o
    0x20000124   COMPRESSED   0x00000004   Data   RW         4300    .data               system_stm32f0xx.o
    0x20000128   COMPRESSED   0x0000003c   Data   RW         4673    .data               tasks.o
    0x20000164   COMPRESSED   0x00000018   Data   RW         5254    .data               heap_4.o
    0x2000017c   COMPRESSED   0x00000004   Data   RW         5305    .data               port.o
    0x20000180        -       0x000000b8   Zero   RW           25    .bss                modbus.o
    0x20000238        -       0x0000005a   Zero   RW          356    .bss                lora.o
    0x20000292   COMPRESSED   0x00000002   PAD
    0x20000294        -       0x00000034   Zero   RW          468    .bss                io_uart.o
    0x200002c8        -       0x00000150   Zero   RW          602    .bss                freertos.o
    0x20000418        -       0x00000010   Zero   RW          699    .bss                iwdg.o
    0x20000428        -       0x00000090   Zero   RW          728    .bss                tim.o
    0x200004b8        -       0x00000218   Zero   RW          772    .bss                usart.o
    0x200006d0        -       0x00000048   Zero   RW          913    .bss                stm32f0xx_hal_timebase_tim.o
    0x20000718        -       0x000000bd   Zero   RW         1061    .bss                shell.o
    0x200007d5   COMPRESSED   0x00000003   PAD
    0x200007d8        -       0x00000074   Zero   RW         1455    .bss                shell_port.o
    0x2000084c        -       0x00000020   Zero   RW         1456    .bss                shell_port.o
    0x2000086c        -       0x000000f0   Zero   RW         4672    .bss                tasks.o
    0x2000095c        -       0x0000149c   Zero   RW         5253    .bss                heap_4.o
    0x20001df8        -       0x00000200   Zero   RW            1    STACK               startup_stm32f030x8.o


==============================================================================

Image component sizes


      Code (inc. data)   RO Data    RW Data    ZI Data      Debug   Object Name

      1068        152       2226        136          0       7037   at.o
       410         12          0          0          0      15593   cmsis_os.o
        56          4          0          0          0        774   dma.o
         0          0          0          0          0      10132   event_groups.o
       596        176        140         32        336      12857   freertos.o
       300         26          0          0          0       1043   gpio.o
       432         42          0         24       5276       5428   heap_4.o
       592         46          0          0         52       6388   io_uart.o
        52         18          0          0         16        695   iwdg.o
       138          0          0          0          0       3434   list.o
      1686        102        152         12         90      18297   lora.o
       694         24          0          1          0       4458   main.o
      1330         76          0          8        184     320893   modbus.o
       366         58          0          4          0       7020   port.o
      1458          0          0          0          0      15286   queue.o
      4282        248       1296         88        189      56256   shell.o
       648         10          0          0          0       5198   shell_ext.o
       164         52          0          0        148       3726   shell_port.o
        28          8        180          0        512        640   startup_stm32f030x8.o
        60         16          0         12          0       6730   stm32f0xx_hal.o
       132         20          0          0          0      10274   stm32f0xx_hal_cortex.o
       562         16          0          0          0       6105   stm32f0xx_hal_dma.o
       466         30          0          0          0       3390   stm32f0xx_hal_gpio.o
       124         20          0          0          0       1887   stm32f0xx_hal_iwdg.o
        48          4          0          0          0        850   stm32f0xx_hal_msp.o
      1432        102          0          0          0       5346   stm32f0xx_hal_rcc.o
       232         14          0          0          0       1384   stm32f0xx_hal_rcc_ex.o
       702         42          0          0          0       7000   stm32f0xx_hal_tim.o
         4          0          0          0          0       1573   stm32f0xx_hal_tim_ex.o
       120         22          0          0         72       1451   stm32f0xx_hal_timebase_tim.o
      2696         68          0          0          0      25780   stm32f0xx_hal_uart.o
       184         58          0          0          0       4716   stm32f0xx_it.o
         2          0         24          4          0       1147   system_stm32f0xx.o
      1982        150          0         60        240      22243   tasks.o
       192         40          0          0        144       2101   tim.o
       132         18          0          0          0       2174   tool.o
       472         42          0          0        536       2663   usart.o

    ----------------------------------------------------------------------
     23886       1716       4056        384       7800     601969   Object Totals
         0          0         32          0          0          0   (incl. Generated)
        44          0          6          3          5          0   (incl. Padding)

    ----------------------------------------------------------------------

      Code (inc. data)   RO Data    RW Data    ZI Data      Debug   Library Member Name

        86          0          0          0          0          0   __dczerorl2.o
         0          0          0          0          0          0   entry.o
         0          0          0          0          0          0   entry10a.o
         0          0          0          0          0          0   entry11a.o
         8          4          0          0          0          0   entry2.o
         4          0          0          0          0          0   entry5.o
         0          0          0          0          0          0   entry7b.o
         0          0          0          0          0          0   entry8b.o
         8          4          0          0          0          0   entry9a.o
        30          0          0          0          0          0   handlers.o
        40          0          0          0          0         72   idiv.o
        36          8          0          0          0         68   init.o
         0          0          0          0          0          0   iusefp.o
        32          0          0          0          0         68   llshl.o
        38          0          0          0          0         68   llsshr.o
        34          0          0          0          0         68   llushr.o
        40          0          0          0          0         68   memcpy.o
        36          0          0          0          0        100   memseta.o
      2286         94          0          0          0        460   printfa.o
        24          0          0          0          0         60   strcat.o
        28          0          0          0          0         68   strcmp.o
        14          0          0          0          0         60   strlen.o
        30          0          0          0          0         72   strncmp.o
        40          0          0          0          0         72   strstr.o
        44          0          0          0          0         72   uidiv.o
        96          0          0          0          0         84   uldiv.o
        40          2          0          0          0         68   cdrcmple.o
       356          4          0          0          0        140   dadd.o
       240          6          0          0          0         84   ddiv.o
       236          0          0          0          0        216   depilogue.o
        64         10          0          0          0         68   dfixul.o
       208          6          0          0          0         88   dmul.o
       124          0          0          0          0         72   fdiv.o
       130          0          0          0          0        144   fepilogue.o
        40          0          0          0          0         60   ffixui.o
        22          0          0          0          0         68   fflti.o
        14          0          0          0          0         68   ffltui.o
       122          0          0          0          0         72   fmul.o

    ----------------------------------------------------------------------
      4554        138          0          0          0       2608   Library Totals
         4          0          0          0          0          0   (incl. Padding)

    ----------------------------------------------------------------------

      Code (inc. data)   RO Data    RW Data    ZI Data      Debug   Library Name

      2954        110          0          0          0       1460   mc_p.l
      1596         28          0          0          0       1148   mf_p.l

    ----------------------------------------------------------------------
      4554        138          0          0          0       2608   Library Totals

    ----------------------------------------------------------------------

==============================================================================


      Code (inc. data)   RO Data    RW Data    ZI Data      Debug   

     28440       1854       4056        384       7800     591585   Grand Totals
     28440       1854       4056        188       7800     591585   ELF Image Totals (compressed)
     28440       1854       4056        188          0          0   ROM Totals

==============================================================================

    Total RO  Size (Code + RO Data)                32496 (  31.73kB)
    Total RW  Size (RW Data + ZI Data)              8184 (   7.99kB)
    Total ROM Size (Code + RO Data + RW Data)      32684 (  31.92kB)

==============================================================================

