<html>
<body>
<pre>
<h1>µVision Build Log</h1>
<h2>Tool Versions:</h2>
IDE-Version: ¦ÌVision V5.27.1.0
Copyright (C) 2019 ARM Ltd and ARM Germany GmbH. All rights reserved.
License Information: li Cai Hong Li, a, LIC=MPPLD-8GJUL-SBEEJ-UKGG2-X5RI0-DGTN4
 
Tool Versions:
Toolchain:       MDK-ARM Plus  Version: 5.27.1.0
Toolchain Path:  C:\Keil_v5\ARM\ARMCC\Bin
C Compiler:      Armcc.exe V5.06 update 6 (build 750)
Assembler:       Armasm.exe V5.06 update 6 (build 750)
Linker/Locator:  ArmLink.exe V5.06 update 6 (build 750)
Library Manager: ArmAr.exe V5.06 update 6 (build 750)
Hex Converter:   FromElf.exe V5.06 update 6 (build 750)
CPU DLL:         SARMCM3.DLL V5.27.1.0
Dialog DLL:      DCM.DLL V1.17.2.0
Target DLL:      Segger\JL2CM3.dll V2.99.35.0
Dialog DLL:      TCM.DLL V1.36.1.0
 
<h2>Project:</h2>
G:\STM32_Workers\STM32H7\Greenhouse_Control_System\Malone\Master\MDK-ARM\Master.uvprojx
Project File Date:  11/03/2022

<h2>Output:</h2>
*** Using Compiler 'V5.06 update 6 (build 750)', folder: 'C:\Keil_v5\ARM\ARMCC\Bin'
Build target 'Master'
compiling mdrtuslave.c...
compiling lte.c...
compiling shell.c...
compiling tool.c...
compiling dwin.c...
compiling shell_port.c...
compiling fmc.c...
compiling dma.c...
compiling quadspi.c...
compiling gpio.c...
compiling main.c...
compiling freertos.c...
../Core/Src/freertos.c(1470): warning:  #550-D: variable "counts"  was set but never used
        uint8_t target_value[pdr->wbit_size], len = 0, counts = 0, base_offset = 0;
../Core/Src/freertos.c(1470): warning:  #550-D: variable "base_offset"  was set but never used
        uint8_t target_value[pdr->wbit_size], len = 0, counts = 0, base_offset = 0;
../Core/Src/freertos.c(1463): warning:  #177-D: variable "count"  was declared but never referenced
    uint16_t num, count;
../Core/Src/freertos.c: 3 warnings, 0 errors
compiling usart.c...
compiling stm32h7xx_hal_msp.c...
compiling Flash.c...
compiling usbd_desc.c...
compiling usb_device.c...
compiling stm32h7xx_it.c...
compiling usbd_ctlreq.c...
compiling usbd_core.c...
compiling usbd_ioreq.c...
compiling usbd_conf.c...
compiling usbd_cdc.c...
compiling usbd_cdc_if.c...
linking...
Program Size: Code=99940 RO-data=4664 RW-data=2388 ZI-data=276476  
FromELF: creating hex file...
After Build - User command #1: fromelf --bin --output "Master.bin"  "G:\STM32_Workers\STM32H7\Greenhouse_Control_System\Malone\Master\MDK-ARM\Master\Master.axf"
".\Master\Master.axf" - 0 Error(s), 3 Warning(s).

<h2>Software Packages used:</h2>

Package Vendor: ARM
                http://www.keil.com/pack/ARM.CMSIS.5.8.0.pack
                ARM.CMSIS.5.8.0
                CMSIS (Common Microcontroller Software Interface Standard)
   * Component: CORE Version: 5.5.0

Package Vendor: Keil
                https://www.keil.com/pack/Keil.STM32H7xx_DFP.2.7.0.pack
                Keil.STM32H7xx_DFP.2.7.0
                STMicroelectronics STM32H7 Series Device Support and Examples

<h2>Collection of Component include folders:</h2>
  .\RTE\_Master
  C:\Users\Administrator\AppData\Local\Arm\Packs\ARM\CMSIS\5.8.0\CMSIS\Core\Include
  C:\Users\Administrator\AppData\Local\Arm\Packs\Keil\STM32H7xx_DFP\2.7.0\Drivers\CMSIS\Device\ST\STM32H7xx\Include

<h2>Collection of Component Files used:</h2>

   * Component: ARM::CMSIS:CORE:5.5.0
      Include file:  CMSIS\Core\Include\tz_context.h
Build Time Elapsed:  00:01:29
</pre>
</body>
</html>
