Component: ARM Compiler 5.06 update 6 (build 750) Tool: armlink [4d35ed]

==============================================================================

Section Cross References

    startup_stm32f103xb.o(STACK) refers (Special) to heapauxi.o(.text) for __use_two_region_memory
    startup_stm32f103xb.o(HEAP) refers (Special) to heapauxi.o(.text) for __use_two_region_memory
    startup_stm32f103xb.o(RESET) refers (Special) to heapauxi.o(.text) for __use_two_region_memory
    startup_stm32f103xb.o(RESET) refers to startup_stm32f103xb.o(STACK) for __initial_sp
    startup_stm32f103xb.o(RESET) refers to startup_stm32f103xb.o(.text) for Reset_Handler
    startup_stm32f103xb.o(RESET) refers to stm32f1xx_it.o(i.NMI_Handler) for NMI_Handler
    startup_stm32f103xb.o(RESET) refers to stm32f1xx_it.o(i.HardFault_Handler) for HardFault_Handler
    startup_stm32f103xb.o(RESET) refers to stm32f1xx_it.o(i.MemManage_Handler) for MemManage_Handler
    startup_stm32f103xb.o(RESET) refers to stm32f1xx_it.o(i.BusFault_Handler) for BusFault_Handler
    startup_stm32f103xb.o(RESET) refers to stm32f1xx_it.o(i.UsageFault_Handler) for UsageFault_Handler
    startup_stm32f103xb.o(RESET) refers to port.o(.emb_text) for SVC_Handler
    startup_stm32f103xb.o(RESET) refers to stm32f1xx_it.o(i.DebugMon_Handler) for DebugMon_Handler
    startup_stm32f103xb.o(RESET) refers to port.o(i.SysTick_Handler) for SysTick_Handler
    startup_stm32f103xb.o(RESET) refers to stm32f1xx_it.o(i.DMA1_Channel1_IRQHandler) for DMA1_Channel1_IRQHandler
    startup_stm32f103xb.o(RESET) refers to stm32f1xx_it.o(i.DMA1_Channel2_IRQHandler) for DMA1_Channel2_IRQHandler
    startup_stm32f103xb.o(RESET) refers to stm32f1xx_it.o(i.DMA1_Channel3_IRQHandler) for DMA1_Channel3_IRQHandler
    startup_stm32f103xb.o(RESET) refers to stm32f1xx_it.o(i.EXTI9_5_IRQHandler) for EXTI9_5_IRQHandler
    startup_stm32f103xb.o(RESET) refers to stm32f1xx_it.o(i.TIM1_UP_IRQHandler) for TIM1_UP_IRQHandler
    startup_stm32f103xb.o(RESET) refers to stm32f1xx_it.o(i.TIM3_IRQHandler) for TIM3_IRQHandler
    startup_stm32f103xb.o(RESET) refers to stm32f1xx_it.o(i.TIM4_IRQHandler) for TIM4_IRQHandler
    startup_stm32f103xb.o(RESET) refers to stm32f1xx_it.o(i.USART3_IRQHandler) for USART3_IRQHandler
    startup_stm32f103xb.o(.text) refers (Special) to heapauxi.o(.text) for __use_two_region_memory
    startup_stm32f103xb.o(.text) refers to system_stm32f1xx.o(i.SystemInit) for SystemInit
    startup_stm32f103xb.o(.text) refers to __main.o(!!!main) for __main
    startup_stm32f103xb.o(.text) refers to startup_stm32f103xb.o(HEAP) for Heap_Mem
    startup_stm32f103xb.o(.text) refers to startup_stm32f103xb.o(STACK) for Stack_Mem
    io_signal.o(i.Io_Analog_Handle) refers to mdrtuslave.o(.data) for mdhandler
    io_signal.o(i.Io_Digital_Input) refers to stm32f1xx_hal_gpio.o(i.HAL_GPIO_ReadPin) for HAL_GPIO_ReadPin
    io_signal.o(i.Io_Digital_Input) refers to mdrtuslave.o(.data) for mdhandler
    io_signal.o(i.Io_Digital_Output) refers to stm32f1xx_hal_gpio.o(i.HAL_GPIO_WritePin) for HAL_GPIO_WritePin
    io_signal.o(i.Io_Digital_Output) refers to mdrtuslave.o(.data) for mdhandler
    l101.o(i.Set_BitFrame) refers to mdrtuslave.o(.data) for mdhandler
    l101.o(i.Set_L101_FactoryMode) refers to stm32f1xx_hal_gpio.o(i.HAL_GPIO_WritePin) for HAL_GPIO_WritePin
    l101.o(i.Set_L101_FactoryMode) refers to cmsis_os.o(i.osDelay) for osDelay
    l101.o(.data) refers to l101.o(i.Set_BitFrame) for Set_BitFrame
    io_uart.o(i.Get_BaudTable) refers to fflt_clz.o(x$fpl$ffltu) for __aeabi_ui2f
    io_uart.o(i.Get_BaudTable) refers to fdiv.o(x$fpl$fdiv) for __aeabi_fdiv
    io_uart.o(i.Get_BaudTable) refers to ffixu.o(x$fpl$ffixu) for __aeabi_f2uiz
    io_uart.o(i.Get_BaudTable) refers to fmul.o(x$fpl$fmul) for __aeabi_fmul
    io_uart.o(i.HAL_GPIO_EXTI_Callback) refers to stm32f1xx_hal_cortex.o(i.HAL_NVIC_DisableIRQ) for HAL_NVIC_DisableIRQ
    io_uart.o(i.HAL_GPIO_EXTI_Callback) refers to stm32f1xx_hal_tim.o(i.HAL_TIM_Base_Start_IT) for HAL_TIM_Base_Start_IT
    io_uart.o(i.HAL_GPIO_EXTI_Callback) refers to io_uart.o(.bss) for .bss
    io_uart.o(i.HAL_SUART_Receive) refers to stm32f1xx_hal.o(i.HAL_GetTick) for HAL_GetTick
    io_uart.o(i.HAL_SUART_Receive) refers to stm32f1xx_hal_cortex.o(i.HAL_NVIC_EnableIRQ) for HAL_NVIC_EnableIRQ
    io_uart.o(i.HAL_SUART_Transmit) refers to stm32f1xx_hal.o(i.HAL_GetTick) for HAL_GetTick
    io_uart.o(i.HAL_SUART_Transmit) refers to stm32f1xx_hal_tim.o(i.HAL_TIM_Base_Start_IT) for HAL_TIM_Base_Start_IT
    io_uart.o(i.MX_Suart_Init) refers to io_uart.o(i.Get_BaudTable) for Get_BaudTable
    io_uart.o(i.MX_Suart_Init) refers to io_uart.o(.bss) for .bss
    io_uart.o(i.MX_Suart_Init) refers to tim.o(.bss) for htim3
    main.o(i.HAL_TIM_PeriodElapsedCallback) refers to stm32f1xx_hal.o(i.HAL_IncTick) for HAL_IncTick
    main.o(i.HAL_TIM_PeriodElapsedCallback) refers to stm32f1xx_hal_gpio.o(i.HAL_GPIO_WritePin) for HAL_GPIO_WritePin
[...]
    vListInitialise                          0x08007ab1   Thumb Code    22  list.o(i.vListInitialise)
    vListInitialiseItem                      0x08007ac7   Thumb Code     6  list.o(i.vListInitialiseItem)
    vListInsert                              0x08007acd   Thumb Code    48  list.o(i.vListInsert)
    vListInsertEnd                           0x08007afd   Thumb Code    24  list.o(i.vListInsertEnd)
    vPortEnterCritical                       0x08007b15   Thumb Code    54  port.o(i.vPortEnterCritical)
    vPortExitCritical                        0x08007b55   Thumb Code    34  port.o(i.vPortExitCritical)
    vPortFree                                0x08007b7d   Thumb Code    88  heap_4.o(i.vPortFree)
    vPortSetupTimerInterrupt                 0x08007bd9   Thumb Code    32  port.o(i.vPortSetupTimerInterrupt)
    vPortValidateInterruptPriority           0x08007bfd   Thumb Code    74  port.o(i.vPortValidateInterruptPriority)
    vQueueAddToRegistry                      0x08007c51   Thumb Code    34  queue.o(i.vQueueAddToRegistry)
    vQueueWaitForMessageRestricted           0x08007c79   Thumb Code    68  queue.o(i.vQueueWaitForMessageRestricted)
    vTaskDelay                               0x08007cbd   Thumb Code    66  tasks.o(i.vTaskDelay)
    vTaskInternalSetTimeOutState             0x08007d09   Thumb Code    12  tasks.o(i.vTaskInternalSetTimeOutState)
    vTaskMissedYield                         0x08007d19   Thumb Code     8  tasks.o(i.vTaskMissedYield)
    vTaskPlaceOnEventList                    0x08007d25   Thumb Code    44  tasks.o(i.vTaskPlaceOnEventList)
    vTaskPlaceOnEventListRestricted          0x08007d55   Thumb Code    52  tasks.o(i.vTaskPlaceOnEventListRestricted)
    vTaskPriorityDisinheritAfterTimeout      0x08007d8d   Thumb Code   160  tasks.o(i.vTaskPriorityDisinheritAfterTimeout)
    vTaskStartScheduler                      0x08007e35   Thumb Code   118  tasks.o(i.vTaskStartScheduler)
    vTaskSuspendAll                          0x08007ebd   Thumb Code    10  tasks.o(i.vTaskSuspendAll)
    vTaskSwitchContext                       0x08007ecd   Thumb Code   126  tasks.o(i.vTaskSwitchContext)
    xPortStartScheduler                      0x08007f55   Thumb Code   154  port.o(i.xPortStartScheduler)
    xQueueCreateMutex                        0x08007ffd   Thumb Code    22  queue.o(i.xQueueCreateMutex)
    xQueueCreateMutexStatic                  0x08008013   Thumb Code    26  queue.o(i.xQueueCreateMutexStatic)
    xQueueGenericCreate                      0x0800802d   Thumb Code    72  queue.o(i.xQueueGenericCreate)
    xQueueGenericCreateStatic                0x08008075   Thumb Code   102  queue.o(i.xQueueGenericCreateStatic)
    xQueueGenericReset                       0x080080dd   Thumb Code   132  queue.o(i.xQueueGenericReset)
    xQueueGenericSend                        0x08008165   Thumb Code   346  queue.o(i.xQueueGenericSend)
    xQueueGenericSendFromISR                 0x080082c5   Thumb Code   188  queue.o(i.xQueueGenericSendFromISR)
    xQueueGiveFromISR                        0x08008381   Thumb Code   156  queue.o(i.xQueueGiveFromISR)
    xQueueReceive                            0x0800841d   Thumb Code   308  queue.o(i.xQueueReceive)
    xQueueReceiveFromISR                     0x08008555   Thumb Code   154  queue.o(i.xQueueReceiveFromISR)
    xQueueSemaphoreTake                      0x080085f1   Thumb Code   372  queue.o(i.xQueueSemaphoreTake)
    xTaskCheckForTimeOut                     0x08008769   Thumb Code   112  tasks.o(i.xTaskCheckForTimeOut)
    xTaskCreate                              0x080087dd   Thumb Code    90  tasks.o(i.xTaskCreate)
    xTaskCreateStatic                        0x08008837   Thumb Code    86  tasks.o(i.xTaskCreateStatic)
    xTaskGetSchedulerState                   0x0800888d   Thumb Code    22  tasks.o(i.xTaskGetSchedulerState)
    xTaskGetTickCount                        0x080088a9   Thumb Code     6  tasks.o(i.xTaskGetTickCount)
    xTaskIncrementTick                       0x080088b5   Thumb Code   192  tasks.o(i.xTaskIncrementTick)
    xTaskPriorityDisinherit                  0x0800897d   Thumb Code   144  tasks.o(i.xTaskPriorityDisinherit)
    xTaskPriorityInherit                     0x08008a15   Thumb Code   138  tasks.o(i.xTaskPriorityInherit)
    xTaskRemoveFromEventList                 0x08008aa9   Thumb Code   108  tasks.o(i.xTaskRemoveFromEventList)
    xTaskResumeAll                           0x08008b1d   Thumb Code   182  tasks.o(i.xTaskResumeAll)
    xTimerCreate                             0x08008be1   Thumb Code    52  timers.o(i.xTimerCreate)
    xTimerCreateStatic                       0x08008c15   Thumb Code    46  timers.o(i.xTimerCreateStatic)
    xTimerCreateTimerTask                    0x08008c45   Thumb Code    78  timers.o(i.xTimerCreateTimerTask)
    xTimerGenericCommand                     0x08008ca5   Thumb Code    92  timers.o(i.xTimerGenericCommand)
    _get_lc_numeric                          0x08008d05   Thumb Code    44  lc_numeric_c.o(locale$$code)
    _get_lc_ctype                            0x08008d31   Thumb Code    44  lc_ctype_c.o(locale$$code)
    __fpl_dcheck_NaN1                        0x08008d5d   Thumb Code    10  dcheck1.o(x$fpl$dcheck1)
    __aeabi_ddiv                             0x08008d6d   Thumb Code     0  ddiv.o(x$fpl$ddiv)
    _ddiv                                    0x08008d6d   Thumb Code   552  ddiv.o(x$fpl$ddiv)
    __aeabi_d2iz                             0x0800901d   Thumb Code     0  dfix.o(x$fpl$dfix)
    _dfix                                    0x0800901d   Thumb Code    94  dfix.o(x$fpl$dfix)
    __aeabi_d2uiz                            0x0800907d   Thumb Code     0  dfixu.o(x$fpl$dfixu)
    _dfixu                                   0x0800907d   Thumb Code    90  dfixu.o(x$fpl$dfixu)
    __aeabi_ui2d                             0x080090d7   Thumb Code     0  dflt_clz.o(x$fpl$dfltu)
    _dfltu                                   0x080090d7   Thumb Code    38  dflt_clz.o(x$fpl$dfltu)
    __fpl_dnaninf                            0x080090fd   Thumb Code   156  dnaninf.o(x$fpl$dnaninf)
    __fpl_dretinf                            0x08009199   Thumb Code    12  dretinf.o(x$fpl$dretinf)
    __aeabi_fdiv                             0x080091a5   Thumb Code     0  fdiv.o(x$fpl$fdiv)
    _fdiv                                    0x080091a5   Thumb Code   384  fdiv.o(x$fpl$fdiv)
    __aeabi_f2uiz                            0x08009329   Thumb Code     0  ffixu.o(x$fpl$ffixu)
    _ffixu                                   0x08009329   Thumb Code    62  ffixu.o(x$fpl$ffixu)
    __aeabi_i2f                              0x08009369   Thumb Code     0  fflt_clz.o(x$fpl$fflt)
    _fflt                                    0x08009369   Thumb Code    48  fflt_clz.o(x$fpl$fflt)
    __aeabi_ui2f                             0x08009399   Thumb Code     0  fflt_clz.o(x$fpl$ffltu)
    _ffltu                                   0x08009399   Thumb Code    38  fflt_clz.o(x$fpl$ffltu)
    __aeabi_fmul                             0x080093c1   Thumb Code     0  fmul.o(x$fpl$fmul)
    _fmul                                    0x080093c1   Thumb Code   258  fmul.o(x$fpl$fmul)
    __fpl_fnaninf                            0x080094c3   Thumb Code   140  fnaninf.o(x$fpl$fnaninf)
    __fpl_fretinf                            0x0800954f   Thumb Code    10  fretinf.o(x$fpl$fretinf)
    _printf_fp_dec                           0x08009559   Thumb Code     4  printf1.o(x$fpl$printf1)
    _printf_fp_hex                           0x0800955d   Thumb Code     4  printf2.o(x$fpl$printf2)
    __fpl_return_NaN                         0x08009561   Thumb Code   100  retnan.o(x$fpl$retnan)
    __ARM_scalbn                             0x080095c5   Thumb Code    92  scalbn.o(x$fpl$scalbn)
    __fpl_cmpreturn                          0x08009621   Thumb Code    48  trapv.o(x$fpl$trapveneer)
    __I$use$fp                               0x08009650   Number         0  usenofp.o(x$fpl$usenofp)
    At_Table                                 0x080096c8   Data         368  at.o(.constdata)
    shellCmdat                               0x08009838   Data           3  at.o(.constdata)
    shellDescat                              0x0800983b   Data           7  at.o(.constdata)
    shellCmdget_slaveid                      0x08009842   Data          12  at.o(.constdata)
    shellDescget_slaveid                     0x0800984e   Data           4  at.o(.constdata)
    shellCmdDefaultUser                      0x08009852   Data           4  shell.o(.constdata)
    shellPasswordDefaultUser                 0x08009856   Data           5  shell.o(.constdata)
    shellDesDefaultUser                      0x0800985b   Data          13  shell.o(.constdata)
    shellCmdsetVar                           0x08009868   Data           7  shell.o(.constdata)
    shellDescsetVar                          0x0800986f   Data           8  shell.o(.constdata)
    shellDesc0x1B5B4100                      0x08009877   Data           3  shell.o(.constdata)
    shellDesc0x1B5B4200                      0x0800987a   Data           5  shell.o(.constdata)
    shellDesc0x1B5B4300                      0x0800987f   Data           6  shell.o(.constdata)
    shellDesc0x1B5B4400                      0x08009885   Data           5  shell.o(.constdata)
    shellDesc0x09000000                      0x0800988a   Data           4  shell.o(.constdata)
    shellDesc0x08000000                      0x0800988e   Data          10  shell.o(.constdata)
    shellDesc0x7F000000                      0x08009898   Data          10  shell.o(.constdata)
    shellDesc0x1B5B337E                      0x080098a2   Data           7  shell.o(.constdata)
    shellDesc0x0A000000                      0x080098a9   Data           6  shell.o(.constdata)
    shellDesc0x0D000000                      0x080098af   Data           6  shell.o(.constdata)
    shellCmdhelp                             0x080098b5   Data           5  shell.o(.constdata)
    shellDeschelp                            0x080098ba   Data          29  shell.o(.constdata)
    shellCmdusers                            0x080098d7   Data           6  shell.o(.constdata)
    shellDescusers                           0x080098dd   Data          14  shell.o(.constdata)
    shellCmdcmds                             0x080098eb   Data           5  shell.o(.constdata)
    shellDesccmds                            0x080098f0   Data          13  shell.o(.constdata)
    shellCmdvars                             0x080098fd   Data           5  shell.o(.constdata)
    shellDescvars                            0x08009902   Data          13  shell.o(.constdata)
    shellCmdkeys                             0x0800990f   Data           5  shell.o(.constdata)
    shellDesckeys                            0x08009914   Data          13  shell.o(.constdata)
    shellCmdclear                            0x08009921   Data           6  shell.o(.constdata)
    shellDescclear                           0x08009927   Data          14  shell.o(.constdata)
    shellCmdexec                             0x08009935   Data           5  shell.o(.constdata)
    shellDescexec                            0x0800993a   Data          27  shell.o(.constdata)
    AHBPrescTable                            0x08009b68   Data          16  system_stm32f1xx.o(.constdata)
    APBPrescTable                            0x08009b78   Data           8  system_stm32f1xx.o(.constdata)
    Region$$Table$$Base                      0x0800a684   Number         0  anon$$obj.o(Region$$Table)
    Region$$Table$$Limit                     0x0800a6a4   Number         0  anon$$obj.o(Region$$Table)
    __ctype                                  0x0800a6cd   Data           0  lc_ctype_c.o(locale$$data)
    shellCommand$$Base                       0x0800a7d0   Number         0  at.o(shellCommand)
    shellCommandat                           0x0800a7d0   Data          16  at.o(shellCommand)
    shellCommandget_slaveid                  0x0800a7e0   Data          16  at.o(shellCommand)
    shellUserDefault                         0x0800a7f0   Data          16  shell.o(shellCommand)
    shellCommandsetVar                       0x0800a800   Data          16  shell.o(shellCommand)
    shellKey0x1B5B4100                       0x0800a810   Data          16  shell.o(shellCommand)
    shellKey0x1B5B4200                       0x0800a820   Data          16  shell.o(shellCommand)
    shellKey0x1B5B4300                       0x0800a830   Data          16  shell.o(shellCommand)
    shellKey0x1B5B4400                       0x0800a840   Data          16  shell.o(shellCommand)
    shellKey0x09000000                       0x0800a850   Data          16  shell.o(shellCommand)
    shellKey0x08000000                       0x0800a860   Data          16  shell.o(shellCommand)
    shellKey0x7F000000                       0x0800a870   Data          16  shell.o(shellCommand)
    shellKey0x1B5B337E                       0x0800a880   Data          16  shell.o(shellCommand)
    shellKey0x0A000000                       0x0800a890   Data          16  shell.o(shellCommand)
    shellKey0x0D000000                       0x0800a8a0   Data          16  shell.o(shellCommand)
    shellCommandhelp                         0x0800a8b0   Data          16  shell.o(shellCommand)
    shellCommandusers                        0x0800a8c0   Data          16  shell.o(shellCommand)
    shellCommandcmds                         0x0800a8d0   Data          16  shell.o(shellCommand)
    shellCommandvars                         0x0800a8e0   Data          16  shell.o(shellCommand)
    shellCommandkeys                         0x0800a8f0   Data          16  shell.o(shellCommand)
    shellCommandclear                        0x0800a900   Data          16  shell.o(shellCommand)
    shellCommandexec                         0x0800a910   Data          16  shell.o(shellCommand)
    shellCommand$$Limit                      0x0800a920   Number         0  shell.o(shellCommand)
    g_State                                  0x20000004   Data           1  freertos.o(.data)
    g_Timerout_Flag                          0x20000005   Data           1  freertos.o(.data)
    shellHandle                              0x2000000c   Data           4  freertos.o(.data)
    modbusHandle                             0x20000010   Data           4  freertos.o(.data)
    io_outputHandle                          0x20000014   Data           4  freertos.o(.data)
    IWDGHandle                               0x20000018   Data           4  freertos.o(.data)
    Timer1Handle                             0x2000001c   Data           4  freertos.o(.data)
    shellMutexHandle                         0x20000020   Data           4  freertos.o(.data)
    ReciveHandle                             0x20000024   Data           4  freertos.o(.data)
    g_LoraMutex                              0x20000028   Data           1  at.o(.data)
    mdhandler                                0x20000118   Data           4  mdrtuslave.o(.data)
    uwTickFreq                               0x2000011c   Data           1  stm32f1xx_hal.o(.data)
    uwTickPrio                               0x20000120   Data           4  stm32f1xx_hal.o(.data)
    uwTick                                   0x20000124   Data           4  stm32f1xx_hal.o(.data)
    SystemCoreClock                          0x20000128   Data           4  system_stm32f1xx.o(.data)
    pxCurrentTCB                             0x2000012c   Data           4  tasks.o(.data)
    S_Uart1                                  0x200001a0   Data          52  io_uart.o(.bss)
    Adc_buffer                               0x2000057c   Data          64  adc.o(.bss)
    hadc1                                    0x200005bc   Data          48  adc.o(.bss)
    hdma_adc1                                0x200005ec   Data          68  adc.o(.bss)
    hiwdg                                    0x20000630   Data          12  iwdg.o(.bss)
    hspi2                                    0x2000063c   Data          88  spi.o(.bss)
    htim3                                    0x20000694   Data          72  tim.o(.bss)
    htim4                                    0x200006dc   Data          72  tim.o(.bss)
    huart3                                   0x20000724   Data          68  usart.o(.bss)
    hdma_usart3_tx                           0x20000768   Data          68  usart.o(.bss)
    hdma_usart3_rx                           0x200007ac   Data          68  usart.o(.bss)
    htim1                                    0x200007f0   Data          72  stm32f1xx_hal_timebase_tim.o(.bss)
    buffer                                   0x20000855   Data         128  shell.o(.bss)
    shell                                    0x200008d8   Data         116  shell_port.o(.bss)
    shell_buffer                             0x2000094c   Data         128  shell_port.o(.bss)
    xQueueRegistry                           0x200009cc   Data          64  queue.o(.bss)
    __libspace_start                         0x200043e4   Data          96  libspace.o(.bss)
    __temporary_stack_top$libspace           0x20004444   Data           0  libspace.o(.bss)



==============================================================================

Memory Map of the image

  Image Entry point : 0x080000ed

  Load Region LR_IROM1 (Base: 0x08000000, Size: 0x0000aac0, Max: 0x00010000, ABSOLUTE, COMPRESSED[0x0000a9e8])

    Execution Region ER_IROM1 (Exec base: 0x08000000, Load base: 0x08000000, Size: 0x0000a920, Max: 0x00010000, ABSOLUTE)

    Exec Addr    Load Addr    Size         Type   Attr      Idx    E Section Name        Object

    0x08000000   0x08000000   0x000000ec   Data   RO            3    RESET               startup_stm32f103xb.o
    0x080000ec   0x080000ec   0x00000008   Code   RO         6304  * !!!main             c_w.l(__main.o)
    0x080000f4   0x080000f4   0x00000034   Code   RO         6727    !!!scatter          c_w.l(__scatter.o)
    0x08000128   0x08000128   0x0000005a   Code   RO         6725    !!dczerorl2         c_w.l(__dczerorl2.o)
    0x08000182   0x08000182   0x00000002   PAD
    0x08000184   0x08000184   0x0000001c   Code   RO         6729    !!handler_zi        c_w.l(__scatter_zi.o)
    0x080001a0   0x080001a0   0x00000000   Code   RO         6455    .ARM.Collect$$_printf_percent$$00000000  c_w.l(_printf_percent.o)
    0x080001a0   0x080001a0   0x00000006   Code   RO         6444    .ARM.Collect$$_printf_percent$$00000001  c_w.l(_printf_n.o)
    0x080001a6   0x080001a6   0x00000006   Code   RO         6446    .ARM.Collect$$_printf_percent$$00000002  c_w.l(_printf_p.o)
    0x080001ac   0x080001ac   0x00000006   Code   RO         6451    .ARM.Collect$$_printf_percent$$00000003  c_w.l(_printf_f.o)
    0x080001b2   0x080001b2   0x00000006   Code   RO         6452    .ARM.Collect$$_printf_percent$$00000004  c_w.l(_printf_e.o)
    0x080001b8   0x080001b8   0x00000006   Code   RO         6453    .ARM.Collect$$_printf_percent$$00000005  c_w.l(_printf_g.o)
    0x080001be   0x080001be   0x00000006   Code   RO         6454    .ARM.Collect$$_printf_percent$$00000006  c_w.l(_printf_a.o)
    0x080001c4   0x080001c4   0x0000000a   Code   RO         6459    .ARM.Collect$$_printf_percent$$00000007  c_w.l(_printf_ll.o)
    0x080001ce   0x080001ce   0x00000006   Code   RO         6448    .ARM.Collect$$_printf_percent$$00000008  c_w.l(_printf_i.o)
    0x080001d4   0x080001d4   0x00000006   Code   RO         6449    .ARM.Collect$$_printf_percent$$00000009  c_w.l(_printf_d.o)
    0x080001da   0x080001da   0x00000006   Code   RO         6450    .ARM.Collect$$_printf_percent$$0000000A  c_w.l(_printf_u.o)
    0x080001e0   0x080001e0   0x00000006   Code   RO         6447    .ARM.Collect$$_printf_percent$$0000000B  c_w.l(_printf_o.o)
    0x080001e6   0x080001e6   0x00000006   Code   RO         6445    .ARM.Collect$$_printf_percent$$0000000C  c_w.l(_printf_x.o)
    0x080001ec   0x080001ec   0x00000006   Code   RO         6456    .ARM.Collect$$_printf_percent$$0000000D  c_w.l(_printf_lli.o)
    0x080001f2   0x080001f2   0x00000006   Code   RO         6457    .ARM.Collect$$_printf_percent$$0000000E  c_w.l(_printf_lld.o)
    0x080001f8   0x080001f8   0x00000006   Code   RO         6458    .ARM.Collect$$_printf_percent$$0000000F  c_w.l(_printf_llu.o)
    0x080001fe   0x080001fe   0x00000006   Code   RO         6463    .ARM.Collect$$_printf_percent$$00000010  c_w.l(_printf_llo.o)
    0x08000204   0x08000204   0x00000006   Code   RO         6464    .ARM.Collect$$_printf_percent$$00000011  c_w.l(_printf_llx.o)
    0x0800020a   0x0800020a   0x0000000a   Code   RO         6460    .ARM.Collect$$_printf_percent$$00000012  c_w.l(_printf_l.o)
    0x08000214   0x08000214   0x00000006   Code   RO         6442    .ARM.Collect$$_printf_percent$$00000013  c_w.l(_printf_c.o)
    0x0800021a   0x0800021a   0x00000006   Code   RO         6443    .ARM.Collect$$_printf_percent$$00000014  c_w.l(_printf_s.o)
    0x08000220   0x08000220   0x00000006   Code   RO         6461    .ARM.Collect$$_printf_percent$$00000015  c_w.l(_printf_lc.o)
    0x08000226   0x08000226   0x00000006   Code   RO         6462    .ARM.Collect$$_printf_percent$$00000016  c_w.l(_printf_ls.o)
    0x0800022c   0x0800022c   0x00000004   Code   RO         6527    .ARM.Collect$$_printf_percent$$00000017  c_w.l(_printf_percent_end.o)
    0x08000230   0x08000230   0x00000002   Code   RO         6646    .ARM.Collect$$libinit$$00000000  c_w.l(libinit.o)
    0x08000232   0x08000232   0x00000000   Code   RO         6540    .ARM.Collect$$libinit$$00000002  c_w.l(libinit2.o)
    0x08000232   0x08000232   0x00000000   Code   RO         6542    .ARM.Collect$$libinit$$00000004  c_w.l(libinit2.o)
    0x08000232   0x08000232   0x00000000   Code   RO         6545    .ARM.Collect$$libinit$$0000000A  c_w.l(libinit2.o)
    0x08000232   0x08000232   0x00000000   Code   RO         6547    .ARM.Collect$$libinit$$0000000C  c_w.l(libinit2.o)
    0x08000232   0x08000232   0x00000000   Code   RO         6549    .ARM.Collect$$libinit$$0000000E  c_w.l(libinit2.o)
    0x08000232   0x08000232   0x00000006   Code   RO         6550    .ARM.Collect$$libinit$$0000000F  c_w.l(libinit2.o)
    0x08000238   0x08000238   0x00000000   Code   RO         6552    .ARM.Collect$$libinit$$00000011  c_w.l(libinit2.o)
    0x08000238   0x08000238   0x0000000c   Code   RO         6553    .ARM.Collect$$libinit$$00000012  c_w.l(libinit2.o)
    0x08000244   0x08000244   0x00000000   Code   RO         6554    .ARM.Collect$$libinit$$00000013  c_w.l(libinit2.o)
    0x08000244   0x08000244   0x00000000   Code   RO         6556    .ARM.Collect$$libinit$$00000015  c_w.l(libinit2.o)
    0x08000244   0x08000244   0x0000000a   Code   RO         6557    .ARM.Collect$$libinit$$00000016  c_w.l(libinit2.o)
    0x0800024e   0x0800024e   0x00000000   Code   RO         6558    .ARM.Collect$$libinit$$00000017  c_w.l(libinit2.o)
    0x0800024e   0x0800024e   0x00000000   Code   RO         6560    .ARM.Collect$$libinit$$00000019  c_w.l(libinit2.o)
    0x0800024e   0x0800024e   0x00000000   Code   RO         6562    .ARM.Collect$$libinit$$0000001B  c_w.l(libinit2.o)
    0x0800024e   0x0800024e   0x00000000   Code   RO         6564    .ARM.Collect$$libinit$$0000001D  c_w.l(libinit2.o)
    0x0800024e   0x0800024e   0x00000000   Code   RO         6566    .ARM.Collect$$libinit$$0000001F  c_w.l(libinit2.o)
    0x0800024e   0x0800024e   0x00000000   Code   RO         6568    .ARM.Collect$$libinit$$00000021  c_w.l(libinit2.o)
    0x0800024e   0x0800024e   0x00000000   Code   RO         6570    .ARM.Collect$$libinit$$00000023  c_w.l(libinit2.o)
    0x0800024e   0x0800024e   0x00000000   Code   RO         6572    .ARM.Collect$$libinit$$00000025  c_w.l(libinit2.o)
    0x0800024e   0x0800024e   0x00000000   Code   RO         6576    .ARM.Collect$$libinit$$0000002C  c_w.l(libinit2.o)
    0x0800024e   0x0800024e   0x00000000   Code   RO         6578    .ARM.Collect$$libinit$$0000002E  c_w.l(libinit2.o)
    0x0800024e   0x0800024e   0x00000000   Code   RO         6580    .ARM.Collect$$libinit$$00000030  c_w.l(libinit2.o)
    0x0800024e   0x0800024e   0x00000000   Code   RO         6582    .ARM.Collect$$libinit$$00000032  c_w.l(libinit2.o)
    0x0800024e   0x0800024e   0x00000002   Code   RO         6583    .ARM.Collect$$libinit$$00000033  c_w.l(libinit2.o)
    0x08000250   0x08000250   0x00000002   Code   RO         6722    .ARM.Collect$$libshutdown$$00000000  c_w.l(libshutdown.o)
    0x08000252   0x08000252   0x00000000   Code   RO         6678    .ARM.Collect$$libshutdown$$00000002  c_w.l(libshutdown2.o)
    0x08000252   0x08000252   0x00000000   Code   RO         6680    .ARM.Collect$$libshutdown$$00000004  c_w.l(libshutdown2.o)
    0x08000252   0x08000252   0x00000000   Code   RO         6683    .ARM.Collect$$libshutdown$$00000007  c_w.l(libshutdown2.o)
    0x08000252   0x08000252   0x00000000   Code   RO         6686    .ARM.Collect$$libshutdown$$0000000A  c_w.l(libshutdown2.o)
    0x08000252   0x08000252   0x00000000   Code   RO         6688    .ARM.Collect$$libshutdown$$0000000C  c_w.l(libshutdown2.o)
    0x08000252   0x08000252   0x00000000   Code   RO         6691    .ARM.Collect$$libshutdown$$0000000F  c_w.l(libshutdown2.o)
    0x08000252   0x08000252   0x00000002   Code   RO         6692    .ARM.Collect$$libshutdown$$00000010  c_w.l(libshutdown2.o)
    0x08000254   0x08000254   0x00000000   Code   RO         6344    .ARM.Collect$$rtentry$$00000000  c_w.l(__rtentry.o)
    0x08000254   0x08000254   0x00000000   Code   RO         6488    .ARM.Collect$$rtentry$$00000002  c_w.l(__rtentry2.o)
    0x08000254   0x08000254   0x00000006   Code   RO         6500    .ARM.Collect$$rtentry$$00000004  c_w.l(__rtentry4.o)
    0x0800025a   0x0800025a   0x00000000   Code   RO         6490    .ARM.Collect$$rtentry$$00000009  c_w.l(__rtentry2.o)
    0x0800025a   0x0800025a   0x00000004   Code   RO         6491    .ARM.Collect$$rtentry$$0000000A  c_w.l(__rtentry2.o)
    0x0800025e   0x0800025e   0x00000000   Code   RO         6493    .ARM.Collect$$rtentry$$0000000C  c_w.l(__rtentry2.o)
    0x0800025e   0x0800025e   0x00000008   Code   RO         6494    .ARM.Collect$$rtentry$$0000000D  c_w.l(__rtentry2.o)
    0x08000266   0x08000266   0x00000002   Code   RO         6660    .ARM.Collect$$rtexit$$00000000  c_w.l(rtexit.o)
    0x08000268   0x08000268   0x00000000   Code   RO         6696    .ARM.Collect$$rtexit$$00000002  c_w.l(rtexit2.o)
    0x08000268   0x08000268   0x00000004   Code   RO         6697    .ARM.Collect$$rtexit$$00000003  c_w.l(rtexit2.o)
    0x0800026c   0x0800026c   0x00000006   Code   RO         6698    .ARM.Collect$$rtexit$$00000004  c_w.l(rtexit2.o)
    0x08000272   0x08000272   0x00000002   PAD
    0x08000274   0x08000274   0x00000096   Code   RO         6141    .emb_text           port.o
    0x0800030a   0x0800030a   0x00000002   PAD
    0x0800030c   0x0800030c   0x0000003c   Code   RO            4    .text               startup_stm32f103xb.o
    0x08000348   0x08000348   0x00000034   Code   RO         6278    .text               c_w.l(vsnprintf.o)
    0x0800037c   0x0800037c   0x00000024   Code   RO         6280    .text               c_w.l(strstr.o)
    0x080003a0   0x080003a0   0x0000003e   Code   RO         6282    .text               c_w.l(strlen.o)
    0x080003de   0x080003de   0x00000096   Code   RO         6284    .text               c_w.l(strncmp.o)
    0x08000474   0x08000474   0x00000018   Code   RO         6286    .text               c_w.l(strcat.o)
    0x0800048c   0x0800048c   0x0000008a   Code   RO         6288    .text               c_w.l(rt_memcpy_v6.o)
    0x08000516   0x08000516   0x00000064   Code   RO         6290    .text               c_w.l(rt_memcpy_w.o)
    0x0800057a   0x0800057a   0x00000010   Code   RO         6294    .text               c_w.l(aeabi_memset.o)
    0x0800058a   0x0800058a   0x00000044   Code   RO         6296    .text               c_w.l(rt_memclr.o)
    0x080005ce   0x080005ce   0x0000004e   Code   RO         6298    .text               c_w.l(rt_memclr_w.o)
    0x0800061c   0x0800061c   0x00000080   Code   RO         6300    .text               c_w.l(strcmpv7m.o)
    0x0800069c   0x0800069c   0x00000006   Code   RO         6302    .text               c_w.l(heapauxi.o)
    0x080006a2   0x080006a2   0x0000004e   Code   RO         6374    .text               c_w.l(_printf_pad.o)
    0x080006f0   0x080006f0   0x00000024   Code   RO         6376    .text               c_w.l(_printf_truncate.o)
    0x08000714   0x08000714   0x00000052   Code   RO         6378    .text               c_w.l(_printf_str.o)
    0x08000766   0x08000766   0x00000002   PAD
    0x08000768   0x08000768   0x00000078   Code   RO         6380    .text               c_w.l(_printf_dec.o)
    0x080007e0   0x080007e0   0x00000028   Code   RO         6382    .text               c_w.l(_printf_charcount.o)
    0x08000808   0x08000808   0x00000030   Code   RO         6384    .text               c_w.l(_printf_char_common.o)
    0x08000838   0x08000838   0x0000000a   Code   RO         6386    .text               c_w.l(_sputc.o)
    0x08000842   0x08000842   0x00000010   Code   RO         6388    .text               c_w.l(_snputc.o)
    0x08000852   0x08000852   0x00000002   PAD
    0x08000854   0x08000854   0x000000bc   Code   RO         6390    .text               c_w.l(_printf_wctomb.o)
    0x08000910   0x08000910   0x0000007c   Code   RO         6393    .text               c_w.l(_printf_longlong_dec.o)
    0x0800098c   0x0800098c   0x00000070   Code   RO         6399    .text               c_w.l(_printf_oct_int_ll.o)
    0x080009fc   0x080009fc   0x00000094   Code   RO         6419    .text               c_w.l(_printf_hex_int_ll_ptr.o)
    0x08000a90   0x08000a90   0x00000188   Code   RO         6439    .text               c_w.l(__printf_flags_ss_wp.o)
    0x08000c18   0x08000c18   0x00000008   Code   RO         6484    .text               c_w.l(libspace.o)
    0x08000c20   0x08000c20   0x0000008a   Code   RO         6512    .text               c_w.l(lludiv10.o)
    0x08000caa   0x08000caa   0x000000b2   Code   RO         6514    .text               c_w.l(_printf_intcommon.o)
    0x08000d5c   0x08000d5c   0x0000041e   Code   RO         6516    .text               c_w.l(_printf_fp_dec.o)
    0x0800117a   0x0800117a   0x00000002   PAD
    0x0800117c   0x0800117c   0x000002fc   Code   RO         6518    .text               c_w.l(_printf_fp_hex.o)
    0x08001478   0x08001478   0x0000002c   Code   RO         6523    .text               c_w.l(_printf_char.o)
    0x080014a4   0x080014a4   0x0000002c   Code   RO         6525    .text               c_w.l(_printf_wchar.o)
    0x080014d0   0x080014d0   0x00000040   Code   RO         6528    .text               c_w.l(_wcrtomb.o)
    0x08001510   0x08001510   0x0000004a   Code   RO         6588    .text               c_w.l(sys_stackheap_outer.o)
    0x0800155a   0x0800155a   0x00000002   PAD
    0x0800155c   0x0800155c   0x00000010   Code   RO         6590    .text               c_w.l(rt_ctype_table.o)
    0x0800156c   0x0800156c   0x00000008   Code   RO         6597    .text               c_w.l(rt_locale_intlibspace.o)
    0x08001574   0x08001574   0x00000080   Code   RO         6603    .text               c_w.l(_printf_fp_infnan.o)
    0x080015f4   0x080015f4   0x000000e4   Code   RO         6605    .text               c_w.l(bigflt0.o)
    0x080016d8   0x080016d8   0x00000012   Code   RO         6633    .text               c_w.l(exit.o)
    0x080016ea   0x080016ea   0x00000002   PAD
    0x080016ec   0x080016ec   0x0000000c   Code   RO         6655    .text               c_w.l(sys_exit.o)
    0x080016f8   0x080016f8   0x00000002   Code   RO         6657    .text               c_w.l(use_no_semi.o)
    0x080016fa   0x080016fa   0x00000000   Code   RO         6659    .text               c_w.l(indicate_semi.o)
    0x080016fa   0x080016fa   0x0000003e   Code   RO         6608    CL$$btod_d2e        c_w.l(btod.o)
    0x08001738   0x08001738   0x00000046   Code   RO         6610    CL$$btod_d2e_denorm_low  c_w.l(btod.o)
    0x0800177e   0x0800177e   0x00000060   Code   RO         6609    CL$$btod_d2e_norm_op1  c_w.l(btod.o)
    0x080017de   0x080017de   0x00000338   Code   RO         6618    CL$$btod_div_common  c_w.l(btod.o)
    0x08001b16   0x08001b16   0x000000dc   Code   RO         6615    CL$$btod_e2e        c_w.l(btod.o)
    0x08001bf2   0x08001bf2   0x0000002a   Code   RO         6612    CL$$btod_ediv       c_w.l(btod.o)
    0x08001c1c   0x08001c1c   0x0000002a   Code   RO         6611    CL$$btod_emul       c_w.l(btod.o)
    0x08001c46   0x08001c46   0x00000244   Code   RO         6617    CL$$btod_mult_common  c_w.l(btod.o)
    0x08001e8a   0x08001e8a   0x00000002   PAD
    0x08001e8c   0x08001e8c   0x00000056   Code   RO         1880    i.ADC_ConversionStop_Disable  stm32f1xx_hal_adc.o
    0x08001ee2   0x08001ee2   0x0000004e   Code   RO         1881    i.ADC_DMAConvCplt   stm32f1xx_hal_adc.o
    0x08001f30   0x08001f30   0x0000001a   Code   RO         1882    i.ADC_DMAError      stm32f1xx_hal_adc.o
    0x08001f4a   0x08001f4a   0x0000000a   Code   RO         1883    i.ADC_DMAHalfConvCplt  stm32f1xx_hal_adc.o
    0x08001f54   0x08001f54   0x0000007c   Code   RO         1884    i.ADC_Enable        stm32f1xx_hal_adc.o
    0x08001fd0   0x08001fd0   0x00000114   Code   RO          946    i.At_ExeFree_Cmd    at.o
    0x080020e4   0x080020e4   0x00000044   Code   RO          947    i.At_GetSlaveId     at.o
    0x08002128   0x08002128   0x00000060   Code   RO          948    i.At_Handle         at.o
    0x08002188   0x08002188   0x00000084   Code   RO          949    i.At_ParserCallback  at.o
    0x0800220c   0x0800220c   0x00000002   Code   RO          777    i.BusFault_Handler  stm32f1xx_it.o
    0x0800220e   0x0800220e   0x00000002   PAD
    0x08002210   0x08002210   0x00000124   Code   RO          950    i.Config_Mode       at.o
    0x08002334   0x08002334   0x0000000c   Code   RO          778    i.DMA1_Channel1_IRQHandler  stm32f1xx_it.o
    0x08002340   0x08002340   0x0000000c   Code   RO          779    i.DMA1_Channel2_IRQHandler  stm32f1xx_it.o
    0x0800234c   0x0800234c   0x0000000c   Code   RO          780    i.DMA1_Channel3_IRQHandler  stm32f1xx_it.o
    0x08002358   0x08002358   0x0000002a   Code   RO         2534    i.DMA_SetConfig     stm32f1xx_hal_dma.o
    0x08002382   0x08002382   0x00000002   Code   RO          781    i.DebugMon_Handler  stm32f1xx_it.o
    0x08002384   0x08002384   0x00000008   Code   RO          782    i.EXTI9_5_IRQHandler  stm32f1xx_it.o
    0x0800238c   0x0800238c   0x00000004   Code   RO          351    i.Error_Handler     main.o
    0x08002390   0x08002390   0x000000b8   Code   RO          951    i.Free_Mode         at.o
    0x08002448   0x08002448   0x00000024   Code   RO          952    i.Get_AtCmd         at.o
    0x0800246c   0x0800246c   0x0000007c   Code   RO          288    i.Get_BaudTable     io_uart.o
    0x080024e8   0x080024e8   0x0000001e   Code   RO          289    i.Get_ValidBits     io_uart.o
    0x08002506   0x08002506   0x00000002   PAD
    0x08002508   0x08002508   0x000000fc   Code   RO         1886    i.HAL_ADC_ConfigChannel  stm32f1xx_hal_adc.o
    0x08002604   0x08002604   0x00000002   Code   RO         1887    i.HAL_ADC_ConvCpltCallback  stm32f1xx_hal_adc.o
    0x08002606   0x08002606   0x00000002   Code   RO         1888    i.HAL_ADC_ConvHalfCpltCallback  stm32f1xx_hal_adc.o
    0x08002608   0x08002608   0x00000002   Code   RO         1890    i.HAL_ADC_ErrorCallback  stm32f1xx_hal_adc.o
    0x0800260a   0x0800260a   0x00000002   PAD
    0x0800260c   0x0800260c   0x0000011c   Code   RO         1895    i.HAL_ADC_Init      stm32f1xx_hal_adc.o
    0x08002728   0x08002728   0x00000090   Code   RO          532    i.HAL_ADC_MspInit   adc.o
    0x080027b8   0x080027b8   0x0000010c   Code   RO         1902    i.HAL_ADC_Start_DMA  stm32f1xx_hal_adc.o
    0x080028c4   0x080028c4   0x00000046   Code   RO         2535    i.HAL_DMA_Abort     stm32f1xx_hal_dma.o
    0x0800290a   0x0800290a   0x00000002   PAD
    0x0800290c   0x0800290c   0x00000098   Code   RO         2536    i.HAL_DMA_Abort_IT  stm32f1xx_hal_dma.o
    0x080029a4   0x080029a4   0x00000154   Code   RO         2540    i.HAL_DMA_IRQHandler  stm32f1xx_hal_dma.o
    0x08002af8   0x08002af8   0x0000005c   Code   RO         2541    i.HAL_DMA_Init      stm32f1xx_hal_dma.o
    0x08002b54   0x08002b54   0x00000070   Code   RO         2545    i.HAL_DMA_Start_IT  stm32f1xx_hal_dma.o
    0x08002bc4   0x08002bc4   0x00000044   Code   RO          290    i.HAL_GPIO_EXTI_Callback  io_uart.o
    0x08002c08   0x08002c08   0x00000018   Code   RO         2470    i.HAL_GPIO_EXTI_IRQHandler  stm32f1xx_hal_gpio.o
    0x08002c20   0x08002c20   0x000001e0   Code   RO         2471    i.HAL_GPIO_Init     stm32f1xx_hal_gpio.o
    0x08002e00   0x08002e00   0x0000000a   Code   RO         2473    i.HAL_GPIO_ReadPin  stm32f1xx_hal_gpio.o
    0x08002e0a   0x08002e0a   0x0000000a   Code   RO         2475    i.HAL_GPIO_WritePin  stm32f1xx_hal_gpio.o
    0x08002e14   0x08002e14   0x0000000c   Code   RO         2167    i.HAL_GetTick       stm32f1xx_hal.o
    0x08002e20   0x08002e20   0x0000005a   Code   RO         3131    i.HAL_IWDG_Init     stm32f1xx_hal_iwdg.o
    0x08002e7a   0x08002e7a   0x0000000c   Code   RO         3132    i.HAL_IWDG_Refresh  stm32f1xx_hal_iwdg.o
    0x08002e86   0x08002e86   0x00000002   PAD
    0x08002e88   0x08002e88   0x00000010   Code   RO         2173    i.HAL_IncTick       stm32f1xx_hal.o
    0x08002e98   0x08002e98   0x00000024   Code   RO         2174    i.HAL_Init          stm32f1xx_hal.o
    0x08002ebc   0x08002ebc   0x00000074   Code   RO          907    i.HAL_InitTick      stm32f1xx_hal_timebase_tim.o
    0x08002f30   0x08002f30   0x00000048   Code   RO          883    i.HAL_MspInit       stm32f1xx_hal_msp.o
    0x08002f78   0x08002f78   0x00000022   Code   RO         2630    i.HAL_NVIC_DisableIRQ  stm32f1xx_hal_cortex.o
    0x08002f9a   0x08002f9a   0x0000001a   Code   RO         2631    i.HAL_NVIC_EnableIRQ  stm32f1xx_hal_cortex.o
    0x08002fb4   0x08002fb4   0x00000040   Code   RO         2637    i.HAL_NVIC_SetPriority  stm32f1xx_hal_cortex.o
    0x08002ff4   0x08002ff4   0x00000024   Code   RO         2638    i.HAL_NVIC_SetPriorityGrouping  stm32f1xx_hal_cortex.o
    0x08003018   0x08003018   0x000000ec   Code   RO         2434    i.HAL_RCCEx_PeriphCLKConfig  stm32f1xx_hal_rcc_ex.o
    0x08003104   0x08003104   0x0000012c   Code   RO         2331    i.HAL_RCC_ClockConfig  stm32f1xx_hal_rcc.o
    0x08003230   0x08003230   0x00000040   Code   RO         2335    i.HAL_RCC_GetClockConfig  stm32f1xx_hal_rcc.o
    0x08003270   0x08003270   0x00000020   Code   RO         2338    i.HAL_RCC_GetPCLK1Freq  stm32f1xx_hal_rcc.o
    0x08003290   0x08003290   0x00000020   Code   RO         2339    i.HAL_RCC_GetPCLK2Freq  stm32f1xx_hal_rcc.o
    0x080032b0   0x080032b0   0x0000006c   Code   RO         2340    i.HAL_RCC_GetSysClockFreq  stm32f1xx_hal_rcc.o
    0x0800331c   0x0800331c   0x00000320   Code   RO         2343    i.HAL_RCC_OscConfig  stm32f1xx_hal_rcc.o
    0x0800363c   0x0800363c   0x000000b2   Code   RO         3172    i.HAL_SPI_Init      stm32f1xx_hal_spi.o
    0x080036ee   0x080036ee   0x00000002   PAD
    0x080036f0   0x080036f0   0x00000060   Code   RO          633    i.HAL_SPI_MspInit   spi.o
    0x08003750   0x08003750   0x000000a8   Code   RO          291    i.HAL_SUART_Receive  io_uart.o
    0x080037f8   0x080037f8   0x0000008e   Code   RO          292    i.HAL_SUART_Transmit  io_uart.o
    0x08003886   0x08003886   0x00000002   Code   RO         4189    i.HAL_TIMEx_BreakCallback  stm32f1xx_hal_tim_ex.o
    0x08003888   0x08003888   0x00000002   Code   RO         4190    i.HAL_TIMEx_CommutCallback  stm32f1xx_hal_tim_ex.o
    0x0800388a   0x0800388a   0x00000002   PAD
    0x0800388c   0x0800388c   0x00000068   Code   RO         4208    i.HAL_TIMEx_MasterConfigSynchronization  stm32f1xx_hal_tim_ex.o
    0x080038f4   0x080038f4   0x0000005a   Code   RO         3485    i.HAL_TIM_Base_Init  stm32f1xx_hal_tim.o
    0x0800394e   0x0800394e   0x00000002   PAD
    0x08003950   0x08003950   0x00000064   Code   RO          675    i.HAL_TIM_Base_MspInit  tim.o
    0x080039b4   0x080039b4   0x00000058   Code   RO         3490    i.HAL_TIM_Base_Start_IT  stm32f1xx_hal_tim.o
    0x08003a0c   0x08003a0c   0x00000030   Code   RO         3493    i.HAL_TIM_Base_Stop_IT  stm32f1xx_hal_tim.o
    0x08003a3c   0x08003a3c   0x000000d6   Code   RO         3494    i.HAL_TIM_ConfigClockSource  stm32f1xx_hal_tim.o
    0x08003b12   0x08003b12   0x00000002   Code   RO         3519    i.HAL_TIM_IC_CaptureCallback  stm32f1xx_hal_tim.o
    0x08003b14   0x08003b14   0x00000166   Code   RO         3533    i.HAL_TIM_IRQHandler  stm32f1xx_hal_tim.o
    0x08003c7a   0x08003c7a   0x00000002   Code   RO         3536    i.HAL_TIM_OC_DelayElapsedCallback  stm32f1xx_hal_tim.o
    0x08003c7c   0x08003c7c   0x00000002   Code   RO         3563    i.HAL_TIM_PWM_PulseFinishedCallback  stm32f1xx_hal_tim.o
    0x08003c7e   0x08003c7e   0x00000002   PAD
    0x08003c80   0x08003c80   0x0000020c   Code   RO          352    i.HAL_TIM_PeriodElapsedCallback  main.o
    0x08003e8c   0x08003e8c   0x00000002   Code   RO         3576    i.HAL_TIM_TriggerCallback  stm32f1xx_hal_tim.o
    0x08003e8e   0x08003e8e   0x00000002   Code   RO         4467    i.HAL_UARTEx_RxEventCallback  stm32f1xx_hal_uart.o
    0x08003e90   0x08003e90   0x00000058   Code   RO         4479    i.HAL_UART_DMAStop  stm32f1xx_hal_uart.o
    0x08003ee8   0x08003ee8   0x00000002   Code   RO         4481    i.HAL_UART_ErrorCallback  stm32f1xx_hal_uart.o
    0x08003eea   0x08003eea   0x00000002   PAD
    0x08003eec   0x08003eec   0x0000020c   Code   RO         4484    i.HAL_UART_IRQHandler  stm32f1xx_hal_uart.o
    0x080040f8   0x080040f8   0x00000062   Code   RO         4485    i.HAL_UART_Init     stm32f1xx_hal_uart.o
    0x0800415a   0x0800415a   0x00000002   PAD
    0x0800415c   0x0800415c   0x000000e0   Code   RO          723    i.HAL_UART_MspInit  usart.o
    0x0800423c   0x0800423c   0x0000002a   Code   RO         4489    i.HAL_UART_Receive_DMA  stm32f1xx_hal_uart.o
    0x08004266   0x08004266   0x00000002   Code   RO         4491    i.HAL_UART_RxCpltCallback  stm32f1xx_hal_uart.o
    0x08004268   0x08004268   0x00000002   Code   RO         4492    i.HAL_UART_RxHalfCpltCallback  stm32f1xx_hal_uart.o
    0x0800426a   0x0800426a   0x00000002   PAD
    0x0800426c   0x0800426c   0x00000080   Code   RO         4494    i.HAL_UART_Transmit_DMA  stm32f1xx_hal_uart.o
    0x080042ec   0x080042ec   0x00000002   Code   RO         4496    i.HAL_UART_TxCpltCallback  stm32f1xx_hal_uart.o
    0x080042ee   0x080042ee   0x00000002   Code   RO         4497    i.HAL_UART_TxHalfCpltCallback  stm32f1xx_hal_uart.o
    0x080042f0   0x080042f0   0x00000002   Code   RO          783    i.HardFault_Handler  stm32f1xx_it.o
    0x080042f2   0x080042f2   0x00000002   PAD
    0x080042f4   0x080042f4   0x00000014   Code   RO          440    i.IWDG_Task         freertos.o
    0x08004308   0x08004308   0x00000044   Code   RO           15    i.Io_Digital_Output  io_signal.o
    0x0800434c   0x0800434c   0x00000030   Code   RO          441    i.Io_Output_Task    freertos.o
    0x0800437c   0x0800437c   0x00000064   Code   RO          533    i.MX_ADC1_Init      adc.o
    0x080043e0   0x080043e0   0x0000004c   Code   RO          578    i.MX_DMA_Init       dma.o
    0x0800442c   0x0800442c   0x000000ac   Code   RO          442    i.MX_FREERTOS_Init  freertos.o
    0x080044d8   0x080044d8   0x00000114   Code   RO          416    i.MX_GPIO_Init      gpio.o
    0x080045ec   0x080045ec   0x0000002c   Code   RO          602    i.MX_IWDG_Init      iwdg.o
    0x08004618   0x08004618   0x00000048   Code   RO          634    i.MX_SPI2_Init      spi.o
    0x08004660   0x08004660   0x00000038   Code   RO          293    i.MX_Suart_Init     io_uart.o
    0x08004698   0x08004698   0x00000068   Code   RO          676    i.MX_TIM3_Init      tim.o
    0x08004700   0x08004700   0x00000068   Code   RO          677    i.MX_TIM4_Init      tim.o
    0x08004768   0x08004768   0x00000054   Code   RO          724    i.MX_USART3_UART_Init  usart.o
    0x080047bc   0x080047bc   0x00000002   Code   RO          784    i.MemManage_Handler  stm32f1xx_it.o
    0x080047be   0x080047be   0x00000002   PAD
    0x080047c0   0x080047c0   0x0000001c   Code   RO         1714    i.ModbusInit        mdrtuslave.o
    0x080047dc   0x080047dc   0x00000038   Code   RO          443    i.Modbus_Task       freertos.o
    0x08004814   0x08004814   0x00000002   Code   RO          785    i.NMI_Handler       stm32f1xx_it.o
    0x08004816   0x08004816   0x00000050   Code   RO          444    i.Shell_Task        freertos.o
    0x08004866   0x08004866   0x00000002   PAD
    0x08004868   0x08004868   0x0000002c   Code   RO         6142    i.SysTick_Handler   port.o
    0x08004894   0x08004894   0x00000080   Code   RO          353    i.SystemClock_Config  main.o
    0x08004914   0x08004914   0x00000002   Code   RO         4814    i.SystemInit        system_stm32f1xx.o
    0x08004916   0x08004916   0x00000002   PAD
    0x08004918   0x08004918   0x0000000c   Code   RO          786    i.TIM1_UP_IRQHandler  stm32f1xx_it.o
    0x08004924   0x08004924   0x0000000c   Code   RO          787    i.TIM3_IRQHandler   stm32f1xx_it.o
    0x08004930   0x08004930   0x0000000c   Code   RO          788    i.TIM4_IRQHandler   stm32f1xx_it.o
    0x0800493c   0x0800493c   0x0000006c   Code   RO         3578    i.TIM_Base_SetConfig  stm32f1xx_hal_tim.o
    0x080049a8   0x080049a8   0x00000014   Code   RO         3589    i.TIM_ETR_SetConfig  stm32f1xx_hal_tim.o
    0x080049bc   0x080049bc   0x00000010   Code   RO         3590    i.TIM_ITRx_SetConfig  stm32f1xx_hal_tim.o
    0x080049cc   0x080049cc   0x00000022   Code   RO         3596    i.TIM_TI1_ConfigInputStage  stm32f1xx_hal_tim.o
    0x080049ee   0x080049ee   0x00000024   Code   RO         3598    i.TIM_TI2_ConfigInputStage  stm32f1xx_hal_tim.o
    0x08004a12   0x08004a12   0x00000002   PAD
    0x08004a14   0x08004a14   0x0000001c   Code   RO          445    i.Timer_Callback    freertos.o
    0x08004a30   0x08004a30   0x00000010   Code   RO         4498    i.UART_DMAAbortOnError  stm32f1xx_hal_uart.o
    0x08004a40   0x08004a40   0x0000004a   Code   RO         4499    i.UART_DMAError     stm32f1xx_hal_uart.o
    0x08004a8a   0x08004a8a   0x0000005a   Code   RO         4500    i.UART_DMAReceiveCplt  stm32f1xx_hal_uart.o
    0x08004ae4   0x08004ae4   0x0000001a   Code   RO         4502    i.UART_DMARxHalfCplt  stm32f1xx_hal_uart.o
    0x08004afe   0x08004afe   0x0000002e   Code   RO         4504    i.UART_DMATransmitCplt  stm32f1xx_hal_uart.o
    0x08004b2c   0x08004b2c   0x0000000a   Code   RO         4506    i.UART_DMATxHalfCplt  stm32f1xx_hal_uart.o
    0x08004b36   0x08004b36   0x00000030   Code   RO         4508    i.UART_EndRxTransfer  stm32f1xx_hal_uart.o
    0x08004b66   0x08004b66   0x00000012   Code   RO         4509    i.UART_EndTxTransfer  stm32f1xx_hal_uart.o
    0x08004b78   0x08004b78   0x000000b6   Code   RO         4510    i.UART_Receive_IT   stm32f1xx_hal_uart.o
    0x08004c2e   0x08004c2e   0x00000002   PAD
    0x08004c30   0x08004c30   0x000000b8   Code   RO         4511    i.UART_SetConfig    stm32f1xx_hal_uart.o
    0x08004ce8   0x08004ce8   0x00000070   Code   RO         4512    i.UART_Start_Receive_DMA  stm32f1xx_hal_uart.o
    0x08004d58   0x08004d58   0x00000060   Code   RO          789    i.USART3_IRQHandler  stm32f1xx_it.o
    0x08004db8   0x08004db8   0x00000002   Code   RO          790    i.UsageFault_Handler  stm32f1xx_it.o
    0x08004dba   0x08004dba   0x00000002   PAD
    0x08004dbc   0x08004dbc   0x0000002c   Code   RO         1456    i.User_Shell_Init   shell_port.o
    0x08004de8   0x08004de8   0x00000020   Code   RO         1457    i.User_Shell_Read   shell_port.o
    0x08004e08   0x08004e08   0x00000020   Code   RO         1458    i.User_Shell_Write  shell_port.o
    0x08004e28   0x08004e28   0x00000098   Code   RO          953    i.Wait_Recv         at.o
    0x08004ec0   0x08004ec0   0x00000028   Code   RO         6653    i.__ARM_fpclassify  m_ws.l(fpclassify.o)
    0x08004ee8   0x08004ee8   0x00000020   Code   RO         2644    i.__NVIC_SetPriority  stm32f1xx_hal_cortex.o
    0x08004f08   0x08004f08   0x0000000e   Code   RO         6432    i._is_digit         c_w.l(__printf_wp.o)
    0x08004f16   0x08004f16   0x0000000c   Code   RO         5723    i.inHandlerMode     cmsis_os.o
    0x08004f22   0x08004f22   0x00000002   PAD
    0x08004f24   0x08004f24   0x00000058   Code   RO          354    i.main              main.o
    0x08004f7c   0x08004f7c   0x0000000c   Code   RO         5725    i.makeFreeRtosPriority  cmsis_os.o
    0x08004f88   0x08004f88   0x0000000c   Code   RO         1526    i.mdClearReceiveBuffer  mdrecbuffer.o
    0x08004f94   0x08004f94   0x0000002c   Code   RO         1509    i.mdCrc16           mdcrc16.o
    0x08004fc0   0x08004fc0   0x00000110   Code   RO         1715    i.mdCreateModbusRTUSlave  mdrtuslave.o
    0x080050d0   0x080050d0   0x00000022   Code   RO         1527    i.mdCreateReceiveBuffer  mdrecbuffer.o
    0x080050f2   0x080050f2   0x00000038   Code   RO         1556    i.mdCreateRegister  mdregpool.o
    0x0800512a   0x0800512a   0x00000002   PAD
    0x0800512c   0x0800512c   0x00000170   Code   RO         1557    i.mdCreateRegisterPool  mdregpool.o
    0x0800529c   0x0800529c   0x00000060   Code   RO         1559    i.mdFindRegisterByAddress  mdregpool.o
    0x080052fc   0x080052fc   0x00000034   Code   RO         1560    i.mdInsertRegister  mdregpool.o
    0x08005330   0x08005330   0x00000092   Code   RO         1717    i.mdRTUCenterProcessor  mdrtuslave.o
    0x080053c2   0x080053c2   0x00000002   Code   RO         1718    i.mdRTUError        mdrtuslave.o
    0x080053c4   0x080053c4   0x000000b0   Code   RO         1719    i.mdRTUHandleCode1  mdrtuslave.o
    0x08005474   0x08005474   0x00000076   Code   RO         1720    i.mdRTUHandleCode15  mdrtuslave.o
    0x080054ea   0x080054ea   0x00000002   PAD
    0x080054ec   0x080054ec   0x00000070   Code   RO         1721    i.mdRTUHandleCode16  mdrtuslave.o
    0x0800555c   0x0800555c   0x000000b0   Code   RO         1722    i.mdRTUHandleCode2  mdrtuslave.o
    0x0800560c   0x0800560c   0x000000ac   Code   RO         1723    i.mdRTUHandleCode3  mdrtuslave.o
    0x080056b8   0x080056b8   0x000000ac   Code   RO         1724    i.mdRTUHandleCode4  mdrtuslave.o
    0x08005764   0x08005764   0x00000040   Code   RO         1725    i.mdRTUHandleCode5  mdrtuslave.o
    0x080057a4   0x080057a4   0x00000028   Code   RO         1726    i.mdRTUHandleCode6  mdrtuslave.o
    0x080057cc   0x080057cc   0x00000004   Code   RO         1727    i.mdRTUSendString   mdrtuslave.o
    0x080057d0   0x080057d0   0x00000040   Code   RO         1561    i.mdReadBit         mdregpool.o
    0x08005810   0x08005810   0x0000002a   Code   RO         1562    i.mdReadBits        mdregpool.o
    0x0800583a   0x0800583a   0x0000001a   Code   RO         1563    i.mdReadCoil        mdregpool.o
    0x08005854   0x08005854   0x0000003c   Code   RO         1564    i.mdReadCoils       mdregpool.o
    0x08005890   0x08005890   0x00000010   Code   RO         1565    i.mdReadHoldRegister  mdregpool.o
    0x080058a0   0x080058a0   0x00000012   Code   RO         1566    i.mdReadHoldRegisters  mdregpool.o
    0x080058b2   0x080058b2   0x0000001e   Code   RO         1567    i.mdReadInputCoil   mdregpool.o
    0x080058d0   0x080058d0   0x00000040   Code   RO         1568    i.mdReadInputCoils  mdregpool.o
    0x08005910   0x08005910   0x00000010   Code   RO         1569    i.mdReadInputRegister  mdregpool.o
    0x08005920   0x08005920   0x00000012   Code   RO         1570    i.mdReadInputRegisters  mdregpool.o
    0x08005932   0x08005932   0x0000001c   Code   RO         1571    i.mdReadU16         mdregpool.o
    0x0800594e   0x0800594e   0x0000002a   Code   RO         1572    i.mdReadU16s        mdregpool.o
    0x08005978   0x08005978   0x0000001e   Code   RO         1728    i.mdU16Swap         mdrtuslave.o
    0x08005996   0x08005996   0x00000060   Code   RO         1573    i.mdWriteBit        mdregpool.o
    0x080059f6   0x080059f6   0x00000002   PAD
    0x080059f8   0x080059f8   0x0000002c   Code   RO         1574    i.mdWriteBits       mdregpool.o
    0x08005a24   0x08005a24   0x0000000a   Code   RO         1575    i.mdWriteCoil       mdregpool.o
    0x08005a2e   0x08005a2e   0x00000002   PAD
    0x08005a30   0x08005a30   0x00000036   Code   RO         1576    i.mdWriteCoils      mdregpool.o
    0x08005a66   0x08005a66   0x00000010   Code   RO         1577    i.mdWriteHoldRegister  mdregpool.o
    0x08005a76   0x08005a76   0x00000012   Code   RO         1578    i.mdWriteHoldRegisters  mdregpool.o
    0x08005a88   0x08005a88   0x00000012   Code   RO         1579    i.mdWriteInputCoil  mdregpool.o
    0x08005a9a   0x08005a9a   0x00000002   PAD
    0x08005a9c   0x08005a9c   0x0000003a   Code   RO         1580    i.mdWriteInputCoils  mdregpool.o
    0x08005ad6   0x08005ad6   0x00000010   Code   RO         1581    i.mdWriteInputRegister  mdregpool.o
    0x08005ae6   0x08005ae6   0x00000012   Code   RO         1582    i.mdWriteInputRegisters  mdregpool.o
    0x08005af8   0x08005af8   0x00000034   Code   RO         1583    i.mdWriteU16        mdregpool.o
    0x08005b2c   0x08005b2c   0x0000002c   Code   RO         1584    i.mdWriteU16s       mdregpool.o
    0x08005b58   0x08005b58   0x0000000e   Code   RO         5727    i.osDelay           cmsis_os.o
    0x08005b66   0x08005b66   0x0000000a   Code   RO         5730    i.osKernelStart     cmsis_os.o
    0x08005b70   0x08005b70   0x00000010   Code   RO         5745    i.osMutexCreate     cmsis_os.o
    0x08005b80   0x08005b80   0x00000004   Code   RO         5754    i.osRecursiveMutexRelease  cmsis_os.o
    0x08005b84   0x08005b84   0x00000004   Code   RO         5755    i.osRecursiveMutexWait  cmsis_os.o
    0x08005b88   0x08005b88   0x0000003e   Code   RO         5756    i.osSemaphoreCreate  cmsis_os.o
    0x08005bc6   0x08005bc6   0x00000002   PAD
    0x08005bc8   0x08005bc8   0x00000050   Code   RO         5759    i.osSemaphoreRelease  cmsis_os.o
    0x08005c18   0x08005c18   0x00000064   Code   RO         5760    i.osSemaphoreWait   cmsis_os.o
    0x08005c7c   0x08005c7c   0x00000054   Code   RO         5764    i.osThreadCreate    cmsis_os.o
    0x08005cd0   0x08005cd0   0x00000040   Code   RO         5775    i.osTimerCreate     cmsis_os.o
    0x08005d10   0x08005d10   0x0000005c   Code   RO         5777    i.osTimerStart      cmsis_os.o
    0x08005d6c   0x08005d6c   0x0000001c   Code   RO         1729    i.popchar           mdrtuslave.o
    0x08005d88   0x08005d88   0x00000010   Code   RO         1730    i.portRtuPushChar   mdrtuslave.o
    0x08005d98   0x08005d98   0x00000012   Code   RO         1731    i.portRtuPushString  mdrtuslave.o
    0x08005daa   0x08005daa   0x0000001c   Code   RO         1732    i.portRtuTimerTick  mdrtuslave.o
    0x08005dc6   0x08005dc6   0x00000002   PAD
    0x08005dc8   0x08005dc8   0x00000070   Code   RO         5295    i.prvAddCurrentTaskToDelayedList  tasks.o
    0x08005e38   0x08005e38   0x000000d0   Code   RO         5296    i.prvAddNewTaskToReadyList  tasks.o
    0x08005f08   0x08005f08   0x00000058   Code   RO         5594    i.prvCheckForValidListAndQueue  timers.o
    0x08005f60   0x08005f60   0x00000026   Code   RO         4986    i.prvCopyDataFromQueue  queue.o
    0x08005f86   0x08005f86   0x0000006c   Code   RO         4987    i.prvCopyDataToQueue  queue.o
    0x08005ff2   0x08005ff2   0x00000034   Code   RO         5297    i.prvDeleteTCB      tasks.o
    0x08006026   0x08006026   0x00000002   PAD
    0x08006028   0x08006028   0x0000004c   Code   RO         6092    i.prvHeapInit       heap_4.o
    0x08006074   0x08006074   0x00000060   Code   RO         5298    i.prvIdleTask       tasks.o
    0x080060d4   0x080060d4   0x00000016   Code   RO         4988    i.prvInitialiseMutex  queue.o
    0x080060ea   0x080060ea   0x00000016   Code   RO         4989    i.prvInitialiseNewQueue  queue.o
    0x08006100   0x08006100   0x0000009c   Code   RO         5299    i.prvInitialiseNewTask  tasks.o
    0x0800619c   0x0800619c   0x00000044   Code   RO         5595    i.prvInitialiseNewTimer  timers.o
    0x080061e0   0x080061e0   0x0000004c   Code   RO         6093    i.prvInsertBlockIntoFreeList  heap_4.o
    0x0800622c   0x0800622c   0x00000038   Code   RO         5596    i.prvInsertTimerInActiveList  timers.o
    0x08006264   0x08006264   0x0000001c   Code   RO         4990    i.prvIsQueueEmpty   queue.o
    0x08006280   0x08006280   0x000000bc   Code   RO         5597    i.prvProcessReceivedCommands  timers.o
    0x0800633c   0x0800633c   0x000000b4   Code   RO         5598    i.prvProcessTimerOrBlockTask  timers.o
    0x080063f0   0x080063f0   0x00000020   Code   RO         5300    i.prvResetNextTaskUnblockTime  tasks.o
    0x08006410   0x08006410   0x00000028   Code   RO         5599    i.prvSampleTimeNow  timers.o
    0x08006438   0x08006438   0x0000006c   Code   RO         5600    i.prvSwitchTimerLists  timers.o
    0x080064a4   0x080064a4   0x00000028   Code   RO         6143    i.prvTaskExitError  port.o
    0x080064cc   0x080064cc   0x00000024   Code   RO         5601    i.prvTimerTask      timers.o
    0x080064f0   0x080064f0   0x0000006a   Code   RO         4991    i.prvUnlockQueue    queue.o
    0x0800655a   0x0800655a   0x00000002   PAD
    0x0800655c   0x0800655c   0x000000d8   Code   RO         6094    i.pvPortMalloc      heap_4.o
    0x08006634   0x08006634   0x00000018   Code   RO         5302    i.pvTaskIncrementMutexHeldCount  tasks.o
    0x0800664c   0x0800664c   0x00000024   Code   RO         6144    i.pxPortInitialiseStack  port.o
    0x08006670   0x08006670   0x00000006   Code   RO         1019    i.shellBackspace    shell.o
    0x08006676   0x08006676   0x0000002e   Code   RO         1020    i.shellCheckPermission  shell.o
    0x080066a4   0x080066a4   0x0000001c   Code   RO         1021    i.shellClear        shell.o
    0x080066c0   0x080066c0   0x00000030   Code   RO         1022    i.shellClearCommandLine  shell.o
    0x080066f0   0x080066f0   0x00000014   Code   RO         1023    i.shellCmds         shell.o
    0x08006704   0x08006704   0x00000008   Code   RO         1024    i.shellDelete       shell.o
    0x0800670c   0x0800670c   0x000000d6   Code   RO         1025    i.shellDeleteByte   shell.o
    0x080067e2   0x080067e2   0x00000002   PAD
    0x080067e4   0x080067e4   0x0000001c   Code   RO         1026    i.shellDeleteCommandLine  shell.o
    0x08006800   0x08006800   0x00000008   Code   RO         1027    i.shellDown         shell.o
    0x08006808   0x08006808   0x00000014   Code   RO         1028    i.shellEnter        shell.o
    0x0800681c   0x0800681c   0x00000090   Code   RO         1029    i.shellExec         shell.o
    0x080068ac   0x080068ac   0x00000050   Code   RO         1030    i.shellExecute      shell.o
    0x080068fc   0x080068fc   0x0000003c   Code   RO         1425    i.shellExtParseChar  shell_ext.o
    0x08006938   0x08006938   0x00000112   Code   RO         1426    i.shellExtParseNumber  shell_ext.o
    0x08006a4a   0x08006a4a   0x000000a0   Code   RO         1427    i.shellExtParsePara  shell_ext.o
    0x08006aea   0x08006aea   0x000000c6   Code   RO         1428    i.shellExtRun       shell_ext.o
    0x08006bb0   0x08006bb0   0x00000004   Code   RO         1031    i.shellGetCommandDesc  shell.o
    0x08006bb4   0x08006bb4   0x00000038   Code   RO         1032    i.shellGetCommandName  shell.o
    0x08006bec   0x08006bec   0x00000028   Code   RO         1033    i.shellGetCurrent   shell.o
    0x08006c14   0x08006c14   0x0000003e   Code   RO         1034    i.shellGetVarValue  shell.o
    0x08006c52   0x08006c52   0x00000002   PAD
    0x08006c54   0x08006c54   0x0000011c   Code   RO         1035    i.shellHandler      shell.o
    0x08006d70   0x08006d70   0x00000028   Code   RO         1036    i.shellHelp         shell.o
    0x08006d98   0x08006d98   0x00000098   Code   RO         1037    i.shellHistory      shell.o
    0x08006e30   0x08006e30   0x00000068   Code   RO         1038    i.shellHistoryAdd   shell.o
    0x08006e98   0x08006e98   0x0000009c   Code   RO         1039    i.shellInit         shell.o
    0x08006f34   0x08006f34   0x000000dc   Code   RO         1040    i.shellInsertByte   shell.o
    0x08007010   0x08007010   0x00000014   Code   RO         1041    i.shellKeys         shell.o
    0x08007024   0x08007024   0x00000020   Code   RO         1042    i.shellLeft         shell.o
    0x08007044   0x08007044   0x00000012   Code   RO         1043    i.shellListAll      shell.o
    0x08007056   0x08007056   0x00000002   PAD
    0x08007058   0x08007058   0x0000004c   Code   RO         1044    i.shellListCommand  shell.o
    0x080070a4   0x080070a4   0x000000f4   Code   RO         1045    i.shellListItem     shell.o
    0x08007198   0x08007198   0x00000050   Code   RO         1046    i.shellListKey      shell.o
    0x080071e8   0x080071e8   0x00000050   Code   RO         1047    i.shellListUser     shell.o
    0x08007238   0x08007238   0x00000050   Code   RO         1048    i.shellListVar      shell.o
    0x08007288   0x08007288   0x00000010   Code   RO         1049    i.shellNormalInput  shell.o
    0x08007298   0x08007298   0x00000078   Code   RO         1050    i.shellParserParam  shell.o
    0x08007310   0x08007310   0x00000034   Code   RO         1051    i.shellPrint        shell.o
    0x08007344   0x08007344   0x00000020   Code   RO         1052    i.shellRight        shell.o
    0x08007364   0x08007364   0x000000b8   Code   RO         1054    i.shellRunCommand   shell.o
    0x0800741c   0x0800741c   0x0000006e   Code   RO         1055    i.shellSeekCommand  shell.o
    0x0800748a   0x0800748a   0x00000002   PAD
    0x0800748c   0x0800748c   0x00000060   Code   RO         1056    i.shellSetUser      shell.o
    0x080074ec   0x080074ec   0x00000058   Code   RO         1057    i.shellSetVar       shell.o
    0x08007544   0x08007544   0x00000070   Code   RO         1058    i.shellSetVarValue  shell.o
    0x080075b4   0x080075b4   0x000000b0   Code   RO         1059    i.shellShowVar      shell.o
    0x08007664   0x08007664   0x00000024   Code   RO         1060    i.shellStringCompare  shell.o
    0x08007688   0x08007688   0x00000018   Code   RO         1061    i.shellStringCopy   shell.o
    0x080076a0   0x080076a0   0x00000148   Code   RO         1062    i.shellTab          shell.o
    0x080077e8   0x080077e8   0x00000024   Code   RO         1063    i.shellTask         shell.o
    0x0800780c   0x0800780c   0x0000004c   Code   RO         1064    i.shellToDec        shell.o
    0x08007858   0x08007858   0x0000002a   Code   RO         1065    i.shellToHex        shell.o
    0x08007882   0x08007882   0x00000006   Code   RO         1066    i.shellUp           shell.o
    0x08007888   0x08007888   0x00000014   Code   RO         1067    i.shellUsers        shell.o
    0x0800789c   0x0800789c   0x00000014   Code   RO         1068    i.shellVars         shell.o
    0x080078b0   0x080078b0   0x00000058   Code   RO         1069    i.shellWriteCommandHelp  shell.o
    0x08007908   0x08007908   0x0000005c   Code   RO         1071    i.shellWritePrompt  shell.o
    0x08007964   0x08007964   0x00000080   Code   RO         1072    i.shellWriteReturnValue  shell.o
    0x080079e4   0x080079e4   0x00000026   Code   RO         1073    i.shellWriteString  shell.o
    0x08007a0a   0x08007a0a   0x00000002   PAD
    0x08007a0c   0x08007a0c   0x00000018   Code   RO         1459    i.userShellLock     shell_port.o
    0x08007a24   0x08007a24   0x00000014   Code   RO         1460    i.userShellUnlock   shell_port.o
    0x08007a38   0x08007a38   0x00000026   Code   RO         4946    i.uxListRemove      list.o
    0x08007a5e   0x08007a5e   0x00000002   PAD
    0x08007a60   0x08007a60   0x00000014   Code   RO          446    i.vApplicationGetIdleTaskMemory  freertos.o
    0x08007a74   0x08007a74   0x00000014   Code   RO          447    i.vApplicationGetTimerTaskMemory  freertos.o
    0x08007a88   0x08007a88   0x00000028   Code   RO          448    i.vApplicationStackOverflowHook  freertos.o
    0x08007ab0   0x08007ab0   0x00000016   Code   RO         4947    i.vListInitialise   list.o
    0x08007ac6   0x08007ac6   0x00000006   Code   RO         4948    i.vListInitialiseItem  list.o
    0x08007acc   0x08007acc   0x00000030   Code   RO         4949    i.vListInsert       list.o
    0x08007afc   0x08007afc   0x00000018   Code   RO         4950    i.vListInsertEnd    list.o
    0x08007b14   0x08007b14   0x00000040   Code   RO         6146    i.vPortEnterCritical  port.o
    0x08007b54   0x08007b54   0x00000028   Code   RO         6147    i.vPortExitCritical  port.o
    0x08007b7c   0x08007b7c   0x0000005c   Code   RO         6095    i.vPortFree         heap_4.o
    0x08007bd8   0x08007bd8   0x00000024   Code   RO         6148    i.vPortSetupTimerInterrupt  port.o
    0x08007bfc   0x08007bfc   0x00000054   Code   RO         6149    i.vPortValidateInterruptPriority  port.o
    0x08007c50   0x08007c50   0x00000028   Code   RO         4995    i.vQueueAddToRegistry  queue.o
    0x08007c78   0x08007c78   0x00000044   Code   RO         4998    i.vQueueWaitForMessageRestricted  queue.o
    0x08007cbc   0x08007cbc   0x0000004c   Code   RO         5308    i.vTaskDelay        tasks.o
    0x08007d08   0x08007d08   0x00000010   Code   RO         5311    i.vTaskInternalSetTimeOutState  tasks.o
    0x08007d18   0x08007d18   0x0000000c   Code   RO         5312    i.vTaskMissedYield  tasks.o
    0x08007d24   0x08007d24   0x00000030   Code   RO         5314    i.vTaskPlaceOnEventList  tasks.o
    0x08007d54   0x08007d54   0x00000038   Code   RO         5315    i.vTaskPlaceOnEventListRestricted  tasks.o
    0x08007d8c   0x08007d8c   0x000000a8   Code   RO         5317    i.vTaskPriorityDisinheritAfterTimeout  tasks.o
    0x08007e34   0x08007e34   0x00000088   Code   RO         5322    i.vTaskStartScheduler  tasks.o
    0x08007ebc   0x08007ebc   0x00000010   Code   RO         5324    i.vTaskSuspendAll   tasks.o
    0x08007ecc   0x08007ecc   0x00000088   Code   RO         5325    i.vTaskSwitchContext  tasks.o
    0x08007f54   0x08007f54   0x000000a8   Code   RO         6150    i.xPortStartScheduler  port.o
    0x08007ffc   0x08007ffc   0x00000016   Code   RO         4999    i.xQueueCreateMutex  queue.o
    0x08008012   0x08008012   0x0000001a   Code   RO         5000    i.xQueueCreateMutexStatic  queue.o
    0x0800802c   0x0800802c   0x00000048   Code   RO         5001    i.xQueueGenericCreate  queue.o
    0x08008074   0x08008074   0x00000066   Code   RO         5002    i.xQueueGenericCreateStatic  queue.o
    0x080080da   0x080080da   0x00000002   PAD
    0x080080dc   0x080080dc   0x00000088   Code   RO         5003    i.xQueueGenericReset  queue.o
    0x08008164   0x08008164   0x00000160   Code   RO         5004    i.xQueueGenericSend  queue.o
    0x080082c4   0x080082c4   0x000000bc   Code   RO         5005    i.xQueueGenericSendFromISR  queue.o
    0x08008380   0x08008380   0x0000009c   Code   RO         5006    i.xQueueGiveFromISR  queue.o
    0x0800841c   0x0800841c   0x00000138   Code   RO         5011    i.xQueueReceive     queue.o
    0x08008554   0x08008554   0x0000009a   Code   RO         5012    i.xQueueReceiveFromISR  queue.o
    0x080085ee   0x080085ee   0x00000002   PAD
    0x080085f0   0x080085f0   0x00000178   Code   RO         5013    i.xQueueSemaphoreTake  queue.o
    0x08008768   0x08008768   0x00000074   Code   RO         5326    i.xTaskCheckForTimeOut  tasks.o
    0x080087dc   0x080087dc   0x0000005a   Code   RO         5327    i.xTaskCreate       tasks.o
    0x08008836   0x08008836   0x00000056   Code   RO         5328    i.xTaskCreateStatic  tasks.o
    0x0800888c   0x0800888c   0x0000001c   Code   RO         5332    i.xTaskGetSchedulerState  tasks.o
    0x080088a8   0x080088a8   0x0000000c   Code   RO         5333    i.xTaskGetTickCount  tasks.o
    0x080088b4   0x080088b4   0x000000c8   Code   RO         5335    i.xTaskIncrementTick  tasks.o
    0x0800897c   0x0800897c   0x00000098   Code   RO         5338    i.xTaskPriorityDisinherit  tasks.o
    0x08008a14   0x08008a14   0x00000094   Code   RO         5339    i.xTaskPriorityInherit  tasks.o
    0x08008aa8   0x08008aa8   0x00000074   Code   RO         5340    i.xTaskRemoveFromEventList  tasks.o
    0x08008b1c   0x08008b1c   0x000000c4   Code   RO         5341    i.xTaskResumeAll    tasks.o
    0x08008be0   0x08008be0   0x00000034   Code   RO         5604    i.xTimerCreate      timers.o
    0x08008c14   0x08008c14   0x0000002e   Code   RO         5605    i.xTimerCreateStatic  timers.o
    0x08008c42   0x08008c42   0x00000002   PAD
    0x08008c44   0x08008c44   0x00000060   Code   RO         5606    i.xTimerCreateTimerTask  timers.o
    0x08008ca4   0x08008ca4   0x00000060   Code   RO         5607    i.xTimerGenericCommand  timers.o
    0x08008d04   0x08008d04   0x0000002c   Code   RO         6631    locale$$code        c_w.l(lc_numeric_c.o)
    0x08008d30   0x08008d30   0x0000002c   Code   RO         6667    locale$$code        c_w.l(lc_ctype_c.o)
    0x08008d5c   0x08008d5c   0x00000010   Code   RO         6465    x$fpl$dcheck1       fz_ws.l(dcheck1.o)
    0x08008d6c   0x08008d6c   0x000002b0   Code   RO         6307    x$fpl$ddiv          fz_ws.l(ddiv.o)
    0x0800901c   0x0800901c   0x0000005e   Code   RO         6310    x$fpl$dfix          fz_ws.l(dfix.o)
    0x0800907a   0x0800907a   0x00000002   PAD
    0x0800907c   0x0800907c   0x0000005a   Code   RO         6314    x$fpl$dfixu         fz_ws.l(dfixu.o)
    0x080090d6   0x080090d6   0x00000026   Code   RO         6318    x$fpl$dfltu         fz_ws.l(dflt_clz.o)
    0x080090fc   0x080090fc   0x0000009c   Code   RO         6467    x$fpl$dnaninf       fz_ws.l(dnaninf.o)
    0x08009198   0x08009198   0x0000000c   Code   RO         6469    x$fpl$dretinf       fz_ws.l(dretinf.o)
    0x080091a4   0x080091a4   0x00000184   Code   RO         6325    x$fpl$fdiv          fz_ws.l(fdiv.o)
    0x08009328   0x08009328   0x0000003e   Code   RO         6328    x$fpl$ffixu         fz_ws.l(ffixu.o)
    0x08009366   0x08009366   0x00000002   PAD
    0x08009368   0x08009368   0x00000030   Code   RO         6333    x$fpl$fflt          fz_ws.l(fflt_clz.o)
    0x08009398   0x08009398   0x00000026   Code   RO         6332    x$fpl$ffltu         fz_ws.l(fflt_clz.o)
    0x080093be   0x080093be   0x00000002   PAD
    0x080093c0   0x080093c0   0x00000102   Code   RO         6338    x$fpl$fmul          fz_ws.l(fmul.o)
    0x080094c2   0x080094c2   0x0000008c   Code   RO         6471    x$fpl$fnaninf       fz_ws.l(fnaninf.o)
    0x0800954e   0x0800954e   0x0000000a   Code   RO         6473    x$fpl$fretinf       fz_ws.l(fretinf.o)
    0x08009558   0x08009558   0x00000004   Code   RO         6475    x$fpl$printf1       fz_ws.l(printf1.o)
    0x0800955c   0x0800955c   0x00000004   Code   RO         6477    x$fpl$printf2       fz_ws.l(printf2.o)
    0x08009560   0x08009560   0x00000064   Code   RO         6584    x$fpl$retnan        fz_ws.l(retnan.o)
    0x080095c4   0x080095c4   0x0000005c   Code   RO         6340    x$fpl$scalbn        fz_ws.l(scalbn.o)
    0x08009620   0x08009620   0x00000030   Code   RO         6651    x$fpl$trapveneer    fz_ws.l(trapv.o)
    0x08009650   0x08009650   0x00000000   Code   RO         6483    x$fpl$usenofp       fz_ws.l(usenofp.o)
    0x08009650   0x08009650   0x00000078   Data   RO          450    .constdata          freertos.o
    0x080096c8   0x080096c8   0x00000170   Data   RO          954    .constdata          at.o
    0x08009838   0x08009838   0x00000003   Data   RO          955    .constdata          at.o
    0x0800983b   0x0800983b   0x00000007   Data   RO          956    .constdata          at.o
    0x08009842   0x08009842   0x0000000c   Data   RO          957    .constdata          at.o
    0x0800984e   0x0800984e   0x00000004   Data   RO          958    .constdata          at.o
    0x08009852   0x08009852   0x00000004   Data   RO         1075    .constdata          shell.o
    0x08009856   0x08009856   0x00000005   Data   RO         1076    .constdata          shell.o
    0x0800985b   0x0800985b   0x0000000d   Data   RO         1077    .constdata          shell.o
    0x08009868   0x08009868   0x00000007   Data   RO         1078    .constdata          shell.o
    0x0800986f   0x0800986f   0x00000008   Data   RO         1079    .constdata          shell.o
    0x08009877   0x08009877   0x00000003   Data   RO         1080    .constdata          shell.o
    0x0800987a   0x0800987a   0x00000005   Data   RO         1081    .constdata          shell.o
    0x0800987f   0x0800987f   0x00000006   Data   RO         1082    .constdata          shell.o
    0x08009885   0x08009885   0x00000005   Data   RO         1083    .constdata          shell.o
    0x0800988a   0x0800988a   0x00000004   Data   RO         1084    .constdata          shell.o
    0x0800988e   0x0800988e   0x0000000a   Data   RO         1085    .constdata          shell.o
    0x08009898   0x08009898   0x0000000a   Data   RO         1086    .constdata          shell.o
    0x080098a2   0x080098a2   0x00000007   Data   RO         1087    .constdata          shell.o
    0x080098a9   0x080098a9   0x00000006   Data   RO         1088    .constdata          shell.o
    0x080098af   0x080098af   0x00000006   Data   RO         1089    .constdata          shell.o
    0x080098b5   0x080098b5   0x00000005   Data   RO         1090    .constdata          shell.o
    0x080098ba   0x080098ba   0x0000001d   Data   RO         1091    .constdata          shell.o
    0x080098d7   0x080098d7   0x00000006   Data   RO         1092    .constdata          shell.o
    0x080098dd   0x080098dd   0x0000000e   Data   RO         1093    .constdata          shell.o
    0x080098eb   0x080098eb   0x00000005   Data   RO         1094    .constdata          shell.o
    0x080098f0   0x080098f0   0x0000000d   Data   RO         1095    .constdata          shell.o
    0x080098fd   0x080098fd   0x00000005   Data   RO         1096    .constdata          shell.o
    0x08009902   0x08009902   0x0000000d   Data   RO         1097    .constdata          shell.o
    0x0800990f   0x0800990f   0x00000005   Data   RO         1098    .constdata          shell.o
    0x08009914   0x08009914   0x0000000d   Data   RO         1099    .constdata          shell.o
    0x08009921   0x08009921   0x00000006   Data   RO         1100    .constdata          shell.o
    0x08009927   0x08009927   0x0000000e   Data   RO         1101    .constdata          shell.o
    0x08009935   0x08009935   0x00000005   Data   RO         1102    .constdata          shell.o
    0x0800993a   0x0800993a   0x0000001b   Data   RO         1103    .constdata          shell.o
    0x08009955   0x08009955   0x00000003   PAD
    0x08009958   0x08009958   0x00000010   Data   RO         1104    .constdata          shell.o
    0x08009968   0x08009968   0x00000200   Data   RO         1510    .constdata          mdcrc16.o
    0x08009b68   0x08009b68   0x00000010   Data   RO         4815    .constdata          system_stm32f1xx.o
    0x08009b78   0x08009b78   0x00000008   Data   RO         4816    .constdata          system_stm32f1xx.o
    0x08009b80   0x08009b80   0x00000008   Data   RO         6391    .constdata          c_w.l(_printf_wctomb.o)
    0x08009b88   0x08009b88   0x00000028   Data   RO         6420    .constdata          c_w.l(_printf_hex_int_ll_ptr.o)
    0x08009bb0   0x08009bb0   0x00000011   Data   RO         6440    .constdata          c_w.l(__printf_flags_ss_wp.o)
    0x08009bc1   0x08009bc1   0x00000026   Data   RO         6519    .constdata          c_w.l(_printf_fp_hex.o)
    0x08009be7   0x08009be7   0x00000001   PAD
    0x08009be8   0x08009be8   0x00000094   Data   RO         6606    .constdata          c_w.l(bigflt0.o)
    0x08009c7c   0x08009c7c   0x00000022   Data   RO          451    .conststring        freertos.o
    0x08009c9e   0x08009c9e   0x00000002   PAD
    0x08009ca0   0x08009ca0   0x00000728   Data   RO          959    .conststring        at.o
    0x0800a3c8   0x0800a3c8   0x000002b9   Data   RO         1105    .conststring        shell.o
    0x0800a681   0x0800a681   0x00000003   PAD
    0x0800a684   0x0800a684   0x00000020   Data   RO         6723    Region$$Table       anon$$obj.o
    0x0800a6a4   0x0800a6a4   0x0000001c   Data   RO         6630    locale$$data        c_w.l(lc_numeric_c.o)
    0x0800a6c0   0x0800a6c0   0x00000110   Data   RO         6666    locale$$data        c_w.l(lc_ctype_c.o)
    0x0800a7d0   0x0800a7d0   0x00000020   Data   RO          961    shellCommand        at.o
    0x0800a7f0   0x0800a7f0   0x00000130   Data   RO         1107    shellCommand        shell.o


    Execution Region RW_IRAM1 (Exec base: 0x20000000, Load base: 0x0800a920, Size: 0x00004c48, Max: 0x00005000, ABSOLUTE, COMPRESSED[0x000000c8])

    Exec Addr    Load Addr    Size         Type   Attr      Idx    E Section Name        Object

    0x20000000   COMPRESSED   0x00000001   Data   RW          355    .data               main.o
    0x20000001   COMPRESSED   0x00000003   PAD
    0x20000004   COMPRESSED   0x00000024   Data   RW          452    .data               freertos.o
    0x20000028   COMPRESSED   0x00000088   Data   RW          960    .data               at.o
    0x200000b0   COMPRESSED   0x00000058   Data   RW         1106    .data               shell.o
    0x20000108   COMPRESSED   0x00000010   Data   RW         1585    .data               mdregpool.o
    0x20000118   COMPRESSED   0x00000004   Data   RW         1733    .data               mdrtuslave.o
    0x2000011c   COMPRESSED   0x0000000c   Data   RW         2181    .data               stm32f1xx_hal.o
    0x20000128   COMPRESSED   0x00000004   Data   RW         4817    .data               system_stm32f1xx.o
    0x2000012c   COMPRESSED   0x0000003c   Data   RW         5344    .data               tasks.o
    0x20000168   COMPRESSED   0x00000014   Data   RW         5613    .data               timers.o
    0x2000017c   COMPRESSED   0x00000018   Data   RW         6100    .data               heap_4.o
    0x20000194   COMPRESSED   0x0000000c   Data   RW         6151    .data               port.o
    0x200001a0        -       0x00000034   Zero   RW          294    .bss                io_uart.o
    0x200001d4        -       0x000003a8   Zero   RW          449    .bss                freertos.o
    0x2000057c        -       0x000000b4   Zero   RW          534    .bss                adc.o
    0x20000630        -       0x0000000c   Zero   RW          603    .bss                iwdg.o
    0x2000063c        -       0x00000058   Zero   RW          635    .bss                spi.o
    0x20000694        -       0x00000090   Zero   RW          678    .bss                tim.o
    0x20000724        -       0x000000cc   Zero   RW          726    .bss                usart.o
    0x200007f0        -       0x00000048   Zero   RW          910    .bss                stm32f1xx_hal_timebase_tim.o
    0x20000838        -       0x0000009d   Zero   RW         1074    .bss                shell.o
    0x200008d5   COMPRESSED   0x00000003   PAD
    0x200008d8        -       0x00000074   Zero   RW         1461    .bss                shell_port.o
    0x2000094c        -       0x00000080   Zero   RW         1462    .bss                shell_port.o
    0x200009cc        -       0x00000040   Zero   RW         5014    .bss                queue.o
    0x20000a0c        -       0x000000f0   Zero   RW         5343    .bss                tasks.o
    0x20000afc        -       0x000000e8   Zero   RW         5612    .bss                timers.o
    0x20000be4        -       0x00003800   Zero   RW         6099    .bss                heap_4.o
    0x200043e4        -       0x00000060   Zero   RW         6485    .bss                c_w.l(libspace.o)
    0x20004444   COMPRESSED   0x00000004   PAD
    0x20004448        -       0x00000000   Zero   RW            2    HEAP                startup_stm32f103xb.o
    0x20004448        -       0x00000800   Zero   RW            1    STACK               startup_stm32f103xb.o


==============================================================================

Image component sizes


      Code (inc. data)   RO Data    RW Data    ZI Data      Debug   Object Name

       244         30          0          0        180       1970   adc.o
      1236        244       2258        136          0       8151   at.o
       554         18          0          0          0      32660   cmsis_os.o
        76          4          0          0          0        834   dma.o
         0          0          0          0          0      16776   event_groups.o
       484         86        154         36        936       8190   freertos.o
       276         18          0          0          0       1075   gpio.o
       460         24          0         24      14336       4851   heap_4.o
        68          8          0          0          0     460236   io_signal.o
       588         48          0          0         52       6400   io_uart.o
        44          8          0          0         12        767   iwdg.o
         0          0          0          0          0      31056   l101.o
       138          0          0          0          0       3574   list.o
       744         42          0          1          0       4758   main.o
        44          6        512          0          0       1358   mdcrc16.o
        46          0          0          0          0       3055   mdrecbuffer.o
      1440        108          0         16          0      20891   mdregpool.o
      1602         80          0          4          0      15930   mdrtuslave.o
       662         70          0         12          0      11529   port.o
      2328         24          0          0         64      22377   queue.o
      4318        240       1276         88        157      47410   shell.o
       692          8          0          0          0       5226   shell_ext.o
       152         42          0          0        244       3893   shell_port.o
       168         24          0          0         88       1753   spi.o
        60         22        236          0       2048        840   startup_stm32f103xb.o
        64         14          0         12          0       4822   stm32f1xx_hal.o
      1134         56          0          0          0       8890   stm32f1xx_hal_adc.o
       192         14          0          0          0      29028   stm32f1xx_hal_cortex.o
       808         36          0          0          0       5198   stm32f1xx_hal_dma.o
       524         40          0          0          0       4254   stm32f1xx_hal_gpio.o
       102          0          0          0          0       1923   stm32f1xx_hal_iwdg.o
        72         10          0          0          0        930   stm32f1xx_hal_msp.o
      1336        110          0          0          0       6029   stm32f1xx_hal_rcc.o
       236         12          0          0          0       1444   stm32f1xx_hal_rcc_ex.o
       178          0          0          0          0       1291   stm32f1xx_hal_spi.o
      1020         26          0          0          0      10676   stm32f1xx_hal_tim.o
       108         12          0          0          0       2489   stm32f1xx_hal_tim_ex.o
       116         18          0          0         72       1507   stm32f1xx_hal_timebase_tim.o
      1698         38          0          0          0      15759   stm32f1xx_hal_uart.o
       188         54          0          0          0       7364   stm32f1xx_it.o
         2          0         24          4          0       1203   system_stm32f1xx.o
      2488        182          0         60        240      26521   tasks.o
       308         34          0          0        144       2503   tim.o
      1054         78          0         20        232      29779   timers.o
       308         36          0          0        204       2608   usart.o

    ----------------------------------------------------------------------
     28438       1924       4500        416      19012     879778   Object Totals
         0          0         32          0          0          0   (incl. Generated)
        78          0          8          3          3          0   (incl. Padding)

    ----------------------------------------------------------------------

      Code (inc. data)   RO Data    RW Data    ZI Data      Debug   Library Member Name

        90          0          0          0          0          0   __dczerorl2.o
         8          0          0          0          0         68   __main.o
       392          4         17          0          0         92   __printf_flags_ss_wp.o
        14          0          0          0          0         68   __printf_wp.o
         0          0          0          0          0          0   __rtentry.o
        12          0          0          0          0          0   __rtentry2.o
         6          0          0          0          0          0   __rtentry4.o
        52          8          0          0          0          0   __scatter.o
        28          0          0          0          0          0   __scatter_zi.o
         6          0          0          0          0          0   _printf_a.o
         6          0          0          0          0          0   _printf_c.o
        44          0          0          0          0        108   _printf_char.o
        48          6          0          0          0         96   _printf_char_common.o
        40          0          0          0          0         68   _printf_charcount.o
         6          0          0          0          0          0   _printf_d.o
       120         16          0          0          0         92   _printf_dec.o
         6          0          0          0          0          0   _printf_e.o
         6          0          0          0          0          0   _printf_f.o
      1054          0          0          0          0        216   _printf_fp_dec.o
       764          8         38          0          0        100   _printf_fp_hex.o
       128         16          0          0          0         84   _printf_fp_infnan.o
         6          0          0          0          0          0   _printf_g.o
       148          4         40          0          0        160   _printf_hex_int_ll_ptr.o
         6          0          0          0          0          0   _printf_i.o
       178          0          0          0          0         88   _printf_intcommon.o
        10          0          0          0          0          0   _printf_l.o
         6          0          0          0          0          0   _printf_lc.o
        10          0          0          0          0          0   _printf_ll.o
         6          0          0          0          0          0   _printf_lld.o
         6          0          0          0          0          0   _printf_lli.o
         6          0          0          0          0          0   _printf_llo.o
         6          0          0          0          0          0   _printf_llu.o
         6          0          0          0          0          0   _printf_llx.o
       124         16          0          0          0         92   _printf_longlong_dec.o
         6          0          0          0          0          0   _printf_ls.o
         6          0          0          0          0          0   _printf_n.o
         6          0          0          0          0          0   _printf_o.o
       112         10          0          0          0        124   _printf_oct_int_ll.o
         6          0          0          0          0          0   _printf_p.o
        78          0          0          0          0        108   _printf_pad.o
         0          0          0          0          0          0   _printf_percent.o
         4          0          0          0          0          0   _printf_percent_end.o
         6          0          0          0          0          0   _printf_s.o
        82          0          0          0          0         80   _printf_str.o
        36          0          0          0          0         84   _printf_truncate.o
         6          0          0          0          0          0   _printf_u.o
        44          0          0          0          0        108   _printf_wchar.o
       188          6          8          0          0         92   _printf_wctomb.o
         6          0          0          0          0          0   _printf_x.o
        16          0          0          0          0         68   _snputc.o
        10          0          0          0          0         68   _sputc.o
        64          0          0          0          0         92   _wcrtomb.o
        16          0          0          0          0         68   aeabi_memset.o
       228          4        148          0          0         96   bigflt0.o
      1936        128          0          0          0        672   btod.o
        18          0          0          0          0         80   exit.o
         6          0          0          0          0        152   heapauxi.o
         0          0          0          0          0          0   indicate_semi.o
        44         10        272          0          0         76   lc_ctype_c.o
        44         10         28          0          0         76   lc_numeric_c.o
         2          0          0          0          0          0   libinit.o
        30          0          0          0          0          0   libinit2.o
         2          0          0          0          0          0   libshutdown.o
         2          0          0          0          0          0   libshutdown2.o
         8          4          0          0         96         68   libspace.o
       138          0          0          0          0         80   lludiv10.o
        16          4          0          0          0         76   rt_ctype_table.o
         8          4          0          0          0         68   rt_locale_intlibspace.o
        68          0          0          0          0         68   rt_memclr.o
        78          0          0          0          0         80   rt_memclr_w.o
       138          0          0          0          0         68   rt_memcpy_v6.o
       100          0          0          0          0         80   rt_memcpy_w.o
         2          0          0          0          0          0   rtexit.o
        10          0          0          0          0          0   rtexit2.o
        24          0          0          0          0         68   strcat.o
       128          0          0          0          0         68   strcmpv7m.o
        62          0          0          0          0         76   strlen.o
       150          0          0          0          0         80   strncmp.o
        36          0          0          0          0         80   strstr.o
        12          4          0          0          0         68   sys_exit.o
        74          0          0          0          0         80   sys_stackheap_outer.o
         2          0          0          0          0         68   use_no_semi.o
        52          4          0          0          0         80   vsnprintf.o
        16          4          0          0          0         68   dcheck1.o
       688        140          0          0          0        208   ddiv.o
        94          4          0          0          0         92   dfix.o
        90          4          0          0          0         92   dfixu.o
        38          0          0          0          0         68   dflt_clz.o
       156          4          0          0          0         92   dnaninf.o
        12          0          0          0          0         68   dretinf.o
       388         76          0          0          0         96   fdiv.o
        62          4          0          0          0         84   ffixu.o
        86          0          0          0          0        136   fflt_clz.o
       258          4          0          0          0         84   fmul.o
       140          4          0          0          0         84   fnaninf.o
        10          0          0          0          0         68   fretinf.o
         4          0          0          0          0         68   printf1.o
         4          0          0          0          0         68   printf2.o
       100          0          0          0          0         68   retnan.o
        92          0          0          0          0         68   scalbn.o
        48          0          0          0          0         68   trapv.o
         0          0          0          0          0          0   usenofp.o
        40          0          0          0          0         68   fpclassify.o

    ----------------------------------------------------------------------
      9806        510        552          0        100       6280   Library Totals
        22          0          1          0          4          0   (incl. Padding)

    ----------------------------------------------------------------------

      Code (inc. data)   RO Data    RW Data    ZI Data      Debug   Library Name

      7458        266        551          0         96       4632   c_w.l
      2286        244          0          0          0       1580   fz_ws.l
        40          0          0          0          0         68   m_ws.l

    ----------------------------------------------------------------------
      9806        510        552          0        100       6280   Library Totals

    ----------------------------------------------------------------------

==============================================================================


      Code (inc. data)   RO Data    RW Data    ZI Data      Debug   

     38244       2434       5052        416      19112     865306   Grand Totals
     38244       2434       5052        200      19112     865306   ELF Image Totals (compressed)
     38244       2434       5052        200          0          0   ROM Totals

==============================================================================

    Total RO  Size (Code + RO Data)                43296 (  42.28kB)
    Total RW  Size (RW Data + ZI Data)             19528 (  19.07kB)
    Total ROM Size (Code + RO Data + RW Data)      43496 (  42.48kB)

==============================================================================

